Archive member included to satisfy reference by file (symbol)

app/libapp.a(main.c.obj)      (--whole-archive)
zephyr/libzephyr.a(validate_libc.c.obj)
                              (--whole-archive)
zephyr/libzephyr.a(heap.c.obj)
                              (--whole-archive)
zephyr/libzephyr.a(cbprintf_packaged.c.obj)
                              (--whole-archive)
zephyr/libzephyr.a(clock.c.obj)
                              (--whole-archive)
zephyr/libzephyr.a(printk.c.obj)
                              (--whole-archive)
zephyr/libzephyr.a(sem.c.obj)
                              (--whole-archive)
zephyr/libzephyr.a(thread_entry.c.obj)
                              (--whole-archive)
zephyr/libzephyr.a(cbprintf_complete.c.obj)
                              (--whole-archive)
zephyr/libzephyr.a(cbprintf.c.obj)
                              (--whole-archive)
zephyr/libzephyr.a(assert.c.obj)
                              (--whole-archive)
zephyr/libzephyr.a(mpsc_pbuf.c.obj)
                              (--whole-archive)
zephyr/libzephyr.a(dec.c.obj)
                              (--whole-archive)
zephyr/libzephyr.a(hex.c.obj)
                              (--whole-archive)
zephyr/libzephyr.a(rb.c.obj)  (--whole-archive)
zephyr/libzephyr.a(timeutil.c.obj)
                              (--whole-archive)
zephyr/libzephyr.a(bitarray.c.obj)
                              (--whole-archive)
zephyr/libzephyr.a(bitmask.c.obj)
                              (--whole-archive)
zephyr/libzephyr.a(getopt.c.obj)
                              (--whole-archive)
zephyr/libzephyr.a(getopt_common.c.obj)
                              (--whole-archive)
zephyr/libzephyr.a(ring_buffer.c.obj)
                              (--whole-archive)
zephyr/libzephyr.a(last_section_id.c.obj)
                              (--whole-archive)
zephyr/libzephyr.a(configs.c.obj)
                              (--whole-archive)
zephyr/libzephyr.a(stm32cube_hal.c.obj)
                              (--whole-archive)
zephyr/libzephyr.a(soc_config.c.obj)
                              (--whole-archive)
zephyr/libzephyr.a(stm32_backup_domain.c.obj)
                              (--whole-archive)
zephyr/libzephyr.a(soc.c.obj)
                              (--whole-archive)
zephyr/libzephyr.a(log_core.c.obj)
                              (--whole-archive)
zephyr/libzephyr.a(log_mgmt.c.obj)
                              (--whole-archive)
zephyr/libzephyr.a(log_cache.c.obj)
                              (--whole-archive)
zephyr/libzephyr.a(log_msg.c.obj)
                              (--whole-archive)
zephyr/libzephyr.a(log_output.c.obj)
                              (--whole-archive)
zephyr/libzephyr.a(log_backend_uart.c.obj)
                              (--whole-archive)
zephyr/libzephyr.a(mem_attr.c.obj)
                              (--whole-archive)
zephyr/libzephyr.a(tracing_none.c.obj)
                              (--whole-archive)
zephyr/arch/common/libarch__common.a(sw_isr_common.c.obj)
                              (--whole-archive)
zephyr/arch/common/libarch__common.a(init.c.obj)
                              (--whole-archive)
zephyr/arch/common/libarch__common.a(xip.c.obj)
                              (--whole-archive)
zephyr/arch/arch/arm/core/libarch__arm__core.a(fatal.c.obj)
                              (--whole-archive)
zephyr/arch/arch/arm/core/libarch__arm__core.a(nmi.c.obj)
                              (--whole-archive)
zephyr/arch/arch/arm/core/libarch__arm__core.a(nmi_on_reset.S.obj)
                              (--whole-archive)
zephyr/arch/arch/arm/core/cortex_m/libarch__arm__core__cortex_m.a(exc_exit.c.obj)
                              (--whole-archive)
zephyr/arch/arch/arm/core/cortex_m/libarch__arm__core__cortex_m.a(fault.c.obj)
                              (--whole-archive)
zephyr/arch/arch/arm/core/cortex_m/libarch__arm__core__cortex_m.a(fault_s.S.obj)
                              (--whole-archive)
zephyr/arch/arch/arm/core/cortex_m/libarch__arm__core__cortex_m.a(fpu.c.obj)
                              (--whole-archive)
zephyr/arch/arch/arm/core/cortex_m/libarch__arm__core__cortex_m.a(reset.S.obj)
                              (--whole-archive)
zephyr/arch/arch/arm/core/cortex_m/libarch__arm__core__cortex_m.a(scb.c.obj)
                              (--whole-archive)
zephyr/arch/arch/arm/core/cortex_m/libarch__arm__core__cortex_m.a(thread_abort.c.obj)
                              (--whole-archive)
zephyr/arch/arch/arm/core/cortex_m/libarch__arm__core__cortex_m.a(vector_table.S.obj)
                              (--whole-archive)
zephyr/arch/arch/arm/core/cortex_m/libarch__arm__core__cortex_m.a(swap_helper.S.obj)
                              (--whole-archive)
zephyr/arch/arch/arm/core/cortex_m/libarch__arm__core__cortex_m.a(irq_manage.c.obj)
                              (--whole-archive)
zephyr/arch/arch/arm/core/cortex_m/libarch__arm__core__cortex_m.a(prep_c.c.obj)
                              (--whole-archive)
[...]
Memory Configuration

Name             Origin             Length             Attributes
FLASH            0x0000000008000000 0x0000000000040000 xr
RAM              0x0000000020000000 0x0000000000010000 xw
SRAM0            0x0000000020000000 0x0000000000010000 rw
IDT_LIST         0x00000000ffff7fff 0x0000000000008000 xw
*default*        0x0000000000000000 0xffffffffffffffff

Linker script and memory map

LOAD zephyr/CMakeFiles/zephyr_final.dir/misc/empty_file.c.obj
LOAD zephyr/CMakeFiles/zephyr_final.dir/isr_tables.c.obj
LOAD zephyr/CMakeFiles/offsets.dir/./arch/arm/core/offsets/offsets.c.obj
LOAD app/libapp.a
LOAD zephyr/libzephyr.a
LOAD zephyr/arch/common/libarch__common.a
LOAD zephyr/arch/arch/arm/core/libarch__arm__core.a
LOAD zephyr/arch/arch/arm/core/cortex_m/libarch__arm__core__cortex_m.a
LOAD zephyr/arch/arch/arm/core/mpu/libarch__arm__core__mpu.a
LOAD zephyr/lib/libc/newlib/liblib__libc__newlib.a
LOAD zephyr/lib/libc/common/liblib__libc__common.a
LOAD zephyr/lib/posix/c_lib_ext/liblib__posix__c_lib_ext.a
LOAD zephyr/drivers/interrupt_controller/libdrivers__interrupt_controller.a
LOAD zephyr/drivers/adc/libdrivers__adc.a
LOAD zephyr/drivers/clock_control/libdrivers__clock_control.a
LOAD zephyr/drivers/console/libdrivers__console.a
LOAD zephyr/drivers/gpio/libdrivers__gpio.a
LOAD zephyr/drivers/pinctrl/libdrivers__pinctrl.a
LOAD zephyr/drivers/reset/libdrivers__reset.a
LOAD zephyr/drivers/serial/libdrivers__serial.a
LOAD zephyr/drivers/spi/libdrivers__spi.a
LOAD zephyr/drivers/timer/libdrivers__timer.a
LOAD modules/hal_stm32/stm32cube/lib..__modules__hal__stm32__stm32cube.a
LOAD zephyr/kernel/libkernel.a
LOAD zephyr/arch/common/libisr_tables.a
LOAD C:/Users/kostas.caplinskas/zephyr-sdk-0.17.4/arm-zephyr-eabi/arm-zephyr-eabi/lib/thumb/v7e-m/nofp\libm.a
LOAD C:/Users/kostas.caplinskas/zephyr-sdk-0.17.4/arm-zephyr-eabi/arm-zephyr-eabi/lib/thumb/v7e-m/nofp\libc.a
LOAD c:/users/kostas.caplinskas/zephyr-sdk-0.17.4/arm-zephyr-eabi/bin/../lib/gcc/arm-zephyr-eabi/12.2.0/thumb/v7e-m/nofp\libgcc.a
LOAD C:/Users/kostas.caplinskas/zephyr-sdk-0.17.4/arm-zephyr-eabi/arm-zephyr-eabi/lib/thumb/v7e-m/nofp\libc.a
                0x0000000000000020                _region_min_align = 0x20

.rel.plt        0x0000000008000000        0x0
 *(SORT_BY_ALIGNMENT(.rel.plt))
                [!provide]                        PROVIDE (__rel_iplt_start = .)
 *(SORT_BY_ALIGNMENT(.rel.iplt))
 .rel.iplt      0x0000000008000000        0x0 zephyr/CMakeFiles/zephyr_final.dir/isr_tables.c.obj
                [!provide]                        PROVIDE (__rel_iplt_end = .)

.rela.plt       0x0000000000000000        0x0
 *(SORT_BY_ALIGNMENT(.rela.plt))
                [!provide]                        PROVIDE (__rela_iplt_start = .)
 *(SORT_BY_ALIGNMENT(.rela.iplt))
                [!provide]                        PROVIDE (__rela_iplt_end = .)

.rel.dyn
 *(SORT_BY_ALIGNMENT(.rel.*))

.rela.dyn
 *(SORT_BY_ALIGNMENT(.rela.*))

/DISCARD/
 *(SORT_BY_ALIGNMENT(.plt))

/DISCARD/
 *(SORT_BY_ALIGNMENT(.iplt))
                0x0000000008000000                __rom_region_start = 0x8000000

rom_start       0x0000000008000000      0x18c
                0x0000000008000000                __rom_start_address = .
 FILL mask 0x00
                0x0000000008000000                . = (. + (0x0 - (. - __rom_start_address)))
                0x0000000008000000                . = ALIGN (0x4)
                0x0000000008000000                . = ALIGN (0x80)
                0x0000000008000000                . = ALIGN (0x200)
                0x0000000008000000                _vector_start = .
 *(SORT_BY_ALIGNMENT(.exc_vector_table))
 *(SORT_BY_ALIGNMENT(.exc_vector_table.*))
 .exc_vector_table._vector_table_section
                0x0000000008000000       0x40 zephyr/arch/arch/arm/core/cortex_m/libarch__arm__core__cortex_m.a(vector_table.S.obj)
                0x0000000008000000                _vector_table
 *(SORT_BY_ALIGNMENT(.vectors))
                0x000000000800018c                _vector_end = .
                0x0000000008000040                . = ALIGN (0x4)
 *(SORT_BY_ALIGNMENT(.gnu.linkonce.irq_vector_table*))
 .gnu.linkonce.irq_vector_table
                0x0000000008000040      0x14c zephyr/CMakeFiles/zephyr_final.dir/isr_tables.c.obj
                0x0000000008000040                _irq_vector_table
                0x000000000800018c                _vector_end = .

text            0x00000000080001c0     0x76b8
                0x00000000080001c0                __text_region_start = .
 *(SORT_BY_ALIGNMENT(.text))
 .text          0x00000000080001c0       0xdc C:/Users/kostas.caplinskas/zephyr-sdk-0.17.4/arm-zephyr-eabi/arm-zephyr-eabi/lib/thumb/v7e-m/nofp\libc.a(lib_a-strlen.o)
                0x00000000080001c0                strlen
 .text          0x000000000800029c      0x134 C:/Users/kostas.caplinskas/zephyr-sdk-0.17.4/arm-zephyr-eabi/arm-zephyr-eabi/lib/thumb/v7e-m/nofp\libc.a(lib_a-memcpy.o)
                0x000000000800029c                memcpy
 .text          0x00000000080003d0      0x21c c:/users/kostas.caplinskas/zephyr-sdk-0.17.4/arm-zephyr-eabi/bin/../lib/gcc/arm-zephyr-eabi/12.2.0/thumb/v7e-m/nofp\libgcc.a(_arm_addsubsf3.o)
                0x00000000080003d0                __aeabi_frsub
                0x00000000080003d8                __subsf3
                0x00000000080003d8                __aeabi_fsub
                0x00000000080003dc                __aeabi_fadd
                0x00000000080003dc                __addsf3
                0x000000000800053c                __aeabi_ui2f
                0x000000000800053c                __floatunsisf
                0x0000000008000544                __aeabi_i2f
                0x0000000008000544                __floatsisf
                0x0000000008000560                __aeabi_ul2f
                0x0000000008000560                __floatundisf
                0x0000000008000570                __aeabi_l2f
                0x0000000008000570                __floatdisf
 .text          0x00000000080005ec      0x2a0 c:/users/kostas.caplinskas/zephyr-sdk-0.17.4/arm-zephyr-eabi/bin/../lib/gcc/arm-zephyr-eabi/12.2.0/thumb/v7e-m/nofp\libgcc.a(_arm_muldivsf3.o)
                0x00000000080005ec                __mulsf3
                0x00000000080005ec                __aeabi_fmul
                0x0000000008000754                __aeabi_fdiv
                0x0000000008000754                __divsf3
 .text          0x000000000800088c       0x4c c:/users/kostas.caplinskas/zephyr-sdk-0.17.4/arm-zephyr-eabi/bin/../lib/gcc/arm-zephyr-eabi/12.2.0/thumb/v7e-m/nofp\libgcc.a(_arm_fixsfsi.o)
                0x000000000800088c                __aeabi_f2iz
                0x000000000800088c                __fixsfsi
 .text          0x00000000080008d8       0x30 c:/users/kostas.caplinskas/zephyr-sdk-0.17.4/arm-zephyr-eabi/bin/../lib/gcc/arm-zephyr-eabi/12.2.0/thumb/v7e-m/nofp\libgcc.a(_aeabi_uldivmod.o)
                0x00000000080008d8                __aeabi_uldivmod
 .text          0x0000000008000908        0x4 c:/users/kostas.caplinskas/zephyr-sdk-0.17.4/arm-zephyr-eabi/bin/../lib/gcc/arm-zephyr-eabi/12.2.0/thumb/v7e-m/nofp\libgcc.a(_dvmd_tls.o)
                0x0000000008000908                __aeabi_idiv0
                0x0000000008000908                __aeabi_ldiv0
 .text          0x000000000800090c      0x2a0 c:/users/kostas.caplinskas/zephyr-sdk-0.17.4/arm-zephyr-eabi/bin/../lib/gcc/arm-zephyr-eabi/12.2.0/thumb/v7e-m/nofp\libgcc.a(_udivmoddi4.o)
                0x000000000800090c                __udivmoddi4
 *(SORT_BY_ALIGNMENT(.text.*))
 .text.main     0x0000000008000bac       0xdc app/libapp.a(main.c.obj)
                0x0000000008000bac                main
 .text.cbvprintf_package
                0x0000000008000c88      0x3a4 zephyr/libzephyr.a(cbprintf_packaged.c.obj)
                0x0000000008000c88                cbvprintf_package
 .text.cbprintf_package_convert
                0x000000000800102c      0x3cc zephyr/libzephyr.a(cbprintf_packaged.c.obj)
                0x000000000800102c                cbprintf_package_convert
 .text.__printk_hook_install
                0x00000000080013f8        0xc zephyr/libzephyr.a(printk.c.obj)
                0x00000000080013f8                __printk_hook_install
 .text.vsnprintk
                0x0000000008001404       0x2c zephyr/libzephyr.a(printk.c.obj)
                0x0000000008001404                vsnprintk
 .text.extract_decimal
                0x0000000008001430       0x2c zephyr/libzephyr.a(cbprintf_complete.c.obj)
 .text.encode_uint
                0x000000000800145c       0x9c zephyr/libzephyr.a(cbprintf_complete.c.obj)
 .text.z_cbvprintf_impl
                0x00000000080014f8      0x76c zephyr/libzephyr.a(cbprintf_complete.c.obj)
                0x00000000080014f8                z_cbvprintf_impl
 .text.st_stm32_common_config
                0x0000000008001c64       0x14 zephyr/libzephyr.a(soc_config.c.obj)
 .text.soc_early_init_hook
                0x0000000008001c78       0x30 zephyr/libzephyr.a(soc.c.obj)
                0x0000000008001c78                soc_early_init_hook
 .text.activate_foreach_backend
                0x0000000008001ca8       0x64 zephyr/libzephyr.a(log_core.c.obj)
 .text.enable_logger
                0x0000000008001d0c       0x5c zephyr/libzephyr.a(log_core.c.obj)
 .text.log_process_thread_timer_expiry_fn
                0x0000000008001d68        0xc zephyr/libzephyr.a(log_core.c.obj)
 .text.z_log_init
                0x0000000008001d74       0x94 zephyr/libzephyr.a(log_core.c.obj)
 .text.log_format_func_t_get
                0x0000000008001e08        0xc zephyr/libzephyr.a(log_core.c.obj)
                0x0000000008001e08                log_format_func_t_get
 .text.log_set_timestamp_func
                0x0000000008001e14       0x20 zephyr/libzephyr.a(log_core.c.obj)
                0x0000000008001e14                log_set_timestamp_func
 .text.z_log_notify_backend_enabled
                0x0000000008001e34       0x1c zephyr/libzephyr.a(log_core.c.obj)
                0x0000000008001e34                z_log_notify_backend_enabled
 .text.z_log_dropped
                0x0000000008001e50       0x44 zephyr/libzephyr.a(log_core.c.obj)
                0x0000000008001e50                z_log_dropped
 .text.z_log_dropped_read_and_clear
                0x0000000008001e94       0x20 zephyr/libzephyr.a(log_core.c.obj)
                0x0000000008001e94                z_log_dropped_read_and_clear
 .text.dropped_notify
                0x0000000008001eb4       0x30 zephyr/libzephyr.a(log_core.c.obj)
                0x0000000008001eb4                dropped_notify
 .text.z_log_msg_init
                0x0000000008001ee4       0x20 zephyr/libzephyr.a(log_core.c.obj)
                0x0000000008001ee4                z_log_msg_init
 .text.log_core_init
                0x0000000008001f04       0x50 zephyr/libzephyr.a(log_core.c.obj)
                0x0000000008001f04                log_core_init
 .text.z_log_msg_alloc
                0x0000000008001f54       0x10 zephyr/libzephyr.a(log_core.c.obj)
                0x0000000008001f54                z_log_msg_alloc
 .text.z_log_msg_local_claim
                0x0000000008001f64        0xc zephyr/libzephyr.a(log_core.c.obj)
                0x0000000008001f64                z_log_msg_local_claim
 .text.z_log_msg_free
                0x0000000008001f70       0x10 zephyr/libzephyr.a(log_core.c.obj)
                0x0000000008001f70                z_log_msg_free
 .text.z_log_msg_pending
                0x0000000008001f80        0xc zephyr/libzephyr.a(log_core.c.obj)
                0x0000000008001f80                z_log_msg_pending
 .text.z_impl_log_process
                0x0000000008001f8c       0xb4 zephyr/libzephyr.a(log_core.c.obj)
                0x0000000008001f8c                z_impl_log_process
 .text.z_impl_log_panic
                0x0000000008002040       0x44 zephyr/libzephyr.a(log_core.c.obj)
                0x0000000008002040                z_impl_log_panic
 .text.log_process_thread_func
                0x0000000008002084       0x9c zephyr/libzephyr.a(log_core.c.obj)
 .text.z_log_msg_post_finalize
                0x0000000008002120       0x78 zephyr/libzephyr.a(log_core.c.obj)
 .text.z_log_msg_commit
                0x0000000008002198       0x24 zephyr/libzephyr.a(log_core.c.obj)
                0x0000000008002198                z_log_msg_commit
 .text.log_source_name_get
                0x00000000080021bc       0x1c zephyr/libzephyr.a(log_mgmt.c.obj)
                0x00000000080021bc                log_source_name_get
 .text.z_impl_z_log_msg_static_create
                0x00000000080021d8      0x108 zephyr/libzephyr.a(log_msg.c.obj)
                0x00000000080021d8                z_impl_z_log_msg_static_create
 .text.z_log_msg_runtime_vcreate
                0x00000000080022e0       0xa0 zephyr/libzephyr.a(log_msg.c.obj)
                0x00000000080022e0                z_log_msg_runtime_vcreate
 .text.log_msg_get_source_id
                0x0000000008002380       0x18 zephyr/libzephyr.a(log_msg.c.obj)
                0x0000000008002380                log_msg_get_source_id
 .text.print_formatted
                0x0000000008002398       0x24 zephyr/libzephyr.a(log_output.c.obj)
 .text.newline_print
                0x00000000080023bc       0x1c zephyr/libzephyr.a(log_output.c.obj)
 .text.log_output_process
                0x00000000080023d8      0x2dc zephyr/libzephyr.a(log_output.c.obj)
                0x00000000080023d8                log_output_process
 .text.log_output_dropped_process
                0x00000000080026b4       0x58 zephyr/libzephyr.a(log_output.c.obj)
                0x00000000080026b4                log_output_dropped_process
 .text.log_output_timestamp_freq_set
                0x000000000800270c       0x2c zephyr/libzephyr.a(log_output.c.obj)
                0x000000000800270c                log_output_timestamp_freq_set
 .text.char_out
                0x0000000008002738       0x24 zephyr/libzephyr.a(log_backend_uart.c.obj)
 .text.mem_attr_get_regions
                0x000000000800275c        0xc zephyr/libzephyr.a(mem_attr.c.obj)
                0x000000000800275c                mem_attr_get_regions
 .text.arch_bss_zero
                0x0000000008002768       0x18 zephyr/arch/common/libarch__common.a(init.c.obj)
                0x0000000008002768                arch_bss_zero
 .text.arch_data_copy
                0x0000000008002780       0x38 zephyr/arch/common/libarch__common.a(xip.c.obj)
                0x0000000008002780                arch_data_copy
 .text.z_arm_fatal_error
                0x00000000080027b8       0xb8 zephyr/arch/arch/arm/core/libarch__arm__core.a(fatal.c.obj)
                0x00000000080027b8                z_arm_fatal_error
 .text.z_SysNmiOnReset
                0x0000000008002870        0x8 zephyr/arch/arch/arm/core/libarch__arm__core.a(nmi_on_reset.S.obj)
                0x0000000008002870                z_SysNmiOnReset
 .text._HandlerModeExit
                0x0000000008002878       0x20 zephyr/arch/arch/arm/core/cortex_m/libarch__arm__core__cortex_m.a(exc_exit.c.obj)
                0x0000000008002878                z_arm_int_exit
                0x0000000008002878                z_arm_exc_exit
 .text.bus_fault.constprop.0
                0x0000000008002898       0xd0 zephyr/arch/arch/arm/core/cortex_m/libarch__arm__core__cortex_m.a(fault.c.obj)
 .text.usage_fault.constprop.0
                0x0000000008002968       0xa8 zephyr/arch/arch/arm/core/cortex_m/libarch__arm__core__cortex_m.a(fault.c.obj)
 .text.mem_manage_fault
                0x0000000008002a10      0x104 zephyr/arch/arch/arm/core/cortex_m/libarch__arm__core__cortex_m.a(fault.c.obj)
 .text.z_arm_fault
                0x0000000008002b14      0x1d4 zephyr/arch/arch/arm/core/cortex_m/libarch__arm__core__cortex_m.a(fault.c.obj)
                0x0000000008002b14                z_arm_fault
 .text.z_arm_fault_init
                0x0000000008002ce8       0x18 zephyr/arch/arch/arm/core/cortex_m/libarch__arm__core__cortex_m.a(fault.c.obj)
                0x0000000008002ce8                z_arm_fault_init
 .text.__fault  0x0000000008002d00       0x14 zephyr/arch/arch/arm/core/cortex_m/libarch__arm__core__cortex_m.a(fault_s.S.obj)
                0x0000000008002d00                z_arm_usage_fault
                0x0000000008002d00                z_arm_mpu_fault
                0x0000000008002d00                z_arm_exc_spurious
                0x0000000008002d00                z_arm_debug_monitor
                0x0000000008002d00                z_arm_hard_fault
                0x0000000008002d00                z_arm_bus_fault
 .text._reset_section
                0x0000000008002d14       0x34 zephyr/arch/arch/arm/core/cortex_m/libarch__arm__core__cortex_m.a(reset.S.obj)
                0x0000000008002d14                __start
                0x0000000008002d14                z_arm_reset
 .text.z_impl_k_thread_abort
                0x0000000008002d48       0x2c zephyr/arch/arch/arm/core/cortex_m/libarch__arm__core__cortex_m.a(thread_abort.c.obj)
                0x0000000008002d48                z_impl_k_thread_abort
 .text.z_arm_pendsv
                0x0000000008002d74       0x54 zephyr/arch/arch/arm/core/cortex_m/libarch__arm__core__cortex_m.a(swap_helper.S.obj)
                0x0000000008002d74                z_arm_pendsv
 .text.z_arm_svc
                0x0000000008002dc8       0x24 zephyr/arch/arch/arm/core/cortex_m/libarch__arm__core__cortex_m.a(swap_helper.S.obj)
                0x0000000008002dc8                z_arm_svc
 .text.arm_irq_enable
                0x0000000008002dec       0x1c zephyr/arch/arch/arm/core/cortex_m/libarch__arm__core__cortex_m.a(irq_manage.c.obj)
                0x0000000008002dec                arm_irq_enable
 .text.arm_irq_priority_set
                0x0000000008002e08       0x30 zephyr/arch/arch/arm/core/cortex_m/libarch__arm__core__cortex_m.a(irq_manage.c.obj)
                0x0000000008002e08                arm_irq_priority_set
 .text.relocate_vector_table
                0x0000000008002e38       0x1c zephyr/arch/arch/arm/core/cortex_m/libarch__arm__core__cortex_m.a(prep_c.c.obj)
                0x0000000008002e38                relocate_vector_table
 .text.z_prep_c
                0x0000000008002e54       0x38 zephyr/arch/arch/arm/core/cortex_m/libarch__arm__core__cortex_m.a(prep_c.c.obj)
                0x0000000008002e54                z_prep_c
 .text.arch_new_thread
                0x0000000008002e8c       0x38 zephyr/arch/arch/arm/core/cortex_m/libarch__arm__core__cortex_m.a(thread.c.obj)
                0x0000000008002e8c                arch_new_thread
 .text.z_check_thread_stack_fail
                0x0000000008002ec4       0x2c zephyr/arch/arch/arm/core/cortex_m/libarch__arm__core__cortex_m.a(thread.c.obj)
                0x0000000008002ec4                z_check_thread_stack_fail
 .text.arch_switch_to_main_thread
                0x0000000008002ef0       0x34 zephyr/arch/arch/arm/core/cortex_m/libarch__arm__core__cortex_m.a(thread.c.obj)
                0x0000000008002ef0                arch_switch_to_main_thread
 .text.z_arm_cpu_idle_init
                0x0000000008002f24        0xc zephyr/arch/arch/arm/core/cortex_m/libarch__arm__core__cortex_m.a(cpu_idle.c.obj)
                0x0000000008002f24                z_arm_cpu_idle_init
 .text.z_arm_interrupt_init
                0x0000000008002f30       0x18 zephyr/arch/arch/arm/core/cortex_m/libarch__arm__core__cortex_m.a(irq_init.c.obj)
                0x0000000008002f30                z_arm_interrupt_init
 .text._isr_wrapper
                0x0000000008002f48       0x24 zephyr/arch/arch/arm/core/cortex_m/libarch__arm__core__cortex_m.a(isr_wrapper.c.obj)
                0x0000000008002f48                _isr_wrapper
 .text.z_arm_configure_static_mpu_regions
                0x0000000008002f6c       0x18 zephyr/arch/arch/arm/core/mpu/libarch__arm__core__mpu.a(arm_core_mpu.c.obj)
                0x0000000008002f6c                z_arm_configure_static_mpu_regions
 .text.z_arm_configure_dynamic_mpu_regions
                0x0000000008002f84       0x20 zephyr/arch/arch/arm/core/mpu/libarch__arm__core__mpu.a(arm_core_mpu.c.obj)
                0x0000000008002f84                z_arm_configure_dynamic_mpu_regions
 .text.region_allocate_and_init
                0x0000000008002fa4       0x54 zephyr/arch/arch/arm/core/mpu/libarch__arm__core__mpu.a(arm_mpu.c.obj)
 .text.mpu_configure_regions
                0x0000000008002ff8       0x68 zephyr/arch/arch/arm/core/mpu/libarch__arm__core__mpu.a(arm_mpu.c.obj)
 .text.arm_core_mpu_enable
                0x0000000008003060       0x18 zephyr/arch/arch/arm/core/mpu/libarch__arm__core__mpu.a(arm_mpu.c.obj)
                0x0000000008003060                arm_core_mpu_enable
 .text.arm_core_mpu_disable
                0x0000000008003078       0x14 zephyr/arch/arch/arm/core/mpu/libarch__arm__core__mpu.a(arm_mpu.c.obj)
                0x0000000008003078                arm_core_mpu_disable
 .text.arm_core_mpu_configure_static_mpu_regions
                0x000000000800308c       0x14 zephyr/arch/arch/arm/core/mpu/libarch__arm__core__mpu.a(arm_mpu.c.obj)
                0x000000000800308c                arm_core_mpu_configure_static_mpu_regions
 .text.arm_core_mpu_configure_dynamic_mpu_regions
                0x00000000080030a0       0x38 zephyr/arch/arch/arm/core/mpu/libarch__arm__core__mpu.a(arm_mpu.c.obj)
                0x00000000080030a0                arm_core_mpu_configure_dynamic_mpu_regions
 .text.z_arm_mpu_init
                0x00000000080030d8      0x198 zephyr/arch/arch/arm/core/mpu/libarch__arm__core__mpu.a(arm_mpu.c.obj)
                0x00000000080030d8                z_arm_mpu_init
 .text.__stdout_hook_install
                0x0000000008003270        0xc zephyr/lib/libc/newlib/liblib__libc__newlib.a(libc-hooks.c.obj)
                0x0000000008003270                __stdout_hook_install
 .text.stm32_exti_init
                0x000000000800327c       0x30 zephyr/drivers/interrupt_controller/libdrivers__interrupt_controller.a(intc_exti_stm32.c.obj)
 .text.stm32_exti_is_pending
                0x00000000080032ac       0x40 zephyr/drivers/interrupt_controller/libdrivers__interrupt_controller.a(intc_exti_stm32.c.obj)
                0x00000000080032ac                stm32_exti_is_pending
 .text.stm32_exti_clear_pending
                0x00000000080032ec       0x3c zephyr/drivers/interrupt_controller/libdrivers__interrupt_controller.a(intc_exti_stm32.c.obj)
                0x00000000080032ec                stm32_exti_clear_pending
 .text.stm32_fill_irq_table
                0x0000000008003328       0x18 zephyr/drivers/interrupt_controller/libdrivers__interrupt_controller.a(intc_gpio_stm32.c.obj)
 .text.stm32_intc_gpio_isr
                0x0000000008003340       0x4c zephyr/drivers/interrupt_controller/libdrivers__interrupt_controller.a(intc_gpio_stm32.c.obj)
 .text.stm32_gpio_intc_enable_line
                0x000000000800338c       0x2c zephyr/drivers/interrupt_controller/libdrivers__interrupt_controller.a(intc_gpio_stm32.c.obj)
                0x000000000800338c                stm32_gpio_intc_enable_line
 .text.stm32_gpio_intc_disable_line
                0x00000000080033b8       0x10 zephyr/drivers/interrupt_controller/libdrivers__interrupt_controller.a(intc_gpio_stm32.c.obj)
                0x00000000080033b8                stm32_gpio_intc_disable_line
 .text.stm32_gpio_intc_select_line_trigger
                0x00000000080033c8       0x50 zephyr/drivers/interrupt_controller/libdrivers__interrupt_controller.a(intc_gpio_stm32.c.obj)
                0x00000000080033c8                stm32_gpio_intc_select_line_trigger
 .text.stm32_gpio_intc_set_irq_callback
                0x0000000008003418       0x40 zephyr/drivers/interrupt_controller/libdrivers__interrupt_controller.a(intc_gpio_stm32.c.obj)
                0x0000000008003418                stm32_gpio_intc_set_irq_callback
 .text.stm32_gpio_intc_remove_irq_callback
                0x0000000008003458       0x24 zephyr/drivers/interrupt_controller/libdrivers__interrupt_controller.a(intc_gpio_stm32.c.obj)
                0x0000000008003458                stm32_gpio_intc_remove_irq_callback
 .text.stm32_exti_get_line_src_port
                0x000000000800347c       0x34 zephyr/drivers/interrupt_controller/libdrivers__interrupt_controller.a(intc_gpio_stm32.c.obj)
                0x000000000800347c                stm32_exti_get_line_src_port
 .text.ads1220_read_register
                0x00000000080034b0       0xc8 zephyr/drivers/adc/libdrivers__adc.a(adc_ads1220.c.obj)
 .text.ads1220_send_command
                0x0000000008003578       0xa4 zephyr/drivers/adc/libdrivers__adc.a(adc_ads1220.c.obj)
 .text.ads1220_write_register
                0x000000000800361c       0xcc zephyr/drivers/adc/libdrivers__adc.a(adc_ads1220.c.obj)
 .text.ads1220_channel_setup
                0x00000000080036e8      0x250 zephyr/drivers/adc/libdrivers__adc.a(adc_ads1220.c.obj)
 .text.ads1220_read
                0x0000000008003938      0x340 zephyr/drivers/adc/libdrivers__adc.a(adc_ads1220.c.obj)
 .text.ads1220_init
                0x0000000008003c78      0x2b8 zephyr/drivers/adc/libdrivers__adc.a(adc_ads1220.c.obj)
 .text.LL_RCC_HSI_IsReady
                0x0000000008003f30       0x10 zephyr/drivers/clock_control/libdrivers__clock_control.a(clock_stm32_ll_common.c.obj)
 .text.stm32_clock_control_get_subsys_rate
                0x0000000008003f40       0xcc zephyr/drivers/clock_control/libdrivers__clock_control.a(clock_stm32_ll_common.c.obj)
 .text.stm32_clock_control_init
                0x000000000800400c      0x130 zephyr/drivers/clock_control/libdrivers__clock_control.a(clock_stm32_ll_common.c.obj)
                0x000000000800400c                stm32_clock_control_init
 .text.get_pllsrc_frequency
                0x000000000800413c        0x8 zephyr/drivers/clock_control/libdrivers__clock_control.a(clock_stm32l4_l5_wb_wl.c.obj)
                0x000000000800413c                get_pllsrc_frequency
 .text.config_pll_sysclock
                0x0000000008004144       0x24 zephyr/drivers/clock_control/libdrivers__clock_control.a(clock_stm32l4_l5_wb_wl.c.obj)
                0x0000000008004144                config_pll_sysclock
 .text.config_enable_default_clocks
                0x0000000008004168       0x20 zephyr/drivers/clock_control/libdrivers__clock_control.a(clock_stm32l4_l5_wb_wl.c.obj)
                0x0000000008004168                config_enable_default_clocks
 .text.uart_console_init
                0x0000000008004188       0x28 zephyr/drivers/console/libdrivers__console.a(uart_console.c.obj)
 .text.console_out
                0x00000000080041b0       0x28 zephyr/drivers/console/libdrivers__console.a(uart_console.c.obj)
 .text.gpio_stm32_pin_interrupt_configure
                0x00000000080041d8       0xb0 zephyr/drivers/gpio/libdrivers__gpio.a(gpio_stm32.c.obj)
 .text.gpio_stm32_init
                0x0000000008004288       0x24 zephyr/drivers/gpio/libdrivers__gpio.a(gpio_stm32.c.obj)
 .text.pinctrl_configure_pins
                0x00000000080042ac       0x84 zephyr/drivers/pinctrl/libdrivers__pinctrl.a(pinctrl_stm32.c.obj)
                0x00000000080042ac                pinctrl_configure_pins
 .text.uart_stm32_set_baudrate
                0x0000000008004330       0xa0 zephyr/drivers/serial/libdrivers__serial.a(uart_stm32.c.obj)
 .text.uart_stm32_parameters_set
                0x00000000080043d0      0x140 zephyr/drivers/serial/libdrivers__serial.a(uart_stm32.c.obj)
 .text.uart_stm32_init
                0x0000000008004510      0x194 zephyr/drivers/serial/libdrivers__serial.a(uart_stm32.c.obj)
 .text.uart_stm32_configure
                0x00000000080046a4      0x13c zephyr/drivers/serial/libdrivers__serial.a(uart_stm32.c.obj)
 .text.spi_stm32_get_err
                0x00000000080047e0       0x68 zephyr/drivers/spi/libdrivers__spi.a(spi_stm32.c.obj)
 .text.spi_stm32_init
                0x0000000008004848      0x10c zephyr/drivers/spi/libdrivers__spi.a(spi_stm32.c.obj)
 .text.spi_stm32_transceive
                0x0000000008004954      0x438 zephyr/drivers/spi/libdrivers__spi.a(spi_stm32.c.obj)
 .text.elapsed  0x0000000008004d8c       0x4c zephyr/drivers/timer/libdrivers__timer.a(cortex_m_systick.c.obj)
 .text.sys_clock_driver_init
                0x0000000008004dd8       0x34 zephyr/drivers/timer/libdrivers__timer.a(cortex_m_systick.c.obj)
 .text.sys_clock_isr
                0x0000000008004e0c       0x60 zephyr/drivers/timer/libdrivers__timer.a(cortex_m_systick.c.obj)
                0x0000000008004e0c                sys_clock_isr
 .text.sys_clock_set_timeout
                0x0000000008004e6c       0xf8 zephyr/drivers/timer/libdrivers__timer.a(cortex_m_systick.c.obj)
                0x0000000008004e6c                sys_clock_set_timeout
 .text.sys_clock_elapsed
                0x0000000008004f64       0x3c zephyr/drivers/timer/libdrivers__timer.a(cortex_m_systick.c.obj)
                0x0000000008004f64                sys_clock_elapsed
 .text.sys_clock_cycle_get_32
                0x0000000008004fa0       0x28 zephyr/drivers/timer/libdrivers__timer.a(cortex_m_systick.c.obj)
                0x0000000008004fa0                sys_clock_cycle_get_32
 .text.HAL_RCC_GetSysClockFreq
                0x0000000008004fc8       0x9c modules/hal_stm32/stm32cube/lib..__modules__hal__stm32__stm32cube.a(stm32l4xx_hal_rcc.c.obj)
                0x0000000008004fc8                HAL_RCC_GetSysClockFreq
 .text.LL_SetFlashLatency
                0x0000000008005064       0xa8 modules/hal_stm32/stm32cube/lib..__modules__hal__stm32__stm32cube.a(stm32l4xx_ll_utils.c.obj)
                0x0000000008005064                LL_SetFlashLatency
 .text.k_sys_fatal_error_handler
                0x000000000800510c       0x20 zephyr/kernel/libkernel.a(fatal.c.obj)
                0x000000000800510c                k_sys_fatal_error_handler
 .text.z_fatal_error
                0x000000000800512c       0xe8 zephyr/kernel/libkernel.a(fatal.c.obj)
                0x000000000800512c                z_fatal_error
 .text.z_sys_init_run_level
                0x0000000008005214       0x30 zephyr/kernel/libkernel.a(init.c.obj)
 .text.bg_thread_main
                0x0000000008005244       0xc0 zephyr/kernel/libkernel.a(init.c.obj)
 .text.z_init_cpu
                0x0000000008005304       0x70 zephyr/kernel/libkernel.a(init.c.obj)
                0x0000000008005304                z_init_cpu
 .text.z_cstart
                0x0000000008005374       0xd0 zephyr/kernel/libkernel.a(init.c.obj)
                0x0000000008005374                z_cstart
 .text.z_impl_k_sem_give
                0x0000000008005444       0x68 zephyr/kernel/libkernel.a(sem.c.obj)
                0x0000000008005444                z_impl_k_sem_give
 .text.z_impl_k_sem_take
                0x00000000080054ac       0x4c zephyr/kernel/libkernel.a(sem.c.obj)
                0x00000000080054ac                z_impl_k_sem_take
 .text.z_setup_new_thread
                0x00000000080054f8       0x7c zephyr/kernel/libkernel.a(thread.c.obj)
                0x00000000080054f8                z_setup_new_thread
 .text.z_impl_k_thread_create
                0x0000000008005574       0x58 zephyr/kernel/libkernel.a(thread.c.obj)
                0x0000000008005574                z_impl_k_thread_create
 .text.z_dummy_thread_init
                0x00000000080055cc       0x18 zephyr/kernel/libkernel.a(thread.c.obj)
                0x00000000080055cc                z_dummy_thread_init
 .text.z_swap_irqlock
                0x00000000080055e4       0x30 zephyr/kernel/libkernel.a(sched.c.obj)
 .text.ready_thread
                0x0000000008005614       0x84 zephyr/kernel/libkernel.a(sched.c.obj)
 .text.unready_thread
                0x0000000008005698       0x54 zephyr/kernel/libkernel.a(sched.c.obj)
 .text.add_thread_timeout
                0x00000000080056ec       0x1c zephyr/kernel/libkernel.a(sched.c.obj)
 .text.move_current_to_end_of_prio_q
                0x0000000008005708       0x70 zephyr/kernel/libkernel.a(sched.c.obj)
                0x0000000008005708                move_current_to_end_of_prio_q
 .text.z_pend_curr
                0x0000000008005778       0x44 zephyr/kernel/libkernel.a(sched.c.obj)
                0x0000000008005778                z_pend_curr
 .text.z_reschedule
                0x00000000080057bc       0x24 zephyr/kernel/libkernel.a(sched.c.obj)
                0x00000000080057bc                z_reschedule
 .text.z_reschedule_irqlock
                0x00000000080057e0       0x28 zephyr/kernel/libkernel.a(sched.c.obj)
                0x00000000080057e0                z_reschedule_irqlock
 .text.k_sched_lock
                0x0000000008005808       0x28 zephyr/kernel/libkernel.a(sched.c.obj)
                0x0000000008005808                k_sched_lock
 .text.k_sched_unlock
                0x0000000008005830       0x68 zephyr/kernel/libkernel.a(sched.c.obj)
                0x0000000008005830                k_sched_unlock
 .text.z_sched_init
                0x0000000008005898       0x10 zephyr/kernel/libkernel.a(sched.c.obj)
                0x0000000008005898                z_sched_init
 .text.z_impl_k_yield
                0x00000000080058a8       0x88 zephyr/kernel/libkernel.a(sched.c.obj)
                0x00000000080058a8                z_impl_k_yield
 .text.z_tick_sleep
                0x0000000008005930       0x78 zephyr/kernel/libkernel.a(sched.c.obj)
 .text.z_impl_k_wakeup
                0x00000000080059a8       0x48 zephyr/kernel/libkernel.a(sched.c.obj)
                0x00000000080059a8                z_impl_k_wakeup
 .text.z_impl_k_sched_current_thread_query
                0x00000000080059f0        0xc zephyr/kernel/libkernel.a(sched.c.obj)
                0x00000000080059f0                z_impl_k_sched_current_thread_query
 .text.z_thread_abort
                0x00000000080059fc      0x140 zephyr/kernel/libkernel.a(sched.c.obj)
                0x00000000080059fc                z_thread_abort
 .text.z_time_slice_size
                0x0000000008005b3c       0x40 zephyr/kernel/libkernel.a(timeslicing.c.obj)
 .text.slice_timeout
                0x0000000008005b7c       0x20 zephyr/kernel/libkernel.a(timeslicing.c.obj)
 .text.z_reset_time_slice
                0x0000000008005b9c       0x48 zephyr/kernel/libkernel.a(timeslicing.c.obj)
                0x0000000008005b9c                z_reset_time_slice
 .text.z_time_slice
                0x0000000008005be4       0x5c zephyr/kernel/libkernel.a(timeslicing.c.obj)
                0x0000000008005be4                z_time_slice
 .text.first    0x0000000008005c40       0x10 zephyr/kernel/libkernel.a(timeout.c.obj)
 .text.elapsed  0x0000000008005c50       0x14 zephyr/kernel/libkernel.a(timeout.c.obj)
 .text.remove_timeout
                0x0000000008005c64       0x38 zephyr/kernel/libkernel.a(timeout.c.obj)
 .text.z_add_timeout
                0x0000000008005c9c      0x120 zephyr/kernel/libkernel.a(timeout.c.obj)
                0x0000000008005c9c                z_add_timeout
 .text.sys_clock_announce
                0x0000000008005dbc       0xc0 zephyr/kernel/libkernel.a(timeout.c.obj)
                0x0000000008005dbc                sys_clock_announce
 .text.sys_clock_tick_get
                0x0000000008005e7c       0x30 zephyr/kernel/libkernel.a(timeout.c.obj)
                0x0000000008005e7c                sys_clock_tick_get
 .text.z_timer_expiration_handler
                0x0000000008005eac      0x104 zephyr/kernel/libkernel.a(timer.c.obj)
                0x0000000008005eac                z_timer_expiration_handler
 .text.z_impl_k_timer_start
                0x0000000008005fb0       0x70 zephyr/kernel/libkernel.a(timer.c.obj)
                0x0000000008005fb0                z_impl_k_timer_start
 .text.boot_banner
                0x0000000008006020        0xc zephyr/kernel/libkernel.a(banner.c.obj)
                0x0000000008006020                boot_banner
 .text.memset   0x000000000800602c       0xa4 C:/Users/kostas.caplinskas/zephyr-sdk-0.17.4/arm-zephyr-eabi/arm-zephyr-eabi/lib/thumb/v7e-m/nofp\libc.a(lib_a-memset.o)
                0x000000000800602c                memset
 .text.strnlen  0x00000000080060d0       0x24 C:/Users/kostas.caplinskas/zephyr-sdk-0.17.4/arm-zephyr-eabi/arm-zephyr-eabi/lib/thumb/v7e-m/nofp\libc.a(lib_a-strnlen.o)
                0x00000000080060d0                strnlen
 .text._OffsetAbsSyms
                0x00000000080060f4        0x2 zephyr/CMakeFiles/offsets.dir/./arch/arm/core/offsets/offsets.c.obj
                0x00000000080060f4                _OffsetAbsSyms
 .text.cbpprintf_external
                0x00000000080060f6       0x62 zephyr/libzephyr.a(cbprintf_packaged.c.obj)
                0x00000000080060f6                cbpprintf_external
 .text.is_ptr   0x0000000008006158       0x4a zephyr/libzephyr.a(cbprintf_packaged.c.obj)
                0x0000000008006158                is_ptr
 .text.arch_printk_char_out
                0x00000000080061a2        0x4 zephyr/libzephyr.a(printk.c.obj)
                0x00000000080061a2                arch_printk_char_out
 .text.str_out  0x00000000080061a6       0x24 zephyr/libzephyr.a(printk.c.obj)
 .text.printk   0x00000000080061ca       0x1a zephyr/libzephyr.a(printk.c.obj)
                0x00000000080061ca                printk
 .text.snprintk
                0x00000000080061e4       0x1a zephyr/libzephyr.a(printk.c.obj)
                0x00000000080061e4                snprintk
 .text.z_thread_entry
                0x00000000080061fe       0x14 zephyr/libzephyr.a(thread_entry.c.obj)
                0x00000000080061fe                z_thread_entry
 .text.outs     0x0000000008006212       0x2e zephyr/libzephyr.a(cbprintf_complete.c.obj)
 .text.free_space
                0x0000000008006240       0x26 zephyr/libzephyr.a(mpsc_pbuf.c.obj)
 .text.get_usage
                0x0000000008006266       0x22 zephyr/libzephyr.a(mpsc_pbuf.c.obj)
 .text.idx_inc  0x0000000008006288       0x1c zephyr/libzephyr.a(mpsc_pbuf.c.obj)
 .text.rd_idx_inc
                0x00000000080062a4       0x18 zephyr/libzephyr.a(mpsc_pbuf.c.obj)
 .text.add_skip_item
                0x00000000080062bc       0x3a zephyr/libzephyr.a(mpsc_pbuf.c.obj)
 .text.drop_item_locked
                0x00000000080062f6      0x100 zephyr/libzephyr.a(mpsc_pbuf.c.obj)
 .text.post_drop_action
                0x00000000080063f6       0x36 zephyr/libzephyr.a(mpsc_pbuf.c.obj)
 .text.max_utilization_update
                0x000000000800642c       0x1a zephyr/libzephyr.a(mpsc_pbuf.c.obj)
 .text.mpsc_pbuf_init
                0x0000000008006446       0x42 zephyr/libzephyr.a(mpsc_pbuf.c.obj)
                0x0000000008006446                mpsc_pbuf_init
 .text.mpsc_pbuf_alloc
                0x0000000008006488       0xfe zephyr/libzephyr.a(mpsc_pbuf.c.obj)
                0x0000000008006488                mpsc_pbuf_alloc
 .text.mpsc_pbuf_commit
                0x0000000008006586       0x3e zephyr/libzephyr.a(mpsc_pbuf.c.obj)
                0x0000000008006586                mpsc_pbuf_commit
 .text.mpsc_pbuf_claim
                0x00000000080065c4       0xb6 zephyr/libzephyr.a(mpsc_pbuf.c.obj)
                0x00000000080065c4                mpsc_pbuf_claim
 .text.mpsc_pbuf_free
                0x000000000800667a       0x76 zephyr/libzephyr.a(mpsc_pbuf.c.obj)
                0x000000000800667a                mpsc_pbuf_free
 .text.mpsc_pbuf_is_pending
                0x00000000080066f0       0x32 zephyr/libzephyr.a(mpsc_pbuf.c.obj)
                0x00000000080066f0                mpsc_pbuf_is_pending
 .text._ConfigAbsSyms
                0x0000000008006722        0x2 zephyr/libzephyr.a(configs.c.obj)
                0x0000000008006722                _ConfigAbsSyms
 .text.log_msg_generic_get_wlen
                0x0000000008006724       0x20 zephyr/libzephyr.a(log_core.c.obj)
 .text.dummy_timestamp
                0x0000000008006744        0x4 zephyr/libzephyr.a(log_core.c.obj)
 .text.atomic_inc
                0x0000000008006748       0x1a zephyr/libzephyr.a(log_core.c.obj)
 .text.default_lf_get_timestamp
                0x0000000008006762       0x10 zephyr/libzephyr.a(log_core.c.obj)
 .text.z_log_vprintk
                0x0000000008006772       0x1c zephyr/libzephyr.a(log_core.c.obj)
                0x0000000008006772                z_log_vprintk
 .text.z_log_notify_drop
                0x000000000800678e        0x6 zephyr/libzephyr.a(log_core.c.obj)
 .text.z_log_get_tag
                0x0000000008006794        0x4 zephyr/libzephyr.a(log_core.c.obj)
                0x0000000008006794                z_log_get_tag
 .text.log_backend_enable
                0x0000000008006798       0x12 zephyr/libzephyr.a(log_mgmt.c.obj)
                0x0000000008006798                log_backend_enable
 .text.z_cbprintf_cpy
                0x00000000080067aa       0x2e zephyr/libzephyr.a(log_msg.c.obj)
 .text.z_log_msg_finalize
                0x00000000080067d8       0x32 zephyr/libzephyr.a(log_msg.c.obj)
                0x00000000080067d8                z_log_msg_finalize
 .text.z_log_msg_simple_create
                0x000000000800680a       0x6e zephyr/libzephyr.a(log_msg.c.obj)
 .text.z_impl_z_log_msg_simple_create_0
                0x0000000008006878       0x12 zephyr/libzephyr.a(log_msg.c.obj)
                0x0000000008006878                z_impl_z_log_msg_simple_create_0
 .text.z_impl_z_log_msg_simple_create_1
                0x000000000800688a       0x14 zephyr/libzephyr.a(log_msg.c.obj)
                0x000000000800688a                z_impl_z_log_msg_simple_create_1
 .text.z_impl_z_log_msg_simple_create_2
                0x000000000800689e       0x18 zephyr/libzephyr.a(log_msg.c.obj)
                0x000000000800689e                z_impl_z_log_msg_simple_create_2
 .text.log_output_write
                0x00000000080068b6       0x1c zephyr/libzephyr.a(log_output.c.obj)
 .text.log_output_flush
                0x00000000080068d2       0x1a zephyr/libzephyr.a(log_output.c.obj)
 .text.cbvprintf
                0x00000000080068ec        0xe zephyr/libzephyr.a(log_output.c.obj)
 .text.out_func
                0x00000000080068fa       0x36 zephyr/libzephyr.a(log_output.c.obj)
 .text.cr_out_func
                0x0000000008006930       0x1c zephyr/libzephyr.a(log_output.c.obj)
 .text.log_output_msg_process
                0x000000000800694c       0x6a zephyr/libzephyr.a(log_output.c.obj)
                0x000000000800694c                log_output_msg_process
 .text.format_set
                0x00000000080069b6        0xc zephyr/libzephyr.a(log_backend_uart.c.obj)
 .text.log_backend_uart_init
                0x00000000080069c2        0xc zephyr/libzephyr.a(log_backend_uart.c.obj)
 .text.panic    0x00000000080069ce       0x32 zephyr/libzephyr.a(log_backend_uart.c.obj)
 .text.dropped  0x0000000008006a00        0xa zephyr/libzephyr.a(log_backend_uart.c.obj)
 .text.process  0x0000000008006a0a       0x1e zephyr/libzephyr.a(log_backend_uart.c.obj)
 .text.arch_early_memset
                0x0000000008006a28        0x4 zephyr/arch/common/libarch__common.a(init.c.obj)
                0x0000000008006a28                arch_early_memset
 .text.arch_early_memcpy
                0x0000000008006a2c        0x4 zephyr/arch/common/libarch__common.a(init.c.obj)
                0x0000000008006a2c                arch_early_memcpy
 .text.z_do_kernel_oops
                0x0000000008006a30        0x8 zephyr/arch/arch/arm/core/libarch__arm__core.a(fatal.c.obj)
                0x0000000008006a30                z_do_kernel_oops
 .text.z_arm_nmi
                0x0000000008006a38        0xe zephyr/arch/arch/arm/core/libarch__arm__core.a(nmi.c.obj)
                0x0000000008006a38                z_arm_nmi
 .text.z_log_msg_simple_create_0.constprop.0
                0x0000000008006a46        0x8 zephyr/arch/arch/arm/core/cortex_m/libarch__arm__core__cortex_m.a(fault.c.obj)
 .text.z_irq_spurious
                0x0000000008006a4e        0x8 zephyr/arch/arch/arm/core/cortex_m/libarch__arm__core__cortex_m.a(irq_manage.c.obj)
                0x0000000008006a4e                z_irq_spurious
 .text.arch_coprocessors_disable
                0x0000000008006a56        0x6 zephyr/arch/arch/arm/core/cortex_m/libarch__arm__core__cortex_m.a(thread.c.obj)
                0x0000000008006a56                arch_coprocessors_disable
 .text.arch_irq_unlock_outlined
                0x0000000008006a5c        0xe zephyr/arch/arch/arm/core/cortex_m/libarch__arm__core__cortex_m.a(thread.c.obj)
                0x0000000008006a5c                arch_irq_unlock_outlined
 .text.arch_cpu_idle
                0x0000000008006a6a       0x1a zephyr/arch/arch/arm/core/cortex_m/libarch__arm__core__cortex_m.a(cpu_idle.c.obj)
                0x0000000008006a6a                arch_cpu_idle
 .text.size_to_mpu_rasr_size
                0x0000000008006a84       0x20 zephyr/arch/arch/arm/core/mpu/libarch__arm__core__mpu.a(arm_mpu.c.obj)
 .text._stdout_hook_default
                0x0000000008006aa4        0x6 zephyr/lib/libc/newlib/liblib__libc__newlib.a(libc-hooks.c.obj)
 .text.malloc_prepare
                0x0000000008006aaa        0x4 zephyr/lib/libc/newlib/liblib__libc__newlib.a(libc-hooks.c.obj)
 .text.stm32_exti_gpio_intc_init
                0x0000000008006aae       0x92 zephyr/drivers/interrupt_controller/libdrivers__interrupt_controller.a(intc_gpio_stm32.c.obj)
 .text.stm32_gpio_intc_get_pin_irq_line
                0x0000000008006b40        0xa zephyr/drivers/interrupt_controller/libdrivers__interrupt_controller.a(intc_gpio_stm32.c.obj)
                0x0000000008006b40                stm32_gpio_intc_get_pin_irq_line
 .text.stm32_exti_set_line_src_port
                0x0000000008006b4a       0x38 zephyr/drivers/interrupt_controller/libdrivers__interrupt_controller.a(intc_gpio_stm32.c.obj)
                0x0000000008006b4a                stm32_exti_set_line_src_port
 .text.z_impl_spi_transceive
                0x0000000008006b82        0xc zephyr/drivers/adc/libdrivers__adc.a(adc_ads1220.c.obj)
 .text.k_sem_give
                0x0000000008006b8e        0x4 zephyr/drivers/adc/libdrivers__adc.a(adc_ads1220.c.obj)
 .text.ads1220_data_ready_handler
                0x0000000008006b92        0x8 zephyr/drivers/adc/libdrivers__adc.a(adc_ads1220.c.obj)
 .text.z_log_msg_static_create.constprop.0
                0x0000000008006b9a        0x6 zephyr/drivers/adc/libdrivers__adc.a(adc_ads1220.c.obj)
 .text.z_log_msg_simple_create_1.constprop.0
                0x0000000008006ba0        0xa zephyr/drivers/adc/libdrivers__adc.a(adc_ads1220.c.obj)
 .text.adc_context_on_timer_expired
                0x0000000008006baa       0x38 zephyr/drivers/adc/libdrivers__adc.a(adc_ads1220.c.obj)
 .text.stm32_clock_control_on
                0x0000000008006be2       0x44 zephyr/drivers/clock_control/libdrivers__clock_control.a(clock_stm32_ll_common.c.obj)
 .text.stm32_clock_control_off
                0x0000000008006c26       0x2c zephyr/drivers/clock_control/libdrivers__clock_control.a(clock_stm32_ll_common.c.obj)
 .text.enabled_clock
                0x0000000008006c52       0x1e zephyr/drivers/clock_control/libdrivers__clock_control.a(clock_stm32_ll_common.c.obj)
                0x0000000008006c52                enabled_clock
 .text.stm32_clock_control_configure
                0x0000000008006c70       0x58 zephyr/drivers/clock_control/libdrivers__clock_control.a(clock_stm32_ll_common.c.obj)
 .text.stm32_clock_control_get_status
                0x0000000008006cc8       0x38 zephyr/drivers/clock_control/libdrivers__clock_control.a(clock_stm32_ll_common.c.obj)
 .text.config_regulator_voltage
                0x0000000008006d00        0x2 zephyr/drivers/clock_control/libdrivers__clock_control.a(clock_stm32_ll_common.c.obj)
                0x0000000008006d00                config_regulator_voltage
 .text.gpio_stm32_port_get_raw
                0x0000000008006d02        0xc zephyr/drivers/gpio/libdrivers__gpio.a(gpio_stm32.c.obj)
 .text.gpio_stm32_port_set_masked_raw
                0x0000000008006d0e       0x12 zephyr/drivers/gpio/libdrivers__gpio.a(gpio_stm32.c.obj)
 .text.gpio_stm32_port_set_bits_raw
                0x0000000008006d20        0xa zephyr/drivers/gpio/libdrivers__gpio.a(gpio_stm32.c.obj)
 .text.gpio_stm32_port_clear_bits_raw
                0x0000000008006d2a        0xa zephyr/drivers/gpio/libdrivers__gpio.a(gpio_stm32.c.obj)
 .text.gpio_stm32_port_toggle_bits
                0x0000000008006d34        0xe zephyr/drivers/gpio/libdrivers__gpio.a(gpio_stm32.c.obj)
 .text.gpio_stm32_manage_callback
                0x0000000008006d42       0x52 zephyr/drivers/gpio/libdrivers__gpio.a(gpio_stm32.c.obj)
 .text.gpio_stm32_configure_raw.isra.0
                0x0000000008006d94      0x106 zephyr/drivers/gpio/libdrivers__gpio.a(gpio_stm32.c.obj)
 .text.gpio_stm32_config
                0x0000000008006e9a       0xd4 zephyr/drivers/gpio/libdrivers__gpio.a(gpio_stm32.c.obj)
 .text.gpio_stm32_isr
                0x0000000008006f6e       0x2c zephyr/drivers/gpio/libdrivers__gpio.a(gpio_stm32.c.obj)
 .text.gpio_stm32_configure
                0x0000000008006f9a       0x2a zephyr/drivers/gpio/libdrivers__gpio.a(gpio_stm32.c.obj)
                0x0000000008006f9a                gpio_stm32_configure
 .text.pinctrl_lookup_state
                0x0000000008006fc4       0x26 zephyr/drivers/pinctrl/libdrivers__pinctrl.a(common.c.obj)
                0x0000000008006fc4                pinctrl_lookup_state
 .text.reset_stm32_status
                0x0000000008006fea       0x20 zephyr/drivers/reset/libdrivers__reset.a(reset_stm32.c.obj)
 .text.reset_stm32_line_assert
                0x000000000800700a       0x1c zephyr/drivers/reset/libdrivers__reset.a(reset_stm32.c.obj)
 .text.reset_stm32_line_deassert
                0x0000000008007026       0x1e zephyr/drivers/reset/libdrivers__reset.a(reset_stm32.c.obj)
 .text.reset_stm32_line_toggle
                0x0000000008007044       0x16 zephyr/drivers/reset/libdrivers__reset.a(reset_stm32.c.obj)
 .text.uart_stm32_ll2cfg_databits
                0x000000000800705a       0x2a zephyr/drivers/serial/libdrivers__serial.a(uart_stm32.c.obj)
 .text.uart_stm32_err_check
                0x0000000008007084       0x5a zephyr/drivers/serial/libdrivers__serial.a(uart_stm32.c.obj)
 .text.uart_stm32_poll_out
                0x00000000080070de       0x36 zephyr/drivers/serial/libdrivers__serial.a(uart_stm32.c.obj)
 .text.uart_stm32_poll_in
                0x0000000008007114       0x20 zephyr/drivers/serial/libdrivers__serial.a(uart_stm32.c.obj)
 .text.uart_stm32_config_get
                0x0000000008007134       0x92 zephyr/drivers/serial/libdrivers__serial.a(uart_stm32.c.obj)
 .text.spi_context_get_next_buf
                0x00000000080071c6       0x2c zephyr/drivers/spi/libdrivers__spi.a(spi_stm32.c.obj)
 .text.ll_disable_spi
                0x00000000080071f2       0x1a zephyr/drivers/spi/libdrivers__spi.a(spi_stm32.c.obj)
 .text.spi_stm32_send_next_frame
                0x000000000800720c       0x78 zephyr/drivers/spi/libdrivers__spi.a(spi_stm32.c.obj)
 .text.spi_stm32_irq_config_func_0
                0x0000000008007284       0x16 zephyr/drivers/spi/libdrivers__spi.a(spi_stm32.c.obj)
 .text.spi_stm32_pinctrl_apply.isra.0
                0x000000000800729a       0x2a zephyr/drivers/spi/libdrivers__spi.a(spi_stm32.c.obj)
 .text.gpio_pin_set_dt.isra.0
                0x00000000080072c4       0x28 zephyr/drivers/spi/libdrivers__spi.a(spi_stm32.c.obj)
 .text.spi_stm32_read_next_frame
                0x00000000080072ec       0x6e zephyr/drivers/spi/libdrivers__spi.a(spi_stm32.c.obj)
 .text.spi_context_unlock_unconditionally
                0x000000000800735a       0x30 zephyr/drivers/spi/libdrivers__spi.a(spi_stm32.c.obj)
 .text.spi_stm32_release
                0x000000000800738a       0x14 zephyr/drivers/spi/libdrivers__spi.a(spi_stm32.c.obj)
 .text.spi_stm32_complete
                0x000000000800739e       0xb6 zephyr/drivers/spi/libdrivers__spi.a(spi_stm32.c.obj)
 .text.spi_stm32_isr
                0x0000000008007454      0x112 zephyr/drivers/spi/libdrivers__spi.a(spi_stm32.c.obj)
 .text.z_impl_k_busy_wait
                0x0000000008007566       0x1c zephyr/kernel/libkernel.a(busy_wait.c.obj)
                0x0000000008007566                z_impl_k_busy_wait
 .text.do_device_init
                0x0000000008007582       0x30 zephyr/kernel/libkernel.a(device.c.obj)
                0x0000000008007582                do_device_init
 .text.z_impl_device_is_ready
                0x00000000080075b2       0x16 zephyr/kernel/libkernel.a(device.c.obj)
                0x00000000080075b2                z_impl_device_is_ready
 .text.arch_system_halt
                0x00000000080075c8       0x10 zephyr/kernel/libkernel.a(fatal.c.obj)
                0x00000000080075c8                arch_system_halt
 .text.idle     0x00000000080075d8       0x16 zephyr/kernel/libkernel.a(idle.c.obj)
                0x00000000080075d8                idle
 .text.z_impl_k_sem_init
                0x00000000080075ee       0x18 zephyr/kernel/libkernel.a(sem.c.obj)
                0x00000000080075ee                z_impl_k_sem_init
 .text.k_is_in_isr
                0x0000000008007606        0xc zephyr/kernel/libkernel.a(thread.c.obj)
                0x0000000008007606                k_is_in_isr
 .text.z_impl_k_thread_name_set
                0x0000000008007612        0x6 zephyr/kernel/libkernel.a(thread.c.obj)
                0x0000000008007612                z_impl_k_thread_name_set
 .text.k_thread_name_get
                0x0000000008007618        0x4 zephyr/kernel/libkernel.a(thread.c.obj)
                0x0000000008007618                k_thread_name_get
 .text.sys_dlist_remove
                0x000000000800761c       0x10 zephyr/kernel/libkernel.a(sched.c.obj)
 .text.unpend_thread_no_timeout
                0x000000000800762c       0x14 zephyr/kernel/libkernel.a(sched.c.obj)
 .text.add_to_waitq_locked
                0x0000000008007640       0x50 zephyr/kernel/libkernel.a(sched.c.obj)
 .text.z_ready_thread
                0x0000000008007690       0x1e zephyr/kernel/libkernel.a(sched.c.obj)
                0x0000000008007690                z_ready_thread
 .text.z_unpend_thread_no_timeout
                0x00000000080076ae       0x22 zephyr/kernel/libkernel.a(sched.c.obj)
                0x00000000080076ae                z_unpend_thread_no_timeout
 .text.z_sched_wake_thread
                0x00000000080076d0       0x3a zephyr/kernel/libkernel.a(sched.c.obj)
                0x00000000080076d0                z_sched_wake_thread
 .text.z_thread_timeout
                0x000000000800770a        0x8 zephyr/kernel/libkernel.a(sched.c.obj)
                0x000000000800770a                z_thread_timeout
 .text.z_unpend1_no_timeout
                0x0000000008007712       0x2c zephyr/kernel/libkernel.a(sched.c.obj)
                0x0000000008007712                z_unpend1_no_timeout
 .text.z_impl_k_sleep
                0x000000000800773e       0x3e zephyr/kernel/libkernel.a(sched.c.obj)
                0x000000000800773e                z_impl_k_sleep
 .text.z_impl_k_usleep
                0x000000000800777c       0x22 zephyr/kernel/libkernel.a(sched.c.obj)
                0x000000000800777c                z_impl_k_usleep
 .text.next_timeout
                0x000000000800779e       0x2e zephyr/kernel/libkernel.a(timeout.c.obj)
 .text.z_abort_timeout
                0x00000000080077cc       0x50 zephyr/kernel/libkernel.a(timeout.c.obj)
                0x00000000080077cc                z_abort_timeout
 .text.sys_clock_tick_get_32
                0x000000000800781c        0x8 zephyr/kernel/libkernel.a(timeout.c.obj)
                0x000000000800781c                sys_clock_tick_get_32
 .text.z_impl_k_uptime_ticks
                0x0000000008007824        0x4 zephyr/kernel/libkernel.a(timeout.c.obj)
                0x0000000008007824                z_impl_k_uptime_ticks
 .text.k_timer_init
                0x0000000008007828       0x18 zephyr/kernel/libkernel.a(timer.c.obj)
                0x0000000008007828                k_timer_init
 .text.z_impl_k_timer_stop
                0x0000000008007840       0x38 zephyr/kernel/libkernel.a(timer.c.obj)
                0x0000000008007840                z_impl_k_timer_stop
 *(SORT_BY_ALIGNMENT(.gnu.linkonce.t.*))
 *(SORT_BY_ALIGNMENT(.glue_7t))
 .glue_7t       0x0000000008007878        0x0 linker stubs
 *(SORT_BY_ALIGNMENT(.glue_7))
 .glue_7        0x0000000008007878        0x0 linker stubs
 *(SORT_BY_ALIGNMENT(.vfp11_veneer))
 .vfp11_veneer  0x0000000008007878        0x0 linker stubs
 *(SORT_BY_ALIGNMENT(.v4_bx))
 .v4_bx         0x0000000008007878        0x0 linker stubs
                0x0000000008007878                . = ALIGN (0x4)
                0x0000000008007878                __text_region_end = .

.ARM.exidx      0x0000000008007878        0x8
                0x0000000008007878                __exidx_start = .
 *(SORT_BY_ALIGNMENT(.ARM.exidx*) SORT_BY_ALIGNMENT(gnu.linkonce.armexidx.*))
 .ARM.exidx     0x0000000008007878        0x8 c:/users/kostas.caplinskas/zephyr-sdk-0.17.4/arm-zephyr-eabi/bin/../lib/gcc/arm-zephyr-eabi/12.2.0/thumb/v7e-m/nofp\libgcc.a(_udivmoddi4.o)
                0x0000000008007880                __exidx_end = .
                0x0000000008007880                __rodata_region_start = .

initlevel       0x0000000008007880       0x80
                0x0000000008007880                __init_start = .
                0x0000000008007880                __init_EARLY_start = .
 *(SORT_BY_NAME(SORT_BY_ALIGNMENT(.z_init_EARLY_P_?_*)))
 *(SORT_BY_NAME(SORT_BY_ALIGNMENT(.z_init_EARLY_P_??_*)))
 *(SORT_BY_NAME(SORT_BY_ALIGNMENT(.z_init_EARLY_P_???_*)))
                0x0000000008007880                __init_PRE_KERNEL_1_start = .
 *(SORT_BY_NAME(SORT_BY_ALIGNMENT(.z_init_PRE_KERNEL_1_P_?_*)))
 .z_init_PRE_KERNEL_1_P_1_SUB_00009_
                0x0000000008007880        0x8 zephyr/drivers/clock_control/libdrivers__clock_control.a(clock_stm32_ll_common.c.obj)
 .z_init_PRE_KERNEL_1_P_1_SUB_0_
                0x0000000008007888        0x8 zephyr/libzephyr.a(soc_config.c.obj)
 *(SORT_BY_NAME(SORT_BY_ALIGNMENT(.z_init_PRE_KERNEL_1_P_??_*)))
 .z_init_PRE_KERNEL_1_P_35_SUB_00052_
                0x0000000008007890        0x8 zephyr/drivers/reset/libdrivers__reset.a(reset_stm32.c.obj)
 .z_init_PRE_KERNEL_1_P_40_SUB_00034_
                0x0000000008007898        0x8 zephyr/drivers/gpio/libdrivers__gpio.a(gpio_stm32.c.obj)
 .z_init_PRE_KERNEL_1_P_40_SUB_00045_
                0x00000000080078a0        0x8 zephyr/drivers/interrupt_controller/libdrivers__interrupt_controller.a(intc_exti_stm32.c.obj)
 .z_init_PRE_KERNEL_1_P_40_SUB_00071_
                0x00000000080078a8        0x8 zephyr/drivers/gpio/libdrivers__gpio.a(gpio_stm32.c.obj)
 .z_init_PRE_KERNEL_1_P_40_SUB_00072_
                0x00000000080078b0        0x8 zephyr/drivers/gpio/libdrivers__gpio.a(gpio_stm32.c.obj)
 .z_init_PRE_KERNEL_1_P_40_SUB_00081_
                0x00000000080078b8        0x8 zephyr/drivers/gpio/libdrivers__gpio.a(gpio_stm32.c.obj)
 .z_init_PRE_KERNEL_1_P_40_SUB_0_
                0x00000000080078c0        0x8 zephyr/drivers/interrupt_controller/libdrivers__interrupt_controller.a(intc_gpio_stm32.c.obj)
 .z_init_PRE_KERNEL_1_P_50_SUB_00053_
                0x00000000080078c8        0x8 zephyr/drivers/serial/libdrivers__serial.a(uart_stm32.c.obj)
 .z_init_PRE_KERNEL_1_P_60_SUB_0_
                0x00000000080078d0        0x8 zephyr/drivers/console/libdrivers__console.a(uart_console.c.obj)
 *(SORT_BY_NAME(SORT_BY_ALIGNMENT(.z_init_PRE_KERNEL_1_P_???_*)))
                0x00000000080078d8                __init_PRE_KERNEL_2_start = .
 *(SORT_BY_NAME(SORT_BY_ALIGNMENT(.z_init_PRE_KERNEL_2_P_?_*)))
 .z_init_PRE_KERNEL_2_P_0_SUB_0_
                0x00000000080078d8        0x8 zephyr/drivers/timer/libdrivers__timer.a(cortex_m_systick.c.obj)
 *(SORT_BY_NAME(SORT_BY_ALIGNMENT(.z_init_PRE_KERNEL_2_P_??_*)))
 *(SORT_BY_NAME(SORT_BY_ALIGNMENT(.z_init_PRE_KERNEL_2_P_???_*)))
                0x00000000080078e0                __init_POST_KERNEL_start = .
 *(SORT_BY_NAME(SORT_BY_ALIGNMENT(.z_init_POST_KERNEL_P_?_*)))
 .z_init_POST_KERNEL_P_0_SUB_0_
                0x00000000080078e0        0x8 zephyr/libzephyr.a(log_core.c.obj)
 *(SORT_BY_NAME(SORT_BY_ALIGNMENT(.z_init_POST_KERNEL_P_??_*)))
 .z_init_POST_KERNEL_P_35_SUB_0_
                0x00000000080078e8        0x8 zephyr/lib/libc/newlib/liblib__libc__newlib.a(libc-hooks.c.obj)
 .z_init_POST_KERNEL_P_50_SUB_00086_
                0x00000000080078f0        0x8 zephyr/drivers/spi/libdrivers__spi.a(spi_stm32.c.obj)
 .z_init_POST_KERNEL_P_50_SUB_00087_
                0x00000000080078f8        0x8 zephyr/drivers/adc/libdrivers__adc.a(adc_ads1220.c.obj)
 *(SORT_BY_NAME(SORT_BY_ALIGNMENT(.z_init_POST_KERNEL_P_???_*)))
                0x0000000008007900                __init_APPLICATION_start = .
 *(SORT_BY_NAME(SORT_BY_ALIGNMENT(.z_init_APPLICATION_P_?_*)))
 *(SORT_BY_NAME(SORT_BY_ALIGNMENT(.z_init_APPLICATION_P_??_*)))
 *(SORT_BY_NAME(SORT_BY_ALIGNMENT(.z_init_APPLICATION_P_???_*)))
                0x0000000008007900                __init_SMP_start = .
 *(SORT_BY_NAME(SORT_BY_ALIGNMENT(.z_init_SMP_P_?_*)))
 *(SORT_BY_NAME(SORT_BY_ALIGNMENT(.z_init_SMP_P_??_*)))
 *(SORT_BY_NAME(SORT_BY_ALIGNMENT(.z_init_SMP_P_???_*)))
                0x0000000008007900                __init_end = .

device_area     0x0000000008007900      0x118
                0x0000000008007900                _device_list_start = .
 *(SORT_BY_NAME(SORT_BY_ALIGNMENT(._device.static.*_?_*)))
 ._device.static.1_1_
                0x0000000008007900       0x1c zephyr/drivers/clock_control/libdrivers__clock_control.a(clock_stm32_ll_common.c.obj)
                0x0000000008007900                __device_dts_ord_9
 *(SORT_BY_NAME(SORT_BY_ALIGNMENT(._device.static.*_??_*)))
 ._device.static.1_35_
                0x000000000800791c       0x1c zephyr/drivers/reset/libdrivers__reset.a(reset_stm32.c.obj)
                0x000000000800791c                __device_dts_ord_52
 ._device.static.1_40_
                0x0000000008007938       0x1c zephyr/drivers/interrupt_controller/libdrivers__interrupt_controller.a(intc_exti_stm32.c.obj)
                0x0000000008007938                __device_dts_ord_45
 ._device.static.1_40_
                0x0000000008007954       0x70 zephyr/drivers/gpio/libdrivers__gpio.a(gpio_stm32.c.obj)
                0x0000000008007954                __device_dts_ord_72
                0x0000000008007970                __device_dts_ord_71
                0x000000000800798c                __device_dts_ord_34
                0x00000000080079a8                __device_dts_ord_81
 ._device.static.1_50_
                0x00000000080079c4       0x1c zephyr/drivers/serial/libdrivers__serial.a(uart_stm32.c.obj)
                0x00000000080079c4                __device_dts_ord_53
 ._device.static.3_50_
                0x00000000080079e0       0x1c zephyr/drivers/adc/libdrivers__adc.a(adc_ads1220.c.obj)
                0x00000000080079e0                __device_dts_ord_87
 ._device.static.3_50_
                0x00000000080079fc       0x1c zephyr/drivers/spi/libdrivers__spi.a(spi_stm32.c.obj)
                0x00000000080079fc                __device_dts_ord_86
 *(SORT_BY_NAME(SORT_BY_ALIGNMENT(._device.static.*_???_*)))
 *(SORT_BY_NAME(SORT_BY_ALIGNMENT(._device.static.*_????_*)))
 *(SORT_BY_NAME(SORT_BY_ALIGNMENT(._device.static.*_?????_*)))
                0x0000000008007a18                _device_list_end = .

sw_isr_table    0x0000000008007a18      0x298
                0x0000000008007a18                . = ALIGN (0x4)
 *(SORT_BY_ALIGNMENT(.gnu.linkonce.sw_isr_table*))
 .gnu.linkonce.sw_isr_table
                0x0000000008007a18      0x298 zephyr/CMakeFiles/zephyr_final.dir/isr_tables.c.obj
                0x0000000008007a18                _sw_isr_table

initlevel_error
                0x0000000008007880        0x0
 *(SORT_BY_NAME(SORT_BY_ALIGNMENT(.z_init_*)))
                0x0000000000000001                ASSERT ((SIZEOF (initlevel_error) == 0x0), Undefined initialization levels used.)

app_shmem_regions
                0x0000000008007cb0        0x0
                0x0000000008007cb0                __app_shmem_regions_start = .
 *(SORT_BY_NAME(SORT_BY_ALIGNMENT(.app_regions.*)))
                0x0000000008007cb0                __app_shmem_regions_end = .

k_p4wq_initparam_area
                0x0000000008007cb0        0x0
                0x0000000008007cb0                _k_p4wq_initparam_list_start = .
 *(SORT_BY_NAME(SORT_BY_ALIGNMENT(._k_p4wq_initparam.static.*)))
                0x0000000008007cb0                _k_p4wq_initparam_list_end = .

_static_thread_data_area
                0x0000000008007cb0        0x0
                0x0000000008007cb0                __static_thread_data_list_start = .
 *(SORT_BY_NAME(SORT_BY_ALIGNMENT(.__static_thread_data.static.*)))
                0x0000000008007cb0                __static_thread_data_list_end = .

device_deps     0x0000000008007cb0        0x0
                0x0000000008007cb0                __device_deps_start = .
 *(SORT_BY_NAME(SORT_BY_ALIGNMENT(.__device_deps_pass2*)))
                0x0000000008007cb0                __device_deps_end = .

adc_driver_api_area
                0x0000000008007cb0        0x0
                0x0000000008007cb0                _adc_driver_api_list_start = .
 *(SORT_BY_NAME(SORT_BY_ALIGNMENT(._adc_driver_api.static.*)))
                0x0000000008007cb0                _adc_driver_api_list_end = .

gpio_driver_api_area
                0x0000000008007cb0       0x24
                0x0000000008007cb0                _gpio_driver_api_list_start = .
 *(SORT_BY_NAME(SORT_BY_ALIGNMENT(._gpio_driver_api.static.*)))
 ._gpio_driver_api.static.gpio_stm32_driver_
                0x0000000008007cb0       0x24 zephyr/drivers/gpio/libdrivers__gpio.a(gpio_stm32.c.obj)
                0x0000000008007cd4                _gpio_driver_api_list_end = .

reset_driver_api_area
                0x0000000008007cd4       0x10
                0x0000000008007cd4                _reset_driver_api_list_start = .
 *(SORT_BY_NAME(SORT_BY_ALIGNMENT(._reset_driver_api.static.*)))
 ._reset_driver_api.static.reset_stm32_driver_api_
                0x0000000008007cd4       0x10 zephyr/drivers/reset/libdrivers__reset.a(reset_stm32.c.obj)
                0x0000000008007ce4                _reset_driver_api_list_end = .

spi_driver_api_area
                0x0000000008007ce4        0x8
                0x0000000008007ce4                _spi_driver_api_list_start = .
 *(SORT_BY_NAME(SORT_BY_ALIGNMENT(._spi_driver_api.static.*)))
 ._spi_driver_api.static.api_funcs_
                0x0000000008007ce4        0x8 zephyr/drivers/spi/libdrivers__spi.a(spi_stm32.c.obj)
                0x0000000008007cec                _spi_driver_api_list_end = .

shared_irq_driver_api_area
                0x0000000008007cec        0x0
                0x0000000008007cec                _shared_irq_driver_api_list_start = .
 *(SORT_BY_NAME(SORT_BY_ALIGNMENT(._shared_irq_driver_api.static.*)))
                0x0000000008007cec                _shared_irq_driver_api_list_end = .

crypto_driver_api_area
                0x0000000008007cec        0x0
                0x0000000008007cec                _crypto_driver_api_list_start = .
 *(SORT_BY_NAME(SORT_BY_ALIGNMENT(._crypto_driver_api.static.*)))
                0x0000000008007cec                _crypto_driver_api_list_end = .

auxdisplay_driver_api_area
                0x0000000008007cec        0x0
                0x0000000008007cec                _auxdisplay_driver_api_list_start = .
 *(SORT_BY_NAME(SORT_BY_ALIGNMENT(._auxdisplay_driver_api.static.*)))
                0x0000000008007cec                _auxdisplay_driver_api_list_end = .

bbram_driver_api_area
                0x0000000008007cec        0x0
                0x0000000008007cec                _bbram_driver_api_list_start = .
 *(SORT_BY_NAME(SORT_BY_ALIGNMENT(._bbram_driver_api.static.*)))
                0x0000000008007cec                _bbram_driver_api_list_end = .

biometric_driver_api_area
                0x0000000008007cec        0x0
                0x0000000008007cec                _biometric_driver_api_list_start = .
 *(SORT_BY_NAME(SORT_BY_ALIGNMENT(._biometric_driver_api.static.*)))
                0x0000000008007cec                _biometric_driver_api_list_end = .

bt_hci_driver_api_area
                0x0000000008007cec        0x0
                0x0000000008007cec                _bt_hci_driver_api_list_start = .
 *(SORT_BY_NAME(SORT_BY_ALIGNMENT(._bt_hci_driver_api.static.*)))
                0x0000000008007cec                _bt_hci_driver_api_list_end = .

can_driver_api_area
                0x0000000008007cec        0x0
                0x0000000008007cec                _can_driver_api_list_start = .
 *(SORT_BY_NAME(SORT_BY_ALIGNMENT(._can_driver_api.static.*)))
                0x0000000008007cec                _can_driver_api_list_end = .

cellular_driver_api_area
                0x0000000008007cec        0x0
                0x0000000008007cec                _cellular_driver_api_list_start = .
 *(SORT_BY_NAME(SORT_BY_ALIGNMENT(._cellular_driver_api.static.*)))
                0x0000000008007cec                _cellular_driver_api_list_end = .

charger_driver_api_area
                0x0000000008007cec        0x0
                0x0000000008007cec                _charger_driver_api_list_start = .
 *(SORT_BY_NAME(SORT_BY_ALIGNMENT(._charger_driver_api.static.*)))
                0x0000000008007cec                _charger_driver_api_list_end = .

clock_control_driver_api_area
                0x0000000008007cec       0x1c
                0x0000000008007cec                _clock_control_driver_api_list_start = .
 *(SORT_BY_NAME(SORT_BY_ALIGNMENT(._clock_control_driver_api.static.*)))
 ._clock_control_driver_api.static.stm32_clock_control_api_
                0x0000000008007cec       0x1c zephyr/drivers/clock_control/libdrivers__clock_control.a(clock_stm32_ll_common.c.obj)
                0x0000000008007d08                _clock_control_driver_api_list_end = .

comparator_driver_api_area
                0x0000000008007d08        0x0
                0x0000000008007d08                _comparator_driver_api_list_start = .
 *(SORT_BY_NAME(SORT_BY_ALIGNMENT(._comparator_driver_api.static.*)))
                0x0000000008007d08                _comparator_driver_api_list_end = .

coredump_driver_api_area
                0x0000000008007d08        0x0
                0x0000000008007d08                _coredump_driver_api_list_start = .
 *(SORT_BY_NAME(SORT_BY_ALIGNMENT(._coredump_driver_api.static.*)))
                0x0000000008007d08                _coredump_driver_api_list_end = .

counter_driver_api_area
                0x0000000008007d08        0x0
                0x0000000008007d08                _counter_driver_api_list_start = .
 *(SORT_BY_NAME(SORT_BY_ALIGNMENT(._counter_driver_api.static.*)))
                0x0000000008007d08                _counter_driver_api_list_end = .

crc_driver_api_area
                0x0000000008007d08        0x0
                0x0000000008007d08                _crc_driver_api_list_start = .
 *(SORT_BY_NAME(SORT_BY_ALIGNMENT(._crc_driver_api.static.*)))
                0x0000000008007d08                _crc_driver_api_list_end = .

dac_driver_api_area
                0x0000000008007d08        0x0
                0x0000000008007d08                _dac_driver_api_list_start = .
 *(SORT_BY_NAME(SORT_BY_ALIGNMENT(._dac_driver_api.static.*)))
                0x0000000008007d08                _dac_driver_api_list_end = .

dai_driver_api_area
                0x0000000008007d08        0x0
                0x0000000008007d08                _dai_driver_api_list_start = .
 *(SORT_BY_NAME(SORT_BY_ALIGNMENT(._dai_driver_api.static.*)))
                0x0000000008007d08                _dai_driver_api_list_end = .

display_driver_api_area
                0x0000000008007d08        0x0
                0x0000000008007d08                _display_driver_api_list_start = .
 *(SORT_BY_NAME(SORT_BY_ALIGNMENT(._display_driver_api.static.*)))
                0x0000000008007d08                _display_driver_api_list_end = .

dma_driver_api_area
                0x0000000008007d08        0x0
                0x0000000008007d08                _dma_driver_api_list_start = .
 *(SORT_BY_NAME(SORT_BY_ALIGNMENT(._dma_driver_api.static.*)))
                0x0000000008007d08                _dma_driver_api_list_end = .

edac_driver_api_area
                0x0000000008007d08        0x0
                0x0000000008007d08                _edac_driver_api_list_start = .
 *(SORT_BY_NAME(SORT_BY_ALIGNMENT(._edac_driver_api.static.*)))
                0x0000000008007d08                _edac_driver_api_list_end = .

eeprom_driver_api_area
                0x0000000008007d08        0x0
                0x0000000008007d08                _eeprom_driver_api_list_start = .
 *(SORT_BY_NAME(SORT_BY_ALIGNMENT(._eeprom_driver_api.static.*)))
                0x0000000008007d08                _eeprom_driver_api_list_end = .

emul_bbram_driver_api_area
                0x0000000008007d08        0x0
                0x0000000008007d08                _emul_bbram_driver_api_list_start = .
 *(SORT_BY_NAME(SORT_BY_ALIGNMENT(._emul_bbram_driver_api.static.*)))
                0x0000000008007d08                _emul_bbram_driver_api_list_end = .

fuel_gauge_emul_driver_api_area
                0x0000000008007d08        0x0
                0x0000000008007d08                _fuel_gauge_emul_driver_api_list_start = .
 *(SORT_BY_NAME(SORT_BY_ALIGNMENT(._fuel_gauge_emul_driver_api.static.*)))
                0x0000000008007d08                _fuel_gauge_emul_driver_api_list_end = .

emul_sensor_driver_api_area
                0x0000000008007d08        0x0
                0x0000000008007d08                _emul_sensor_driver_api_list_start = .
 *(SORT_BY_NAME(SORT_BY_ALIGNMENT(._emul_sensor_driver_api.static.*)))
                0x0000000008007d08                _emul_sensor_driver_api_list_end = .

entropy_driver_api_area
                0x0000000008007d08        0x0
                0x0000000008007d08                _entropy_driver_api_list_start = .
 *(SORT_BY_NAME(SORT_BY_ALIGNMENT(._entropy_driver_api.static.*)))
                0x0000000008007d08                _entropy_driver_api_list_end = .

espi_driver_api_area
                0x0000000008007d08        0x0
                0x0000000008007d08                _espi_driver_api_list_start = .
 *(SORT_BY_NAME(SORT_BY_ALIGNMENT(._espi_driver_api.static.*)))
                0x0000000008007d08                _espi_driver_api_list_end = .

espi_saf_driver_api_area
                0x0000000008007d08        0x0
                0x0000000008007d08                _espi_saf_driver_api_list_start = .
 *(SORT_BY_NAME(SORT_BY_ALIGNMENT(._espi_saf_driver_api.static.*)))
                0x0000000008007d08                _espi_saf_driver_api_list_end = .

flash_driver_api_area
                0x0000000008007d08        0x0
                0x0000000008007d08                _flash_driver_api_list_start = .
 *(SORT_BY_NAME(SORT_BY_ALIGNMENT(._flash_driver_api.static.*)))
                0x0000000008007d08                _flash_driver_api_list_end = .

fpga_driver_api_area
                0x0000000008007d08        0x0
                0x0000000008007d08                _fpga_driver_api_list_start = .
 *(SORT_BY_NAME(SORT_BY_ALIGNMENT(._fpga_driver_api.static.*)))
                0x0000000008007d08                _fpga_driver_api_list_end = .

fuel_gauge_driver_api_area
                0x0000000008007d08        0x0
                0x0000000008007d08                _fuel_gauge_driver_api_list_start = .
 *(SORT_BY_NAME(SORT_BY_ALIGNMENT(._fuel_gauge_driver_api.static.*)))
                0x0000000008007d08                _fuel_gauge_driver_api_list_end = .

gnss_driver_api_area
                0x0000000008007d08        0x0
                0x0000000008007d08                _gnss_driver_api_list_start = .
 *(SORT_BY_NAME(SORT_BY_ALIGNMENT(._gnss_driver_api.static.*)))
                0x0000000008007d08                _gnss_driver_api_list_end = .

haptics_driver_api_area
                0x0000000008007d08        0x0
                0x0000000008007d08                _haptics_driver_api_list_start = .
 *(SORT_BY_NAME(SORT_BY_ALIGNMENT(._haptics_driver_api.static.*)))
                0x0000000008007d08                _haptics_driver_api_list_end = .

hwspinlock_driver_api_area
                0x0000000008007d08        0x0
                0x0000000008007d08                _hwspinlock_driver_api_list_start = .
 *(SORT_BY_NAME(SORT_BY_ALIGNMENT(._hwspinlock_driver_api.static.*)))
                0x0000000008007d08                _hwspinlock_driver_api_list_end = .

i2c_driver_api_area
                0x0000000008007d08        0x0
                0x0000000008007d08                _i2c_driver_api_list_start = .
 *(SORT_BY_NAME(SORT_BY_ALIGNMENT(._i2c_driver_api.static.*)))
                0x0000000008007d08                _i2c_driver_api_list_end = .

i2c_target_driver_api_area
                0x0000000008007d08        0x0
                0x0000000008007d08                _i2c_target_driver_api_list_start = .
 *(SORT_BY_NAME(SORT_BY_ALIGNMENT(._i2c_target_driver_api.static.*)))
                0x0000000008007d08                _i2c_target_driver_api_list_end = .

i2s_driver_api_area
                0x0000000008007d08        0x0
                0x0000000008007d08                _i2s_driver_api_list_start = .
 *(SORT_BY_NAME(SORT_BY_ALIGNMENT(._i2s_driver_api.static.*)))
                0x0000000008007d08                _i2s_driver_api_list_end = .

i3c_driver_api_area
                0x0000000008007d08        0x0
                0x0000000008007d08                _i3c_driver_api_list_start = .
 *(SORT_BY_NAME(SORT_BY_ALIGNMENT(._i3c_driver_api.static.*)))
                0x0000000008007d08                _i3c_driver_api_list_end = .

ipm_driver_api_area
                0x0000000008007d08        0x0
                0x0000000008007d08                _ipm_driver_api_list_start = .
 *(SORT_BY_NAME(SORT_BY_ALIGNMENT(._ipm_driver_api.static.*)))
                0x0000000008007d08                _ipm_driver_api_list_end = .

led_driver_api_area
                0x0000000008007d08        0x0
                0x0000000008007d08                _led_driver_api_list_start = .
 *(SORT_BY_NAME(SORT_BY_ALIGNMENT(._led_driver_api.static.*)))
                0x0000000008007d08                _led_driver_api_list_end = .

led_strip_driver_api_area
                0x0000000008007d08        0x0
                0x0000000008007d08                _led_strip_driver_api_list_start = .
 *(SORT_BY_NAME(SORT_BY_ALIGNMENT(._led_strip_driver_api.static.*)))
                0x0000000008007d08                _led_strip_driver_api_list_end = .

lora_driver_api_area
                0x0000000008007d08        0x0
                0x0000000008007d08                _lora_driver_api_list_start = .
 *(SORT_BY_NAME(SORT_BY_ALIGNMENT(._lora_driver_api.static.*)))
                0x0000000008007d08                _lora_driver_api_list_end = .

mbox_driver_api_area
                0x0000000008007d08        0x0
                0x0000000008007d08                _mbox_driver_api_list_start = .
 *(SORT_BY_NAME(SORT_BY_ALIGNMENT(._mbox_driver_api.static.*)))
                0x0000000008007d08                _mbox_driver_api_list_end = .

mdio_driver_api_area
                0x0000000008007d08        0x0
                0x0000000008007d08                _mdio_driver_api_list_start = .
 *(SORT_BY_NAME(SORT_BY_ALIGNMENT(._mdio_driver_api.static.*)))
                0x0000000008007d08                _mdio_driver_api_list_end = .

mipi_dbi_driver_api_area
                0x0000000008007d08        0x0
                0x0000000008007d08                _mipi_dbi_driver_api_list_start = .
 *(SORT_BY_NAME(SORT_BY_ALIGNMENT(._mipi_dbi_driver_api.static.*)))
                0x0000000008007d08                _mipi_dbi_driver_api_list_end = .

mipi_dsi_driver_api_area
                0x0000000008007d08        0x0
                0x0000000008007d08                _mipi_dsi_driver_api_list_start = .
 *(SORT_BY_NAME(SORT_BY_ALIGNMENT(._mipi_dsi_driver_api.static.*)))
                0x0000000008007d08                _mipi_dsi_driver_api_list_end = .

mspi_driver_api_area
                0x0000000008007d08        0x0
                0x0000000008007d08                _mspi_driver_api_list_start = .
 *(SORT_BY_NAME(SORT_BY_ALIGNMENT(._mspi_driver_api.static.*)))
                0x0000000008007d08                _mspi_driver_api_list_end = .

opamp_driver_api_area
                0x0000000008007d08        0x0
                0x0000000008007d08                _opamp_driver_api_list_start = .
 *(SORT_BY_NAME(SORT_BY_ALIGNMENT(._opamp_driver_api.static.*)))
                0x0000000008007d08                _opamp_driver_api_list_end = .

otp_driver_api_area
                0x0000000008007d08        0x0
                0x0000000008007d08                _otp_driver_api_list_start = .
 *(SORT_BY_NAME(SORT_BY_ALIGNMENT(._otp_driver_api.static.*)))
                0x0000000008007d08                _otp_driver_api_list_end = .

peci_driver_api_area
                0x0000000008007d08        0x0
                0x0000000008007d08                _peci_driver_api_list_start = .
 *(SORT_BY_NAME(SORT_BY_ALIGNMENT(._peci_driver_api.static.*)))
                0x0000000008007d08                _peci_driver_api_list_end = .

ps2_driver_api_area
                0x0000000008007d08        0x0
                0x0000000008007d08                _ps2_driver_api_list_start = .
 *(SORT_BY_NAME(SORT_BY_ALIGNMENT(._ps2_driver_api.static.*)))
                0x0000000008007d08                _ps2_driver_api_list_end = .

ptp_clock_driver_api_area
                0x0000000008007d08        0x0
                0x0000000008007d08                _ptp_clock_driver_api_list_start = .
 *(SORT_BY_NAME(SORT_BY_ALIGNMENT(._ptp_clock_driver_api.static.*)))
                0x0000000008007d08                _ptp_clock_driver_api_list_end = .

pwm_driver_api_area
                0x0000000008007d08        0x0
                0x0000000008007d08                _pwm_driver_api_list_start = .
 *(SORT_BY_NAME(SORT_BY_ALIGNMENT(._pwm_driver_api.static.*)))
                0x0000000008007d08                _pwm_driver_api_list_end = .

regulator_parent_driver_api_area
                0x0000000008007d08        0x0
                0x0000000008007d08                _regulator_parent_driver_api_list_start = .
 *(SORT_BY_NAME(SORT_BY_ALIGNMENT(._regulator_parent_driver_api.static.*)))
                0x0000000008007d08                _regulator_parent_driver_api_list_end = .

regulator_driver_api_area
                0x0000000008007d08        0x0
                0x0000000008007d08                _regulator_driver_api_list_start = .
 *(SORT_BY_NAME(SORT_BY_ALIGNMENT(._regulator_driver_api.static.*)))
                0x0000000008007d08                _regulator_driver_api_list_end = .

retained_mem_driver_api_area
                0x0000000008007d08        0x0
                0x0000000008007d08                _retained_mem_driver_api_list_start = .
 *(SORT_BY_NAME(SORT_BY_ALIGNMENT(._retained_mem_driver_api.static.*)))
                0x0000000008007d08                _retained_mem_driver_api_list_end = .

rtc_driver_api_area
                0x0000000008007d08        0x0
                0x0000000008007d08                _rtc_driver_api_list_start = .
 *(SORT_BY_NAME(SORT_BY_ALIGNMENT(._rtc_driver_api.static.*)))
                0x0000000008007d08                _rtc_driver_api_list_end = .

sdhc_driver_api_area
                0x0000000008007d08        0x0
                0x0000000008007d08                _sdhc_driver_api_list_start = .
 *(SORT_BY_NAME(SORT_BY_ALIGNMENT(._sdhc_driver_api.static.*)))
                0x0000000008007d08                _sdhc_driver_api_list_end = .

sensor_driver_api_area
                0x0000000008007d08        0x0
                0x0000000008007d08                _sensor_driver_api_list_start = .
 *(SORT_BY_NAME(SORT_BY_ALIGNMENT(._sensor_driver_api.static.*)))
                0x0000000008007d08                _sensor_driver_api_list_end = .

smbus_driver_api_area
                0x0000000008007d08        0x0
                0x0000000008007d08                _smbus_driver_api_list_start = .
 *(SORT_BY_NAME(SORT_BY_ALIGNMENT(._smbus_driver_api.static.*)))
                0x0000000008007d08                _smbus_driver_api_list_end = .

stepper_driver_api_area
                0x0000000008007d08        0x0
                0x0000000008007d08                _stepper_driver_api_list_start = .
 *(SORT_BY_NAME(SORT_BY_ALIGNMENT(._stepper_driver_api.static.*)))
                0x0000000008007d08                _stepper_driver_api_list_end = .

stepper_drv_driver_api_area
                0x0000000008007d08        0x0
                0x0000000008007d08                _stepper_drv_driver_api_list_start = .
 *(SORT_BY_NAME(SORT_BY_ALIGNMENT(._stepper_drv_driver_api.static.*)))
                0x0000000008007d08                _stepper_drv_driver_api_list_end = .

syscon_driver_api_area
                0x0000000008007d08        0x0
                0x0000000008007d08                _syscon_driver_api_list_start = .
 *(SORT_BY_NAME(SORT_BY_ALIGNMENT(._syscon_driver_api.static.*)))
                0x0000000008007d08                _syscon_driver_api_list_end = .

tee_driver_api_area
                0x0000000008007d08        0x0
                0x0000000008007d08                _tee_driver_api_list_start = .
 *(SORT_BY_NAME(SORT_BY_ALIGNMENT(._tee_driver_api.static.*)))
                0x0000000008007d08                _tee_driver_api_list_end = .

video_driver_api_area
                0x0000000008007d08        0x0
                0x0000000008007d08                _video_driver_api_list_start = .
 *(SORT_BY_NAME(SORT_BY_ALIGNMENT(._video_driver_api.static.*)))
                0x0000000008007d08                _video_driver_api_list_end = .

virtio_driver_api_area
                0x0000000008007d08        0x0
                0x0000000008007d08                _virtio_driver_api_list_start = .
 *(SORT_BY_NAME(SORT_BY_ALIGNMENT(._virtio_driver_api.static.*)))
                0x0000000008007d08                _virtio_driver_api_list_end = .

w1_driver_api_area
                0x0000000008007d08        0x0
                0x0000000008007d08                _w1_driver_api_list_start = .
 *(SORT_BY_NAME(SORT_BY_ALIGNMENT(._w1_driver_api.static.*)))
                0x0000000008007d08                _w1_driver_api_list_end = .

wdt_driver_api_area
                0x0000000008007d08        0x0
                0x0000000008007d08                _wdt_driver_api_list_start = .
 *(SORT_BY_NAME(SORT_BY_ALIGNMENT(._wdt_driver_api.static.*)))
                0x0000000008007d08                _wdt_driver_api_list_end = .

can_transceiver_driver_api_area
                0x0000000008007d08        0x0
                0x0000000008007d08                _can_transceiver_driver_api_list_start = .
 *(SORT_BY_NAME(SORT_BY_ALIGNMENT(._can_transceiver_driver_api.static.*)))
                0x0000000008007d08                _can_transceiver_driver_api_list_end = .

nrf_clock_control_driver_api_area
                0x0000000008007d08        0x0
                0x0000000008007d08                _nrf_clock_control_driver_api_list_start = .
 *(SORT_BY_NAME(SORT_BY_ALIGNMENT(._nrf_clock_control_driver_api.static.*)))
                0x0000000008007d08                _nrf_clock_control_driver_api_list_end = .

i3c_target_driver_api_area
                0x0000000008007d08        0x0
                0x0000000008007d08                _i3c_target_driver_api_list_start = .
 *(SORT_BY_NAME(SORT_BY_ALIGNMENT(._i3c_target_driver_api.static.*)))
                0x0000000008007d08                _i3c_target_driver_api_list_end = .

its_driver_api_area
                0x0000000008007d08        0x0
                0x0000000008007d08                _its_driver_api_list_start = .
 *(SORT_BY_NAME(SORT_BY_ALIGNMENT(._its_driver_api.static.*)))
                0x0000000008007d08                _its_driver_api_list_end = .

vtd_driver_api_area
                0x0000000008007d08        0x0
                0x0000000008007d08                _vtd_driver_api_list_start = .
 *(SORT_BY_NAME(SORT_BY_ALIGNMENT(._vtd_driver_api.static.*)))
                0x0000000008007d08                _vtd_driver_api_list_end = .

renesas_elc_driver_api_area
                0x0000000008007d08        0x0
                0x0000000008007d08                _renesas_elc_driver_api_list_start = .
 *(SORT_BY_NAME(SORT_BY_ALIGNMENT(._renesas_elc_driver_api.static.*)))
                0x0000000008007d08                _renesas_elc_driver_api_list_end = .

tgpio_driver_api_area
                0x0000000008007d08        0x0
                0x0000000008007d08                _tgpio_driver_api_list_start = .
 *(SORT_BY_NAME(SORT_BY_ALIGNMENT(._tgpio_driver_api.static.*)))
                0x0000000008007d08                _tgpio_driver_api_list_end = .

pcie_ctrl_driver_api_area
                0x0000000008007d08        0x0
                0x0000000008007d08                _pcie_ctrl_driver_api_list_start = .
 *(SORT_BY_NAME(SORT_BY_ALIGNMENT(._pcie_ctrl_driver_api.static.*)))
                0x0000000008007d08                _pcie_ctrl_driver_api_list_end = .

pcie_ep_driver_api_area
                0x0000000008007d08        0x0
                0x0000000008007d08                _pcie_ep_driver_api_list_start = .
 *(SORT_BY_NAME(SORT_BY_ALIGNMENT(._pcie_ep_driver_api.static.*)))
                0x0000000008007d08                _pcie_ep_driver_api_list_end = .

psi5_driver_api_area
                0x0000000008007d08        0x0
                0x0000000008007d08                _psi5_driver_api_list_start = .
 *(SORT_BY_NAME(SORT_BY_ALIGNMENT(._psi5_driver_api.static.*)))
                0x0000000008007d08                _psi5_driver_api_list_end = .

sent_driver_api_area
                0x0000000008007d08        0x0
                0x0000000008007d08                _sent_driver_api_list_start = .
 *(SORT_BY_NAME(SORT_BY_ALIGNMENT(._sent_driver_api.static.*)))
                0x0000000008007d08                _sent_driver_api_list_end = .

svc_driver_api_area
                0x0000000008007d08        0x0
                0x0000000008007d08                _svc_driver_api_list_start = .
 *(SORT_BY_NAME(SORT_BY_ALIGNMENT(._svc_driver_api.static.*)))
                0x0000000008007d08                _svc_driver_api_list_end = .

uart_driver_api_area
                0x0000000008007d08       0x14
                0x0000000008007d08                _uart_driver_api_list_start = .
 *(SORT_BY_NAME(SORT_BY_ALIGNMENT(._uart_driver_api.static.*)))
 ._uart_driver_api.static.uart_stm32_driver_api_
                0x0000000008007d08       0x14 zephyr/drivers/serial/libdrivers__serial.a(uart_stm32.c.obj)
                0x0000000008007d1c                _uart_driver_api_list_end = .

bc12_emul_driver_api_area
                0x0000000008007d1c        0x0
                0x0000000008007d1c                _bc12_emul_driver_api_list_start = .
 *(SORT_BY_NAME(SORT_BY_ALIGNMENT(._bc12_emul_driver_api.static.*)))
                0x0000000008007d1c                _bc12_emul_driver_api_list_end = .

bc12_driver_api_area
                0x0000000008007d1c        0x0
                0x0000000008007d1c                _bc12_driver_api_list_start = .
 *(SORT_BY_NAME(SORT_BY_ALIGNMENT(._bc12_driver_api.static.*)))
                0x0000000008007d1c                _bc12_driver_api_list_end = .

usbc_ppc_driver_api_area
                0x0000000008007d1c        0x0
                0x0000000008007d1c                _usbc_ppc_driver_api_list_start = .
 *(SORT_BY_NAME(SORT_BY_ALIGNMENT(._usbc_ppc_driver_api.static.*)))
                0x0000000008007d1c                _usbc_ppc_driver_api_list_end = .

tcpc_driver_api_area
                0x0000000008007d1c        0x0
                0x0000000008007d1c                _tcpc_driver_api_list_start = .
 *(SORT_BY_NAME(SORT_BY_ALIGNMENT(._tcpc_driver_api.static.*)))
                0x0000000008007d1c                _tcpc_driver_api_list_end = .

usbc_vbus_driver_api_area
                0x0000000008007d1c        0x0
                0x0000000008007d1c                _usbc_vbus_driver_api_list_start = .
 *(SORT_BY_NAME(SORT_BY_ALIGNMENT(._usbc_vbus_driver_api.static.*)))
                0x0000000008007d1c                _usbc_vbus_driver_api_list_end = .

ivshmem_driver_api_area
                0x0000000008007d1c        0x0
                0x0000000008007d1c                _ivshmem_driver_api_list_start = .
 *(SORT_BY_NAME(SORT_BY_ALIGNMENT(._ivshmem_driver_api.static.*)))
                0x0000000008007d1c                _ivshmem_driver_api_list_end = .

ethphy_driver_api_area
                0x0000000008007d1c        0x0
                0x0000000008007d1c                _ethphy_driver_api_list_start = .
 *(SORT_BY_NAME(SORT_BY_ALIGNMENT(._ethphy_driver_api.static.*)))
                0x0000000008007d1c                _ethphy_driver_api_list_end = .

ztest           0x0000000008007d1c        0x0
                0x0000000008007d1c                _ztest_expected_result_entry_list_start = .
 *(SORT_BY_NAME(SORT_BY_ALIGNMENT(._ztest_expected_result_entry.static.*)))
                0x0000000008007d1c                _ztest_expected_result_entry_list_end = .
                0x0000000008007d1c                _ztest_suite_node_list_start = .
 *(SORT_BY_NAME(SORT_BY_ALIGNMENT(._ztest_suite_node.static.*)))
                0x0000000008007d1c                _ztest_suite_node_list_end = .
                0x0000000008007d1c                _ztest_unit_test_list_start = .
 *(SORT_BY_NAME(SORT_BY_ALIGNMENT(._ztest_unit_test.static.*)))
                0x0000000008007d1c                _ztest_unit_test_list_end = .
                0x0000000008007d1c                _ztest_test_rule_list_start = .
 *(SORT_BY_NAME(SORT_BY_ALIGNMENT(._ztest_test_rule.static.*)))
                0x0000000008007d1c                _ztest_test_rule_list_end = .

init_array      0x0000000008007d1c        0x0
                0x0000000008007d1c                __zephyr_init_array_start = .
 *(SORT_BY_INIT_PRIORITY(.init_array.*) SORT_BY_INIT_PRIORITY(.ctors.*))
 *(SORT_BY_ALIGNMENT(.init_array) SORT_BY_ALIGNMENT(.ctors))
                0x0000000008007d1c                __zephyr_init_array_end = .