Archive member included to satisfy reference by file (symbol)

app/libapp.a(main.c.obj)      (--whole-archive)
zephyr/libzephyr.a(validate_libc.c.obj)
                              (--whole-archive)
zephyr/libzephyr.a(heap.c.obj)
                              (--whole-archive)
zephyr/libzephyr.a(cbprintf_packaged.c.obj)
                              (--whole-archive)
zephyr/libzephyr.a(clock.c.obj)
                              (--whole-archive)
zephyr/libzephyr.a(printk.c.obj)
                              (--whole-archive)
zephyr/libzephyr.a(sem.c.obj)
                              (--whole-archive)
zephyr/libzephyr.a(thread_entry.c.obj)
                              (--whole-archive)
zephyr/libzephyr.a(cbprintf_complete.c.obj)
                              (--whole-archive)
zephyr/libzephyr.a(assert.c.obj)
                              (--whole-archive)
zephyr/libzephyr.a(dec.c.obj)
                              (--whole-archive)
zephyr/libzephyr.a(hex.c.obj)
                              (--whole-archive)
zephyr/libzephyr.a(rb.c.obj)  (--whole-archive)
zephyr/libzephyr.a(timeutil.c.obj)
                              (--whole-archive)
zephyr/libzephyr.a(bitarray.c.obj)
                              (--whole-archive)
zephyr/libzephyr.a(bitmask.c.obj)
                              (--whole-archive)
zephyr/libzephyr.a(getopt.c.obj)
                              (--whole-archive)
zephyr/libzephyr.a(getopt_common.c.obj)
                              (--whole-archive)
zephyr/libzephyr.a(ring_buffer.c.obj)
                              (--whole-archive)
zephyr/libzephyr.a(last_section_id.c.obj)
                              (--whole-archive)
zephyr/libzephyr.a(configs.c.obj)
                              (--whole-archive)
zephyr/libzephyr.a(stm32cube_hal.c.obj)
                              (--whole-archive)
zephyr/libzephyr.a(soc_config.c.obj)
                              (--whole-archive)
zephyr/libzephyr.a(stm32_backup_domain.c.obj)
                              (--whole-archive)
zephyr/libzephyr.a(soc.c.obj)
                              (--whole-archive)
zephyr/libzephyr.a(mem_attr.c.obj)
                              (--whole-archive)
zephyr/libzephyr.a(tracing_none.c.obj)
                              (--whole-archive)
zephyr/arch/common/libarch__common.a(sw_isr_common.c.obj)
                              (--whole-archive)
zephyr/arch/common/libarch__common.a(init.c.obj)
                              (--whole-archive)
zephyr/arch/common/libarch__common.a(xip.c.obj)
                              (--whole-archive)
zephyr/arch/arch/arm/core/libarch__arm__core.a(fatal.c.obj)
                              (--whole-archive)
zephyr/arch/arch/arm/core/libarch__arm__core.a(nmi.c.obj)
                              (--whole-archive)
zephyr/arch/arch/arm/core/libarch__arm__core.a(nmi_on_reset.S.obj)
                              (--whole-archive)
zephyr/arch/arch/arm/core/libarch__arm__core.a(tls.c.obj)
                              (--whole-archive)
zephyr/arch/arch/arm/core/cortex_m/libarch__arm__core__cortex_m.a(exc_exit.c.obj)
                              (--whole-archive)
zephyr/arch/arch/arm/core/cortex_m/libarch__arm__core__cortex_m.a(fault.c.obj)
                              (--whole-archive)
zephyr/arch/arch/arm/core/cortex_m/libarch__arm__core__cortex_m.a(fault_s.S.obj)
                              (--whole-archive)
zephyr/arch/arch/arm/core/cortex_m/libarch__arm__core__cortex_m.a(fpu.c.obj)
                              (--whole-archive)
zephyr/arch/arch/arm/core/cortex_m/libarch__arm__core__cortex_m.a(reset.S.obj)
                              (--whole-archive)
zephyr/arch/arch/arm/core/cortex_m/libarch__arm__core__cortex_m.a(scb.c.obj)
                              (--whole-archive)
zephyr/arch/arch/arm/core/cortex_m/libarch__arm__core__cortex_m.a(thread_abort.c.obj)
                              (--whole-archive)
zephyr/arch/arch/arm/core/cortex_m/libarch__arm__core__cortex_m.a(vector_table.S.obj)
                              (--whole-archive)
zephyr/arch/arch/arm/core/cortex_m/libarch__arm__core__cortex_m.a(swap_helper.S.obj)
                              (--whole-archive)
zephyr/arch/arch/arm/core/cortex_m/libarch__arm__core__cortex_m.a(irq_manage.c.obj)
                              (--whole-archive)
zephyr/arch/arch/arm/core/cortex_m/libarch__arm__core__cortex_m.a(prep_c.c.obj)
                              (--whole-archive)
zephyr/arch/arch/arm/core/cortex_m/libarch__arm__core__cortex_m.a(thread.c.obj)
                              (--whole-archive)
zephyr/arch/arch/arm/core/cortex_m/libarch__arm__core__cortex_m.a(cpu_idle.c.obj)
                              (--whole-archive)
zephyr/arch/arch/arm/core/cortex_m/libarch__arm__core__cortex_m.a(irq_init.c.obj)
                              (--whole-archive)
zephyr/arch/arch/arm/core/cortex_m/libarch__arm__core__cortex_m.a(isr_wrapper.c.obj)
                              (--whole-archive)
[...]
Memory Configuration

Name             Origin             Length             Attributes
FLASH            0x0000000008000000 0x0000000000080000 xr
RAM              0x0000000020000000 0x0000000000028000 xw
SRAM0            0x0000000020000000 0x0000000000028000 rw
IDT_LIST         0x00000000ffff7fff 0x0000000000008000 xw
*default*        0x0000000000000000 0xffffffffffffffff

Linker script and memory map

                0x00000000080033d0                vfprintf = __l_vfprintf
                0x0000000000000000                vfscanf = __l_vfscanf
LOAD zephyr/CMakeFiles/zephyr_pre0.dir/misc/empty_file.c.obj
LOAD zephyr/CMakeFiles/offsets.dir/./arch/arm/core/offsets/offsets.c.obj
LOAD app/libapp.a
LOAD zephyr/libzephyr.a
LOAD zephyr/arch/common/libarch__common.a
LOAD zephyr/arch/arch/arm/core/libarch__arm__core.a
LOAD zephyr/arch/arch/arm/core/cortex_m/libarch__arm__core__cortex_m.a
LOAD zephyr/arch/arch/arm/core/mpu/libarch__arm__core__mpu.a
LOAD zephyr/lib/libc/picolibc/liblib__libc__picolibc.a
LOAD zephyr/lib/libc/common/liblib__libc__common.a
LOAD zephyr/lib/posix/c_lib_ext/liblib__posix__c_lib_ext.a
LOAD zephyr/drivers/interrupt_controller/libdrivers__interrupt_controller.a
LOAD zephyr/drivers/adc/libdrivers__adc.a
LOAD zephyr/drivers/clock_control/libdrivers__clock_control.a
LOAD zephyr/drivers/console/libdrivers__console.a
LOAD zephyr/drivers/gpio/libdrivers__gpio.a
LOAD zephyr/drivers/pinctrl/libdrivers__pinctrl.a
LOAD zephyr/drivers/reset/libdrivers__reset.a
LOAD zephyr/drivers/serial/libdrivers__serial.a
LOAD zephyr/drivers/spi/libdrivers__spi.a
LOAD zephyr/drivers/timer/libdrivers__timer.a
LOAD modules/hal_stm32/stm32cube/lib..__modules__hal__stm32__stm32cube.a
LOAD zephyr/kernel/libkernel.a
LOAD zephyr/arch/common/libisr_tables.a
LOAD c:\users\kostas.caplinskas\zephyr-sdk-0.17.4\arm-zephyr-eabi\bin\../lib/gcc/../../picolibc/arm-zephyr-eabi/lib/thumb/v7e-m/nofp\libc.a
LOAD c:/users/kostas.caplinskas/zephyr-sdk-0.17.4/arm-zephyr-eabi/bin/../lib/gcc/arm-zephyr-eabi/12.2.0/thumb/v7e-m/nofp\libgcc.a
                0x0000000000000020                _region_min_align = 0x20

.rel.plt        0x0000000008000000        0x0
 *(SORT_BY_ALIGNMENT(.rel.plt))
                [!provide]                        PROVIDE (__rel_iplt_start = .)
 *(SORT_BY_ALIGNMENT(.rel.iplt))
 .rel.iplt      0x0000000008000000        0x0 app/libapp.a(main.c.obj)
                [!provide]                        PROVIDE (__rel_iplt_end = .)

.rela.plt       0x0000000000000000        0x0
 *(SORT_BY_ALIGNMENT(.rela.plt))
                [!provide]                        PROVIDE (__rela_iplt_start = .)
 *(SORT_BY_ALIGNMENT(.rela.iplt))
                [!provide]                        PROVIDE (__rela_iplt_end = .)

.rel.dyn
 *(SORT_BY_ALIGNMENT(.rel.*))

.rela.dyn
 *(SORT_BY_ALIGNMENT(.rela.*))

/DISCARD/
 *(SORT_BY_ALIGNMENT(.plt))

/DISCARD/
 *(SORT_BY_ALIGNMENT(.iplt))
                0x0000000008000000                __rom_region_start = 0x8000000

rom_start       0x0000000008000000      0x194
                0x0000000008000000                __rom_start_address = .
 FILL mask 0x00
                0x0000000008000000                . = (. + (0x0 - (. - __rom_start_address)))
                0x0000000008000000                . = ALIGN (0x4)
                0x0000000008000000                . = ALIGN (0x80)
                0x0000000008000000                . = ALIGN (0x200)
                0x0000000008000000                _vector_start = .
 *(SORT_BY_ALIGNMENT(.exc_vector_table))
 *(SORT_BY_ALIGNMENT(.exc_vector_table.*))
 .exc_vector_table._vector_table_section
                0x0000000008000000       0x40 zephyr/arch/arch/arm/core/cortex_m/libarch__arm__core__cortex_m.a(vector_table.S.obj)
                0x0000000008000000                _vector_table
 *(SORT_BY_ALIGNMENT(.vectors))
                0x0000000008000194                _vector_end = .
                0x0000000008000040                . = ALIGN (0x4)
 *(SORT_BY_ALIGNMENT(.gnu.linkonce.irq_vector_table*))
 .gnu.linkonce.irq_vector_table
                0x0000000008000040      0x154 zephyr/arch/common/libisr_tables.a(isr_tables.c.obj)
                0x0000000008000040                _irq_vector_table
                0x0000000008000194                _vector_end = .

text            0x0000000008000194     0x4a10
                0x0000000008000194                __text_region_start = .
 *(SORT_BY_ALIGNMENT(.text))
 .text          0x0000000008000194       0x30 c:/users/kostas.caplinskas/zephyr-sdk-0.17.4/arm-zephyr-eabi/bin/../lib/gcc/arm-zephyr-eabi/12.2.0/thumb/v7e-m/nofp\libgcc.a(_aeabi_uldivmod.o)
                0x0000000008000194                __aeabi_uldivmod
 .text          0x00000000080001c4        0x4 c:/users/kostas.caplinskas/zephyr-sdk-0.17.4/arm-zephyr-eabi/bin/../lib/gcc/arm-zephyr-eabi/12.2.0/thumb/v7e-m/nofp\libgcc.a(_dvmd_tls.o)
                0x00000000080001c4                __aeabi_idiv0
                0x00000000080001c4                __aeabi_ldiv0
 .text          0x00000000080001c8      0x2a0 c:/users/kostas.caplinskas/zephyr-sdk-0.17.4/arm-zephyr-eabi/bin/../lib/gcc/arm-zephyr-eabi/12.2.0/thumb/v7e-m/nofp\libgcc.a(_udivmoddi4.o)
                0x00000000080001c8                __udivmoddi4
 *(SORT_BY_ALIGNMENT(.text.*))
 .text.main     0x0000000008000468       0x94 app/libapp.a(main.c.obj)
                0x0000000008000468                main
 .text.char_out
                0x00000000080004fc        0xc zephyr/libzephyr.a(printk.c.obj)
 .text.__printk_hook_install
                0x0000000008000508        0xc zephyr/libzephyr.a(printk.c.obj)
                0x0000000008000508                __printk_hook_install
 .text.vprintk  0x0000000008000514       0x30 zephyr/libzephyr.a(printk.c.obj)
                0x0000000008000514                vprintk
 .text.z_thread_entry
                0x0000000008000544       0x34 zephyr/libzephyr.a(thread_entry.c.obj)
                0x0000000008000544                z_thread_entry
 .text.st_stm32_common_config
                0x0000000008000578       0x14 zephyr/libzephyr.a(soc_config.c.obj)
 .text.soc_early_init_hook
                0x000000000800058c       0x30 zephyr/libzephyr.a(soc.c.obj)
                0x000000000800058c                soc_early_init_hook
 .text.mem_attr_get_regions
                0x00000000080005bc        0xc zephyr/libzephyr.a(mem_attr.c.obj)
                0x00000000080005bc                mem_attr_get_regions
 .text.arch_bss_zero
                0x00000000080005c8       0x18 zephyr/arch/common/libarch__common.a(init.c.obj)
                0x00000000080005c8                arch_bss_zero
 .text.arch_data_copy
                0x00000000080005e0       0x38 zephyr/arch/common/libarch__common.a(xip.c.obj)
                0x00000000080005e0                arch_data_copy
 .text.z_arm_fatal_error
                0x0000000008000618       0x60 zephyr/arch/arch/arm/core/libarch__arm__core.a(fatal.c.obj)
                0x0000000008000618                z_arm_fatal_error
 .text.z_SysNmiOnReset
                0x0000000008000678        0x8 zephyr/arch/arch/arm/core/libarch__arm__core.a(nmi_on_reset.S.obj)
                0x0000000008000678                z_SysNmiOnReset
 .text.arch_tls_stack_setup
                0x0000000008000680       0x40 zephyr/arch/arch/arm/core/libarch__arm__core.a(tls.c.obj)
                0x0000000008000680                arch_tls_stack_setup
 .text._HandlerModeExit
                0x00000000080006c0       0x20 zephyr/arch/arch/arm/core/cortex_m/libarch__arm__core__cortex_m.a(exc_exit.c.obj)
                0x00000000080006c0                z_arm_int_exit
                0x00000000080006c0                z_arm_exc_exit
 .text.mem_manage_fault
                0x00000000080006e0       0xf0 zephyr/arch/arch/arm/core/cortex_m/libarch__arm__core__cortex_m.a(fault.c.obj)
 .text.usage_fault.constprop.0
                0x00000000080007d0       0x98 zephyr/arch/arch/arm/core/cortex_m/libarch__arm__core__cortex_m.a(fault.c.obj)
 .text.bus_fault.constprop.0
                0x0000000008000868       0xb8 zephyr/arch/arch/arm/core/cortex_m/libarch__arm__core__cortex_m.a(fault.c.obj)
 .text.z_arm_fault
                0x0000000008000920      0x1a0 zephyr/arch/arch/arm/core/cortex_m/libarch__arm__core__cortex_m.a(fault.c.obj)
                0x0000000008000920                z_arm_fault
 .text.z_arm_fault_init
                0x0000000008000ac0       0x18 zephyr/arch/arch/arm/core/cortex_m/libarch__arm__core__cortex_m.a(fault.c.obj)
                0x0000000008000ac0                z_arm_fault_init
 .text.__fault  0x0000000008000ad8       0x14 zephyr/arch/arch/arm/core/cortex_m/libarch__arm__core__cortex_m.a(fault_s.S.obj)
                0x0000000008000ad8                z_arm_usage_fault
                0x0000000008000ad8                z_arm_mpu_fault
                0x0000000008000ad8                z_arm_exc_spurious
                0x0000000008000ad8                z_arm_debug_monitor
                0x0000000008000ad8                z_arm_hard_fault
                0x0000000008000ad8                z_arm_bus_fault
 .text._reset_section
                0x0000000008000aec       0x34 zephyr/arch/arch/arm/core/cortex_m/libarch__arm__core__cortex_m.a(reset.S.obj)
                0x0000000008000aec                __start
                0x0000000008000aec                z_arm_reset
 .text.z_impl_k_thread_abort
                0x0000000008000b20       0x2c zephyr/arch/arch/arm/core/cortex_m/libarch__arm__core__cortex_m.a(thread_abort.c.obj)
                0x0000000008000b20                z_impl_k_thread_abort
 .text.z_arm_pendsv
                0x0000000008000b4c       0x60 zephyr/arch/arch/arm/core/cortex_m/libarch__arm__core__cortex_m.a(swap_helper.S.obj)
                0x0000000008000b4c                z_arm_pendsv
 .text.z_arm_svc
                0x0000000008000bac       0x24 zephyr/arch/arch/arm/core/cortex_m/libarch__arm__core__cortex_m.a(swap_helper.S.obj)
                0x0000000008000bac                z_arm_svc
 .text.arm_irq_enable
                0x0000000008000bd0       0x1c zephyr/arch/arch/arm/core/cortex_m/libarch__arm__core__cortex_m.a(irq_manage.c.obj)
                0x0000000008000bd0                arm_irq_enable
 .text.arm_irq_priority_set
                0x0000000008000bec       0x30 zephyr/arch/arch/arm/core/cortex_m/libarch__arm__core__cortex_m.a(irq_manage.c.obj)
                0x0000000008000bec                arm_irq_priority_set
 .text.relocate_vector_table
                0x0000000008000c1c       0x1c zephyr/arch/arch/arm/core/cortex_m/libarch__arm__core__cortex_m.a(prep_c.c.obj)
                0x0000000008000c1c                relocate_vector_table
 .text.z_prep_c
                0x0000000008000c38       0x38 zephyr/arch/arch/arm/core/cortex_m/libarch__arm__core__cortex_m.a(prep_c.c.obj)
                0x0000000008000c38                z_prep_c
 .text.arch_new_thread
                0x0000000008000c70       0x38 zephyr/arch/arch/arm/core/cortex_m/libarch__arm__core__cortex_m.a(thread.c.obj)
                0x0000000008000c70                arch_new_thread
 .text.z_check_thread_stack_fail
                0x0000000008000ca8       0x2c zephyr/arch/arch/arm/core/cortex_m/libarch__arm__core__cortex_m.a(thread.c.obj)
                0x0000000008000ca8                z_check_thread_stack_fail
 .text.arch_switch_to_main_thread
                0x0000000008000cd4       0x3c zephyr/arch/arch/arm/core/cortex_m/libarch__arm__core__cortex_m.a(thread.c.obj)
                0x0000000008000cd4                arch_switch_to_main_thread
 .text.z_arm_cpu_idle_init
                0x0000000008000d10        0xc zephyr/arch/arch/arm/core/cortex_m/libarch__arm__core__cortex_m.a(cpu_idle.c.obj)
                0x0000000008000d10                z_arm_cpu_idle_init
 .text.z_arm_interrupt_init
                0x0000000008000d1c       0x18 zephyr/arch/arch/arm/core/cortex_m/libarch__arm__core__cortex_m.a(irq_init.c.obj)
                0x0000000008000d1c                z_arm_interrupt_init
 .text._isr_wrapper
                0x0000000008000d34       0x24 zephyr/arch/arch/arm/core/cortex_m/libarch__arm__core__cortex_m.a(isr_wrapper.c.obj)
                0x0000000008000d34                _isr_wrapper
 .text.__aeabi_read_tp
                0x0000000008000d58        0xc zephyr/arch/arch/arm/core/cortex_m/libarch__arm__core__cortex_m.a(__aeabi_read_tp.S.obj)
                0x0000000008000d58                __aeabi_read_tp
 .text.z_arm_configure_static_mpu_regions
                0x0000000008000d64       0x18 zephyr/arch/arch/arm/core/mpu/libarch__arm__core__mpu.a(arm_core_mpu.c.obj)
                0x0000000008000d64                z_arm_configure_static_mpu_regions
 .text.z_arm_configure_dynamic_mpu_regions
                0x0000000008000d7c       0x20 zephyr/arch/arch/arm/core/mpu/libarch__arm__core__mpu.a(arm_core_mpu.c.obj)
                0x0000000008000d7c                z_arm_configure_dynamic_mpu_regions
 .text.region_init
                0x0000000008000d9c       0x28 zephyr/arch/arch/arm/core/mpu/libarch__arm__core__mpu.a(arm_mpu.c.obj)
 .text.mpu_configure_regions
                0x0000000008000dc4       0x6c zephyr/arch/arch/arm/core/mpu/libarch__arm__core__mpu.a(arm_mpu.c.obj)
 .text.arm_core_mpu_enable
                0x0000000008000e30       0x18 zephyr/arch/arch/arm/core/mpu/libarch__arm__core__mpu.a(arm_mpu.c.obj)
                0x0000000008000e30                arm_core_mpu_enable
 .text.arm_core_mpu_disable
                0x0000000008000e48       0x14 zephyr/arch/arch/arm/core/mpu/libarch__arm__core__mpu.a(arm_mpu.c.obj)
                0x0000000008000e48                arm_core_mpu_disable
 .text.arm_core_mpu_configure_static_mpu_regions
                0x0000000008000e5c       0x14 zephyr/arch/arch/arm/core/mpu/libarch__arm__core__mpu.a(arm_mpu.c.obj)
                0x0000000008000e5c                arm_core_mpu_configure_static_mpu_regions
 .text.arm_core_mpu_configure_dynamic_mpu_regions
                0x0000000008000e70       0x38 zephyr/arch/arch/arm/core/mpu/libarch__arm__core__mpu.a(arm_mpu.c.obj)
                0x0000000008000e70                arm_core_mpu_configure_dynamic_mpu_regions
 .text.z_arm_mpu_init
                0x0000000008000ea8      0x188 zephyr/arch/arch/arm/core/mpu/libarch__arm__core__mpu.a(arm_mpu.c.obj)
                0x0000000008000ea8                z_arm_mpu_init
 .text.z_impl_zephyr_fputc
                0x0000000008001030       0x10 zephyr/lib/libc/picolibc/liblib__libc__picolibc.a(stdio.c.obj)
                0x0000000008001030                z_impl_zephyr_fputc
 .text.__stdout_hook_install
                0x0000000008001040       0x18 zephyr/lib/libc/picolibc/liblib__libc__picolibc.a(stdio.c.obj)
                0x0000000008001040                __stdout_hook_install
 .text.malloc_prepare
                0x0000000008001058       0x24 zephyr/lib/libc/common/liblib__libc__common.a(malloc.c.obj)
 .text.stm32_exti_init
                0x000000000800107c       0x30 zephyr/drivers/interrupt_controller/libdrivers__interrupt_controller.a(intc_exti_stm32.c.obj)
 .text.stm32_exti_is_pending
                0x00000000080010ac       0x28 zephyr/drivers/interrupt_controller/libdrivers__interrupt_controller.a(intc_exti_stm32.c.obj)
                0x00000000080010ac                stm32_exti_is_pending
 .text.stm32_exti_clear_pending
                0x00000000080010d4       0x28 zephyr/drivers/interrupt_controller/libdrivers__interrupt_controller.a(intc_exti_stm32.c.obj)
                0x00000000080010d4                stm32_exti_clear_pending
 .text.stm32_fill_irq_table
                0x00000000080010fc       0x18 zephyr/drivers/interrupt_controller/libdrivers__interrupt_controller.a(intc_gpio_stm32.c.obj)
 .text.stm32_intc_gpio_isr
                0x0000000008001114       0x4c zephyr/drivers/interrupt_controller/libdrivers__interrupt_controller.a(intc_gpio_stm32.c.obj)
 .text.stm32_gpio_intc_enable_line
                0x0000000008001160       0x2c zephyr/drivers/interrupt_controller/libdrivers__interrupt_controller.a(intc_gpio_stm32.c.obj)
                0x0000000008001160                stm32_gpio_intc_enable_line
 .text.stm32_gpio_intc_disable_line
                0x000000000800118c       0x10 zephyr/drivers/interrupt_controller/libdrivers__interrupt_controller.a(intc_gpio_stm32.c.obj)
                0x000000000800118c                stm32_gpio_intc_disable_line
 .text.stm32_gpio_intc_select_line_trigger
                0x000000000800119c       0x50 zephyr/drivers/interrupt_controller/libdrivers__interrupt_controller.a(intc_gpio_stm32.c.obj)
                0x000000000800119c                stm32_gpio_intc_select_line_trigger
 .text.stm32_gpio_intc_set_irq_callback
                0x00000000080011ec       0x40 zephyr/drivers/interrupt_controller/libdrivers__interrupt_controller.a(intc_gpio_stm32.c.obj)
                0x00000000080011ec                stm32_gpio_intc_set_irq_callback
 .text.stm32_gpio_intc_remove_irq_callback
                0x000000000800122c       0x24 zephyr/drivers/interrupt_controller/libdrivers__interrupt_controller.a(intc_gpio_stm32.c.obj)
                0x000000000800122c                stm32_gpio_intc_remove_irq_callback
 .text.stm32_exti_get_line_src_port
                0x0000000008001250       0x34 zephyr/drivers/interrupt_controller/libdrivers__interrupt_controller.a(intc_gpio_stm32.c.obj)
                0x0000000008001250                stm32_exti_get_line_src_port
 .text.ads1220_channel_setup
                0x0000000008001284      0x184 zephyr/drivers/adc/libdrivers__adc.a(adc_ads1220.c.obj)
 .text.ads1220_init
                0x0000000008001408      0x1f4 zephyr/drivers/adc/libdrivers__adc.a(adc_ads1220.c.obj)
 .text.LL_RCC_HSI_IsReady
                0x00000000080015fc       0x10 zephyr/drivers/clock_control/libdrivers__clock_control.a(clock_stm32_ll_common.c.obj)
 .text.stm32_clock_control_get_subsys_rate
                0x000000000800160c       0xcc zephyr/drivers/clock_control/libdrivers__clock_control.a(clock_stm32_ll_common.c.obj)
 .text.stm32_clock_control_init
                0x00000000080016d8      0x130 zephyr/drivers/clock_control/libdrivers__clock_control.a(clock_stm32_ll_common.c.obj)
                0x00000000080016d8                stm32_clock_control_init
 .text.get_pllsrc_frequency
                0x0000000008001808        0x8 zephyr/drivers/clock_control/libdrivers__clock_control.a(clock_stm32l4_l5_wb_wl.c.obj)
                0x0000000008001808                get_pllsrc_frequency
 .text.config_pll_sysclock
                0x0000000008001810       0x24 zephyr/drivers/clock_control/libdrivers__clock_control.a(clock_stm32l4_l5_wb_wl.c.obj)
                0x0000000008001810                config_pll_sysclock
 .text.config_enable_default_clocks
                0x0000000008001834       0x20 zephyr/drivers/clock_control/libdrivers__clock_control.a(clock_stm32l4_l5_wb_wl.c.obj)
                0x0000000008001834                config_enable_default_clocks
 .text.uart_console_init
                0x0000000008001854       0x28 zephyr/drivers/console/libdrivers__console.a(uart_console.c.obj)
 .text.console_out
                0x000000000800187c       0x28 zephyr/drivers/console/libdrivers__console.a(uart_console.c.obj)
 .text.gpio_stm32_pin_interrupt_configure
                0x00000000080018a4       0xb0 zephyr/drivers/gpio/libdrivers__gpio.a(gpio_stm32.c.obj)
 .text.gpio_stm32_init
                0x0000000008001954       0x24 zephyr/drivers/gpio/libdrivers__gpio.a(gpio_stm32.c.obj)
 .text.pinctrl_configure_pins
                0x0000000008001978       0x84 zephyr/drivers/pinctrl/libdrivers__pinctrl.a(pinctrl_stm32.c.obj)
                0x0000000008001978                pinctrl_configure_pins
 .text.uart_stm32_parameters_set
                0x00000000080019fc      0x144 zephyr/drivers/serial/libdrivers__serial.a(uart_stm32.c.obj)
 .text.uart_stm32_init
                0x0000000008001b40      0x138 zephyr/drivers/serial/libdrivers__serial.a(uart_stm32.c.obj)
 .text.uart_stm32_configure
                0x0000000008001c78      0x14c zephyr/drivers/serial/libdrivers__serial.a(uart_stm32.c.obj)
 .text.spi_stm32_init
                0x0000000008001dc4       0xcc zephyr/drivers/spi/libdrivers__spi.a(spi_stm32.c.obj)
 .text.spi_stm32_transceive
                0x0000000008001e90      0x3b8 zephyr/drivers/spi/libdrivers__spi.a(spi_stm32.c.obj)
 .text.elapsed  0x0000000008002248       0x4c zephyr/drivers/timer/libdrivers__timer.a(cortex_m_systick.c.obj)
 .text.sys_clock_driver_init
                0x0000000008002294       0x34 zephyr/drivers/timer/libdrivers__timer.a(cortex_m_systick.c.obj)
 .text.sys_clock_isr
                0x00000000080022c8       0x60 zephyr/drivers/timer/libdrivers__timer.a(cortex_m_systick.c.obj)
                0x00000000080022c8                sys_clock_isr
 .text.sys_clock_set_timeout
                0x0000000008002328       0xf8 zephyr/drivers/timer/libdrivers__timer.a(cortex_m_systick.c.obj)
                0x0000000008002328                sys_clock_set_timeout
 .text.sys_clock_elapsed
                0x0000000008002420       0x3c zephyr/drivers/timer/libdrivers__timer.a(cortex_m_systick.c.obj)
                0x0000000008002420                sys_clock_elapsed
 .text.sys_clock_cycle_get_32
                0x000000000800245c       0x28 zephyr/drivers/timer/libdrivers__timer.a(cortex_m_systick.c.obj)
                0x000000000800245c                sys_clock_cycle_get_32
 .text.HAL_RCC_GetSysClockFreq
                0x0000000008002484       0x9c modules/hal_stm32/stm32cube/lib..__modules__hal__stm32__stm32cube.a(stm32l4xx_hal_rcc.c.obj)
                0x0000000008002484                HAL_RCC_GetSysClockFreq
 .text.LL_SetFlashLatency
                0x0000000008002520       0xa8 modules/hal_stm32/stm32cube/lib..__modules__hal__stm32__stm32cube.a(stm32l4xx_ll_utils.c.obj)
                0x0000000008002520                LL_SetFlashLatency
 .text.z_fatal_error
                0x00000000080025c8       0x30 zephyr/kernel/libkernel.a(fatal.c.obj)
                0x00000000080025c8                z_fatal_error
 .text.z_sys_init_run_level
                0x00000000080025f8       0x30 zephyr/kernel/libkernel.a(init.c.obj)
 .text.bg_thread_main
                0x0000000008002628       0xc0 zephyr/kernel/libkernel.a(init.c.obj)
 .text.z_init_cpu
                0x00000000080026e8       0x70 zephyr/kernel/libkernel.a(init.c.obj)
                0x00000000080026e8                z_init_cpu
 .text.z_cstart
                0x0000000008002758       0xcc zephyr/kernel/libkernel.a(init.c.obj)
                0x0000000008002758                z_cstart
 .text.z_impl_k_sem_give
                0x0000000008002824       0x68 zephyr/kernel/libkernel.a(sem.c.obj)
                0x0000000008002824                z_impl_k_sem_give
 .text.z_impl_k_sem_take
                0x000000000800288c       0x4c zephyr/kernel/libkernel.a(sem.c.obj)
                0x000000000800288c                z_impl_k_sem_take
 .text.z_setup_new_thread
                0x00000000080028d8       0x98 zephyr/kernel/libkernel.a(thread.c.obj)
                0x00000000080028d8                z_setup_new_thread
 .text.z_dummy_thread_init
                0x0000000008002970       0x18 zephyr/kernel/libkernel.a(thread.c.obj)
                0x0000000008002970                z_dummy_thread_init
 .text.z_swap_irqlock
                0x0000000008002988       0x30 zephyr/kernel/libkernel.a(sched.c.obj)
 .text.ready_thread
                0x00000000080029b8       0x84 zephyr/kernel/libkernel.a(sched.c.obj)
 .text.unready_thread
                0x0000000008002a3c       0x54 zephyr/kernel/libkernel.a(sched.c.obj)
 .text.add_thread_timeout
                0x0000000008002a90       0x1c zephyr/kernel/libkernel.a(sched.c.obj)
 .text.move_current_to_end_of_prio_q
                0x0000000008002aac       0x70 zephyr/kernel/libkernel.a(sched.c.obj)
                0x0000000008002aac                move_current_to_end_of_prio_q
 .text.z_pend_curr
                0x0000000008002b1c       0x44 zephyr/kernel/libkernel.a(sched.c.obj)
                0x0000000008002b1c                z_pend_curr
 .text.z_reschedule
                0x0000000008002b60       0x24 zephyr/kernel/libkernel.a(sched.c.obj)
                0x0000000008002b60                z_reschedule
 .text.z_reschedule_irqlock
                0x0000000008002b84       0x28 zephyr/kernel/libkernel.a(sched.c.obj)
                0x0000000008002b84                z_reschedule_irqlock
 .text.k_sched_lock
                0x0000000008002bac       0x28 zephyr/kernel/libkernel.a(sched.c.obj)
                0x0000000008002bac                k_sched_lock
 .text.k_sched_unlock
                0x0000000008002bd4       0x68 zephyr/kernel/libkernel.a(sched.c.obj)
                0x0000000008002bd4                k_sched_unlock
 .text.z_sched_init
                0x0000000008002c3c       0x10 zephyr/kernel/libkernel.a(sched.c.obj)
                0x0000000008002c3c                z_sched_init
 .text.z_impl_k_yield
                0x0000000008002c4c       0x88 zephyr/kernel/libkernel.a(sched.c.obj)
                0x0000000008002c4c                z_impl_k_yield
 .text.z_tick_sleep
                0x0000000008002cd4       0x78 zephyr/kernel/libkernel.a(sched.c.obj)
 .text.z_impl_k_wakeup
                0x0000000008002d4c       0x48 zephyr/kernel/libkernel.a(sched.c.obj)
                0x0000000008002d4c                z_impl_k_wakeup
 .text.z_impl_k_sched_current_thread_query
                0x0000000008002d94        0xc zephyr/kernel/libkernel.a(sched.c.obj)
                0x0000000008002d94                z_impl_k_sched_current_thread_query
 .text.z_thread_abort
                0x0000000008002da0      0x140 zephyr/kernel/libkernel.a(sched.c.obj)
                0x0000000008002da0                z_thread_abort
 .text.z_time_slice_size
                0x0000000008002ee0       0x40 zephyr/kernel/libkernel.a(timeslicing.c.obj)
 .text.slice_timeout
                0x0000000008002f20       0x20 zephyr/kernel/libkernel.a(timeslicing.c.obj)
 .text.z_reset_time_slice
                0x0000000008002f40       0x48 zephyr/kernel/libkernel.a(timeslicing.c.obj)
                0x0000000008002f40                z_reset_time_slice
 .text.z_time_slice
                0x0000000008002f88       0x5c zephyr/kernel/libkernel.a(timeslicing.c.obj)
                0x0000000008002f88                z_time_slice
 .text.first    0x0000000008002fe4       0x10 zephyr/kernel/libkernel.a(timeout.c.obj)
 .text.elapsed  0x0000000008002ff4       0x14 zephyr/kernel/libkernel.a(timeout.c.obj)
 .text.remove_timeout
                0x0000000008003008       0x38 zephyr/kernel/libkernel.a(timeout.c.obj)
 .text.z_add_timeout
                0x0000000008003040      0x120 zephyr/kernel/libkernel.a(timeout.c.obj)
                0x0000000008003040                z_add_timeout
 .text.sys_clock_announce
                0x0000000008003160       0xc0 zephyr/kernel/libkernel.a(timeout.c.obj)
                0x0000000008003160                sys_clock_announce
 .text.sys_clock_tick_get
                0x0000000008003220       0x30 zephyr/kernel/libkernel.a(timeout.c.obj)
                0x0000000008003220                sys_clock_tick_get
 .text.z_timer_expiration_handler
                0x0000000008003250      0x104 zephyr/kernel/libkernel.a(timer.c.obj)
                0x0000000008003250                z_timer_expiration_handler
 .text.z_impl_k_timer_start
                0x0000000008003354       0x70 zephyr/kernel/libkernel.a(timer.c.obj)
                0x0000000008003354                z_impl_k_timer_start
 .text.boot_banner
                0x00000000080033c4        0xc zephyr/kernel/libkernel.a(banner.c.obj)
                0x00000000080033c4                boot_banner
 .text.__l_vfprintf
                0x00000000080033d0      0x4b8 c:\users\kostas.caplinskas\zephyr-sdk-0.17.4\arm-zephyr-eabi\bin\../lib/gcc/../../picolibc/arm-zephyr-eabi/lib/thumb/v7e-m/nofp\libc.a(libc_tinystdio_vflprintf.c.o)
                0x00000000080033d0                __l_vfprintf
 .text._OffsetAbsSyms
                0x0000000008003888        0x2 zephyr/CMakeFiles/offsets.dir/./arch/arm/core/offsets/offsets.c.obj
                0x0000000008003888                _OffsetAbsSyms
 .text.chunk_size
                0x000000000800388a        0xa zephyr/libzephyr.a(heap.c.obj)
 .text.free_list_add
                0x0000000008003894       0x4e zephyr/libzephyr.a(heap.c.obj)
 .text.sys_heap_init
                0x00000000080038e2       0x7a zephyr/libzephyr.a(heap.c.obj)
                0x00000000080038e2                sys_heap_init
 .text.arch_printk_char_out
                0x000000000800395c        0x4 zephyr/libzephyr.a(printk.c.obj)
                0x000000000800395c                arch_printk_char_out
 .text.printk   0x0000000008003960       0x1a zephyr/libzephyr.a(printk.c.obj)
                0x0000000008003960                printk
 .text._ConfigAbsSyms
                0x000000000800397a        0x2 zephyr/libzephyr.a(configs.c.obj)
                0x000000000800397a                _ConfigAbsSyms
 .text.arch_early_memset
                0x000000000800397c        0x4 zephyr/arch/common/libarch__common.a(init.c.obj)
                0x000000000800397c                arch_early_memset
 .text.arch_early_memcpy
                0x0000000008003980        0x4 zephyr/arch/common/libarch__common.a(init.c.obj)
                0x0000000008003980                arch_early_memcpy
 .text.z_do_kernel_oops
                0x0000000008003984        0x8 zephyr/arch/arch/arm/core/libarch__arm__core.a(fatal.c.obj)
                0x0000000008003984                z_do_kernel_oops
 .text.z_arm_nmi
                0x000000000800398c        0xe zephyr/arch/arch/arm/core/libarch__arm__core.a(nmi.c.obj)
                0x000000000800398c                z_arm_nmi
 .text.z_irq_spurious
                0x000000000800399a        0x8 zephyr/arch/arch/arm/core/cortex_m/libarch__arm__core__cortex_m.a(irq_manage.c.obj)
                0x000000000800399a                z_irq_spurious
 .text.arch_coprocessors_disable
                0x00000000080039a2        0x6 zephyr/arch/arch/arm/core/cortex_m/libarch__arm__core__cortex_m.a(thread.c.obj)
                0x00000000080039a2                arch_coprocessors_disable
 .text.arch_irq_unlock_outlined
                0x00000000080039a8        0xe zephyr/arch/arch/arm/core/cortex_m/libarch__arm__core__cortex_m.a(thread.c.obj)
                0x00000000080039a8                arch_irq_unlock_outlined
 .text.arch_cpu_idle
                0x00000000080039b6       0x1a zephyr/arch/arch/arm/core/cortex_m/libarch__arm__core__cortex_m.a(cpu_idle.c.obj)
                0x00000000080039b6                arch_cpu_idle
 .text.size_to_mpu_rasr_size
                0x00000000080039d0       0x20 zephyr/arch/arch/arm/core/mpu/libarch__arm__core__mpu.a(arm_mpu.c.obj)
 .text.picolibc_put
                0x00000000080039f0        0xa zephyr/lib/libc/picolibc/liblib__libc__picolibc.a(stdio.c.obj)
 .text.stm32_exti_gpio_intc_init
                0x00000000080039fa       0x92 zephyr/drivers/interrupt_controller/libdrivers__interrupt_controller.a(intc_gpio_stm32.c.obj)
 .text.stm32_gpio_intc_get_pin_irq_line
                0x0000000008003a8c        0xa zephyr/drivers/interrupt_controller/libdrivers__interrupt_controller.a(intc_gpio_stm32.c.obj)
                0x0000000008003a8c                stm32_gpio_intc_get_pin_irq_line
 .text.stm32_exti_set_line_src_port
                0x0000000008003a96       0x38 zephyr/drivers/interrupt_controller/libdrivers__interrupt_controller.a(intc_gpio_stm32.c.obj)
                0x0000000008003a96                stm32_exti_set_line_src_port
 .text.k_sem_give
                0x0000000008003ace        0x4 zephyr/drivers/adc/libdrivers__adc.a(adc_ads1220.c.obj)
 .text.ads1220_data_ready_handler
                0x0000000008003ad2        0x8 zephyr/drivers/adc/libdrivers__adc.a(adc_ads1220.c.obj)
 .text.adc_context_on_timer_expired
                0x0000000008003ada       0x38 zephyr/drivers/adc/libdrivers__adc.a(adc_ads1220.c.obj)
 .text.ads1220_read_register.isra.0
                0x0000000008003b12       0x4e zephyr/drivers/adc/libdrivers__adc.a(adc_ads1220.c.obj)
 .text.spi_write_dt.constprop.0
                0x0000000008003b60       0x16 zephyr/drivers/adc/libdrivers__adc.a(adc_ads1220.c.obj)
 .text.ads1220_write_register
                0x0000000008003b76       0x44 zephyr/drivers/adc/libdrivers__adc.a(adc_ads1220.c.obj)
 .text.ads1220_read
                0x0000000008003bba      0x244 zephyr/drivers/adc/libdrivers__adc.a(adc_ads1220.c.obj)
 .text.stm32_clock_control_on
                0x0000000008003dfe       0x44 zephyr/drivers/clock_control/libdrivers__clock_control.a(clock_stm32_ll_common.c.obj)
 .text.stm32_clock_control_off
                0x0000000008003e42       0x2c zephyr/drivers/clock_control/libdrivers__clock_control.a(clock_stm32_ll_common.c.obj)
 .text.enabled_clock
                0x0000000008003e6e       0x1e zephyr/drivers/clock_control/libdrivers__clock_control.a(clock_stm32_ll_common.c.obj)
                0x0000000008003e6e                enabled_clock
 .text.stm32_clock_control_configure
                0x0000000008003e8c       0x58 zephyr/drivers/clock_control/libdrivers__clock_control.a(clock_stm32_ll_common.c.obj)
 .text.stm32_clock_control_get_status
                0x0000000008003ee4       0x38 zephyr/drivers/clock_control/libdrivers__clock_control.a(clock_stm32_ll_common.c.obj)
 .text.config_regulator_voltage
                0x0000000008003f1c        0x2 zephyr/drivers/clock_control/libdrivers__clock_control.a(clock_stm32_ll_common.c.obj)
                0x0000000008003f1c                config_regulator_voltage
 .text.gpio_stm32_port_get_raw
                0x0000000008003f1e        0xc zephyr/drivers/gpio/libdrivers__gpio.a(gpio_stm32.c.obj)
 .text.gpio_stm32_port_set_masked_raw
                0x0000000008003f2a       0x12 zephyr/drivers/gpio/libdrivers__gpio.a(gpio_stm32.c.obj)
 .text.gpio_stm32_port_set_bits_raw
                0x0000000008003f3c        0xa zephyr/drivers/gpio/libdrivers__gpio.a(gpio_stm32.c.obj)
 .text.gpio_stm32_port_clear_bits_raw
                0x0000000008003f46        0xa zephyr/drivers/gpio/libdrivers__gpio.a(gpio_stm32.c.obj)
 .text.gpio_stm32_port_toggle_bits
                0x0000000008003f50        0xe zephyr/drivers/gpio/libdrivers__gpio.a(gpio_stm32.c.obj)
 .text.gpio_stm32_manage_callback
                0x0000000008003f5e       0x52 zephyr/drivers/gpio/libdrivers__gpio.a(gpio_stm32.c.obj)
 .text.gpio_stm32_configure_raw.isra.0
                0x0000000008003fb0      0x106 zephyr/drivers/gpio/libdrivers__gpio.a(gpio_stm32.c.obj)
 .text.gpio_stm32_config
                0x00000000080040b6       0xd4 zephyr/drivers/gpio/libdrivers__gpio.a(gpio_stm32.c.obj)
 .text.gpio_stm32_isr
                0x000000000800418a       0x2c zephyr/drivers/gpio/libdrivers__gpio.a(gpio_stm32.c.obj)
 .text.gpio_stm32_configure
                0x00000000080041b6       0x2a zephyr/drivers/gpio/libdrivers__gpio.a(gpio_stm32.c.obj)
                0x00000000080041b6                gpio_stm32_configure
 .text.pinctrl_lookup_state
                0x00000000080041e0       0x26 zephyr/drivers/pinctrl/libdrivers__pinctrl.a(common.c.obj)
                0x00000000080041e0                pinctrl_lookup_state
 .text.reset_stm32_status
                0x0000000008004206       0x20 zephyr/drivers/reset/libdrivers__reset.a(reset_stm32.c.obj)
 .text.reset_stm32_line_assert
                0x0000000008004226       0x1c zephyr/drivers/reset/libdrivers__reset.a(reset_stm32.c.obj)
 .text.reset_stm32_line_deassert
                0x0000000008004242       0x1e zephyr/drivers/reset/libdrivers__reset.a(reset_stm32.c.obj)
 .text.reset_stm32_line_toggle
                0x0000000008004260       0x16 zephyr/drivers/reset/libdrivers__reset.a(reset_stm32.c.obj)
 .text.uart_stm32_ll2cfg_databits
                0x0000000008004276       0x2a zephyr/drivers/serial/libdrivers__serial.a(uart_stm32.c.obj)
 .text.uart_stm32_err_check
                0x00000000080042a0       0x5a zephyr/drivers/serial/libdrivers__serial.a(uart_stm32.c.obj)
 .text.uart_stm32_set_baudrate.isra.0
                0x00000000080042fa       0x48 zephyr/drivers/serial/libdrivers__serial.a(uart_stm32.c.obj)
 .text.uart_stm32_poll_out
                0x0000000008004342       0x36 zephyr/drivers/serial/libdrivers__serial.a(uart_stm32.c.obj)
 .text.uart_stm32_poll_in
                0x0000000008004378       0x20 zephyr/drivers/serial/libdrivers__serial.a(uart_stm32.c.obj)
 .text.uart_stm32_config_get
                0x0000000008004398       0x92 zephyr/drivers/serial/libdrivers__serial.a(uart_stm32.c.obj)
 .text.spi_context_get_next_buf
                0x000000000800442a       0x2c zephyr/drivers/spi/libdrivers__spi.a(spi_stm32.c.obj)
 .text.ll_disable_spi
                0x0000000008004456       0x1a zephyr/drivers/spi/libdrivers__spi.a(spi_stm32.c.obj)
 .text.spi_stm32_send_next_frame
                0x0000000008004470       0x78 zephyr/drivers/spi/libdrivers__spi.a(spi_stm32.c.obj)
 .text.spi_stm32_irq_config_func_0
                0x00000000080044e8       0x16 zephyr/drivers/spi/libdrivers__spi.a(spi_stm32.c.obj)
 .text.spi_stm32_get_err
                0x00000000080044fe       0x26 zephyr/drivers/spi/libdrivers__spi.a(spi_stm32.c.obj)
 .text.spi_stm32_pinctrl_apply.isra.0
                0x0000000008004524       0x2a zephyr/drivers/spi/libdrivers__spi.a(spi_stm32.c.obj)
 .text.gpio_pin_set_dt.isra.0
                0x000000000800454e       0x28 zephyr/drivers/spi/libdrivers__spi.a(spi_stm32.c.obj)
 .text.spi_stm32_read_next_frame
                0x0000000008004576       0x6e zephyr/drivers/spi/libdrivers__spi.a(spi_stm32.c.obj)
 .text.spi_context_unlock_unconditionally
                0x00000000080045e4       0x30 zephyr/drivers/spi/libdrivers__spi.a(spi_stm32.c.obj)
 .text.spi_stm32_release
                0x0000000008004614       0x14 zephyr/drivers/spi/libdrivers__spi.a(spi_stm32.c.obj)
 .text.spi_stm32_complete
                0x0000000008004628       0xb6 zephyr/drivers/spi/libdrivers__spi.a(spi_stm32.c.obj)
 .text.spi_stm32_isr
                0x00000000080046de      0x10e zephyr/drivers/spi/libdrivers__spi.a(spi_stm32.c.obj)
 .text.z_impl_k_busy_wait
                0x00000000080047ec       0x1c zephyr/kernel/libkernel.a(busy_wait.c.obj)
                0x00000000080047ec                z_impl_k_busy_wait
 .text.do_device_init
                0x0000000008004808       0x30 zephyr/kernel/libkernel.a(device.c.obj)
                0x0000000008004808                do_device_init
 .text.z_impl_device_is_ready
                0x0000000008004838       0x16 zephyr/kernel/libkernel.a(device.c.obj)
                0x0000000008004838                z_impl_device_is_ready
 .text.arch_system_halt
                0x000000000800484e       0x10 zephyr/kernel/libkernel.a(fatal.c.obj)
                0x000000000800484e                arch_system_halt
 .text.k_sys_fatal_error_handler
                0x000000000800485e        0x6 zephyr/kernel/libkernel.a(fatal.c.obj)
                0x000000000800485e                k_sys_fatal_error_handler
 .text.idle     0x0000000008004864       0x16 zephyr/kernel/libkernel.a(idle.c.obj)
                0x0000000008004864                idle
 .text.z_impl_k_sem_init
                0x000000000800487a       0x18 zephyr/kernel/libkernel.a(sem.c.obj)
                0x000000000800487a                z_impl_k_sem_init
 .text.sys_dlist_remove
                0x0000000008004892       0x10 zephyr/kernel/libkernel.a(sched.c.obj)
 .text.unpend_thread_no_timeout
                0x00000000080048a2       0x14 zephyr/kernel/libkernel.a(sched.c.obj)
 .text.add_to_waitq_locked
                0x00000000080048b6       0x50 zephyr/kernel/libkernel.a(sched.c.obj)
 .text.z_ready_thread
                0x0000000008004906       0x1e zephyr/kernel/libkernel.a(sched.c.obj)
                0x0000000008004906                z_ready_thread
 .text.z_unpend_thread_no_timeout
                0x0000000008004924       0x22 zephyr/kernel/libkernel.a(sched.c.obj)
                0x0000000008004924                z_unpend_thread_no_timeout
 .text.z_sched_wake_thread
                0x0000000008004946       0x3a zephyr/kernel/libkernel.a(sched.c.obj)
                0x0000000008004946                z_sched_wake_thread
 .text.z_thread_timeout
                0x0000000008004980        0x8 zephyr/kernel/libkernel.a(sched.c.obj)
                0x0000000008004980                z_thread_timeout
 .text.z_unpend1_no_timeout
                0x0000000008004988       0x2c zephyr/kernel/libkernel.a(sched.c.obj)
                0x0000000008004988                z_unpend1_no_timeout
 .text.z_impl_k_usleep
                0x00000000080049b4       0x22 zephyr/kernel/libkernel.a(sched.c.obj)
                0x00000000080049b4                z_impl_k_usleep
 .text.next_timeout
                0x00000000080049d6       0x2e zephyr/kernel/libkernel.a(timeout.c.obj)
 .text.z_abort_timeout
                0x0000000008004a04       0x50 zephyr/kernel/libkernel.a(timeout.c.obj)
                0x0000000008004a04                z_abort_timeout
 .text.sys_clock_tick_get_32
                0x0000000008004a54        0x8 zephyr/kernel/libkernel.a(timeout.c.obj)
                0x0000000008004a54                sys_clock_tick_get_32
 .text.z_impl_k_uptime_ticks
                0x0000000008004a5c        0x4 zephyr/kernel/libkernel.a(timeout.c.obj)
                0x0000000008004a5c                z_impl_k_uptime_ticks
 .text.k_timer_init
                0x0000000008004a60       0x18 zephyr/kernel/libkernel.a(timer.c.obj)
                0x0000000008004a60                k_timer_init
 .text.z_impl_k_timer_stop
                0x0000000008004a78       0x38 zephyr/kernel/libkernel.a(timer.c.obj)
                0x0000000008004a78                z_impl_k_timer_stop
 .text.memcpy   0x0000000008004ab0       0x1c c:\users\kostas.caplinskas\zephyr-sdk-0.17.4\arm-zephyr-eabi\bin\../lib/gcc/../../picolibc/arm-zephyr-eabi/lib/thumb/v7e-m/nofp\libc.a(memcpy.c.o)
                0x0000000008004ab0                __aeabi_memcpy
                0x0000000008004ab0                __aeabi_memcpy4
                0x0000000008004ab0                __aeabi_memcpy8
                0x0000000008004ab0                memcpy
 .text.memset   0x0000000008004acc       0x10 c:\users\kostas.caplinskas\zephyr-sdk-0.17.4\arm-zephyr-eabi\bin\../lib/gcc/../../picolibc/arm-zephyr-eabi/lib/thumb/v7e-m/nofp\libc.a(memset.c.o)
                0x0000000008004acc                memset
 .text.strnlen  0x0000000008004adc       0x18 c:\users\kostas.caplinskas\zephyr-sdk-0.17.4\arm-zephyr-eabi\bin\../lib/gcc/../../picolibc/arm-zephyr-eabi/lib/thumb/v7e-m/nofp\libc.a(libc_string_strnlen.c.o)
                0x0000000008004adc                strnlen
 .text.__ultoa_invert
                0x0000000008004af4       0xae c:\users\kostas.caplinskas\zephyr-sdk-0.17.4\arm-zephyr-eabi\bin\../lib/gcc/../../picolibc/arm-zephyr-eabi/lib/thumb/v7e-m/nofp\libc.a(libc_tinystdio_vflprintf.c.o)
 *(SORT_BY_ALIGNMENT(.gnu.linkonce.t.*))
 *(SORT_BY_ALIGNMENT(.glue_7t))
 .glue_7t       0x0000000008004ba2        0x0 linker stubs
 *(SORT_BY_ALIGNMENT(.glue_7))
 .glue_7        0x0000000008004ba2        0x0 linker stubs
 *(SORT_BY_ALIGNMENT(.vfp11_veneer))
 .vfp11_veneer  0x0000000008004ba2        0x0 linker stubs
 *(SORT_BY_ALIGNMENT(.v4_bx))
 .v4_bx         0x0000000008004ba2        0x0 linker stubs
                0x0000000008004ba4                . = ALIGN (0x4)
 *fill*         0x0000000008004ba2        0x2 
                0x0000000008004ba4                __text_region_end = .

.ARM.exidx      0x0000000008004ba4        0x8
                0x0000000008004ba4                __exidx_start = .
 *(SORT_BY_ALIGNMENT(.ARM.exidx*) SORT_BY_ALIGNMENT(gnu.linkonce.armexidx.*))
 .ARM.exidx     0x0000000008004ba4        0x8 c:/users/kostas.caplinskas/zephyr-sdk-0.17.4/arm-zephyr-eabi/bin/../lib/gcc/arm-zephyr-eabi/12.2.0/thumb/v7e-m/nofp\libgcc.a(_udivmoddi4.o)
                0x0000000008004bac                __exidx_end = .
                0x0000000008004bac                __rodata_region_start = .

initlevel       0x0000000008004bac       0x88
                0x0000000008004bac                __init_start = .
                0x0000000008004bac                __init_EARLY_start = .
 *(SORT_BY_NAME(SORT_BY_ALIGNMENT(.z_init_EARLY_P_?_*)))
 *(SORT_BY_NAME(SORT_BY_ALIGNMENT(.z_init_EARLY_P_??_*)))
 *(SORT_BY_NAME(SORT_BY_ALIGNMENT(.z_init_EARLY_P_???_*)))
                0x0000000008004bac                __init_PRE_KERNEL_1_start = .
 *(SORT_BY_NAME(SORT_BY_ALIGNMENT(.z_init_PRE_KERNEL_1_P_?_*)))
 .z_init_PRE_KERNEL_1_P_1_SUB_00009_
                0x0000000008004bac        0x8 zephyr/drivers/clock_control/libdrivers__clock_control.a(clock_stm32_ll_common.c.obj)
 .z_init_PRE_KERNEL_1_P_1_SUB_0_
                0x0000000008004bb4        0x8 zephyr/libzephyr.a(soc_config.c.obj)
 *(SORT_BY_NAME(SORT_BY_ALIGNMENT(.z_init_PRE_KERNEL_1_P_??_*)))
 .z_init_PRE_KERNEL_1_P_35_SUB_00058_
                0x0000000008004bbc        0x8 zephyr/drivers/reset/libdrivers__reset.a(reset_stm32.c.obj)
 .z_init_PRE_KERNEL_1_P_40_SUB_00039_
                0x0000000008004bc4        0x8 zephyr/drivers/gpio/libdrivers__gpio.a(gpio_stm32.c.obj)
 .z_init_PRE_KERNEL_1_P_40_SUB_00042_
                0x0000000008004bcc        0x8 zephyr/drivers/gpio/libdrivers__gpio.a(gpio_stm32.c.obj)
 .z_init_PRE_KERNEL_1_P_40_SUB_00053_
                0x0000000008004bd4        0x8 zephyr/drivers/interrupt_controller/libdrivers__interrupt_controller.a(intc_exti_stm32.c.obj)
 .z_init_PRE_KERNEL_1_P_40_SUB_00083_
                0x0000000008004bdc        0x8 zephyr/drivers/gpio/libdrivers__gpio.a(gpio_stm32.c.obj)
 .z_init_PRE_KERNEL_1_P_40_SUB_00084_
                0x0000000008004be4        0x8 zephyr/drivers/gpio/libdrivers__gpio.a(gpio_stm32.c.obj)
 .z_init_PRE_KERNEL_1_P_40_SUB_00085_
                0x0000000008004bec        0x8 zephyr/drivers/gpio/libdrivers__gpio.a(gpio_stm32.c.obj)
 .z_init_PRE_KERNEL_1_P_40_SUB_00094_
                0x0000000008004bf4        0x8 zephyr/drivers/gpio/libdrivers__gpio.a(gpio_stm32.c.obj)
 .z_init_PRE_KERNEL_1_P_40_SUB_0_
                0x0000000008004bfc        0x8 zephyr/drivers/interrupt_controller/libdrivers__interrupt_controller.a(intc_gpio_stm32.c.obj)
 .z_init_PRE_KERNEL_1_P_50_SUB_00062_
                0x0000000008004c04        0x8 zephyr/drivers/serial/libdrivers__serial.a(uart_stm32.c.obj)
 .z_init_PRE_KERNEL_1_P_60_SUB_0_
                0x0000000008004c0c        0x8 zephyr/drivers/console/libdrivers__console.a(uart_console.c.obj)
 *(SORT_BY_NAME(SORT_BY_ALIGNMENT(.z_init_PRE_KERNEL_1_P_???_*)))
                0x0000000008004c14                __init_PRE_KERNEL_2_start = .
 *(SORT_BY_NAME(SORT_BY_ALIGNMENT(.z_init_PRE_KERNEL_2_P_?_*)))
 .z_init_PRE_KERNEL_2_P_0_SUB_0_
                0x0000000008004c14        0x8 zephyr/drivers/timer/libdrivers__timer.a(cortex_m_systick.c.obj)
 *(SORT_BY_NAME(SORT_BY_ALIGNMENT(.z_init_PRE_KERNEL_2_P_??_*)))
 *(SORT_BY_NAME(SORT_BY_ALIGNMENT(.z_init_PRE_KERNEL_2_P_???_*)))
                0x0000000008004c1c                __init_POST_KERNEL_start = .
 *(SORT_BY_NAME(SORT_BY_ALIGNMENT(.z_init_POST_KERNEL_P_?_*)))
 *(SORT_BY_NAME(SORT_BY_ALIGNMENT(.z_init_POST_KERNEL_P_??_*)))
 .z_init_POST_KERNEL_P_35_SUB_0_
                0x0000000008004c1c        0x8 zephyr/lib/libc/common/liblib__libc__common.a(malloc.c.obj)
 .z_init_POST_KERNEL_P_50_SUB_00098_
                0x0000000008004c24        0x8 zephyr/drivers/spi/libdrivers__spi.a(spi_stm32.c.obj)
 .z_init_POST_KERNEL_P_50_SUB_00099_
                0x0000000008004c2c        0x8 zephyr/drivers/adc/libdrivers__adc.a(adc_ads1220.c.obj)
 *(SORT_BY_NAME(SORT_BY_ALIGNMENT(.z_init_POST_KERNEL_P_???_*)))
                0x0000000008004c34                __init_APPLICATION_start = .
 *(SORT_BY_NAME(SORT_BY_ALIGNMENT(.z_init_APPLICATION_P_?_*)))
 *(SORT_BY_NAME(SORT_BY_ALIGNMENT(.z_init_APPLICATION_P_??_*)))
 *(SORT_BY_NAME(SORT_BY_ALIGNMENT(.z_init_APPLICATION_P_???_*)))
                0x0000000008004c34                __init_SMP_start = .
 *(SORT_BY_NAME(SORT_BY_ALIGNMENT(.z_init_SMP_P_?_*)))
 *(SORT_BY_NAME(SORT_BY_ALIGNMENT(.z_init_SMP_P_??_*)))
 *(SORT_BY_NAME(SORT_BY_ALIGNMENT(.z_init_SMP_P_???_*)))
                0x0000000008004c34                __init_end = .

device_area     0x0000000008004c34      0x150
                0x0000000008004c34                _device_list_start = .
 *(SORT_BY_NAME(SORT_BY_ALIGNMENT(._device.static.*_?_*)))
 ._device.static.1_1_
                0x0000000008004c34       0x1c zephyr/drivers/clock_control/libdrivers__clock_control.a(clock_stm32_ll_common.c.obj)
                0x0000000008004c34                __device_dts_ord_9
 *(SORT_BY_NAME(SORT_BY_ALIGNMENT(._device.static.*_??_*)))
 ._device.static.1_35_
                0x0000000008004c50       0x1c zephyr/drivers/reset/libdrivers__reset.a(reset_stm32.c.obj)
                0x0000000008004c50                __device_dts_ord_58
 ._device.static.1_40_
                0x0000000008004c6c       0x1c zephyr/drivers/interrupt_controller/libdrivers__interrupt_controller.a(intc_exti_stm32.c.obj)
                0x0000000008004c6c                __device_dts_ord_53
 ._device.static.1_40_
                0x0000000008004c88       0xa8 zephyr/drivers/gpio/libdrivers__gpio.a(gpio_stm32.c.obj)
                0x0000000008004c88                __device_dts_ord_85
                0x0000000008004ca4                __device_dts_ord_84
                0x0000000008004cc0                __device_dts_ord_83
                0x0000000008004cdc                __device_dts_ord_39
                0x0000000008004cf8                __device_dts_ord_94
                0x0000000008004d14                __device_dts_ord_42
 ._device.static.1_50_
                0x0000000008004d30       0x1c zephyr/drivers/serial/libdrivers__serial.a(uart_stm32.c.obj)
                0x0000000008004d30                __device_dts_ord_62
 ._device.static.3_50_
                0x0000000008004d4c       0x1c zephyr/drivers/adc/libdrivers__adc.a(adc_ads1220.c.obj)
                0x0000000008004d4c                __device_dts_ord_99
 ._device.static.3_50_
                0x0000000008004d68       0x1c zephyr/drivers/spi/libdrivers__spi.a(spi_stm32.c.obj)
                0x0000000008004d68                __device_dts_ord_98
 *(SORT_BY_NAME(SORT_BY_ALIGNMENT(._device.static.*_???_*)))
 *(SORT_BY_NAME(SORT_BY_ALIGNMENT(._device.static.*_????_*)))
 *(SORT_BY_NAME(SORT_BY_ALIGNMENT(._device.static.*_?????_*)))
                0x0000000008004d84                _device_list_end = .

sw_isr_table    0x0000000008004d84      0x2a8
                0x0000000008004d84                . = ALIGN (0x4)
 *(SORT_BY_ALIGNMENT(.gnu.linkonce.sw_isr_table*))
 .gnu.linkonce.sw_isr_table
                0x0000000008004d84      0x2a8 zephyr/arch/common/libisr_tables.a(isr_tables.c.obj)
                0x0000000008004d84                _sw_isr_table

initlevel_error
                0x0000000008004bac        0x0
 *(SORT_BY_NAME(SORT_BY_ALIGNMENT(.z_init_*)))
                0x0000000000000001                ASSERT ((SIZEOF (initlevel_error) == 0x0), Undefined initialization levels used.)

app_shmem_regions
                0x000000000800502c        0x0
                0x000000000800502c                __app_shmem_regions_start = .
 *(SORT_BY_NAME(SORT_BY_ALIGNMENT(.app_regions.*)))
                0x000000000800502c                __app_shmem_regions_end = .

k_p4wq_initparam_area
                0x000000000800502c        0x0
                0x000000000800502c                _k_p4wq_initparam_list_start = .
 *(SORT_BY_NAME(SORT_BY_ALIGNMENT(._k_p4wq_initparam.static.*)))
                0x000000000800502c                _k_p4wq_initparam_list_end = .

_static_thread_data_area
                0x000000000800502c        0x0
                0x000000000800502c                __static_thread_data_list_start = .
 *(SORT_BY_NAME(SORT_BY_ALIGNMENT(.__static_thread_data.static.*)))
                0x000000000800502c                __static_thread_data_list_end = .

device_deps     0x000000000800502c        0x0
                0x000000000800502c                __device_deps_start = .
 *(SORT_BY_NAME(SORT_BY_ALIGNMENT(.__device_deps_pass2*)))
                0x000000000800502c                __device_deps_end = .

adc_driver_api_area
                0x000000000800502c        0x0
                0x000000000800502c                _adc_driver_api_list_start = .
 *(SORT_BY_NAME(SORT_BY_ALIGNMENT(._adc_driver_api.static.*)))
                0x000000000800502c                _adc_driver_api_list_end = .

gpio_driver_api_area
                0x000000000800502c       0x24
                0x000000000800502c                _gpio_driver_api_list_start = .
 *(SORT_BY_NAME(SORT_BY_ALIGNMENT(._gpio_driver_api.static.*)))
 ._gpio_driver_api.static.gpio_stm32_driver_
                0x000000000800502c       0x24 zephyr/drivers/gpio/libdrivers__gpio.a(gpio_stm32.c.obj)
                0x0000000008005050                _gpio_driver_api_list_end = .

reset_driver_api_area
                0x0000000008005050       0x10
                0x0000000008005050                _reset_driver_api_list_start = .
 *(SORT_BY_NAME(SORT_BY_ALIGNMENT(._reset_driver_api.static.*)))
 ._reset_driver_api.static.reset_stm32_driver_api_
                0x0000000008005050       0x10 zephyr/drivers/reset/libdrivers__reset.a(reset_stm32.c.obj)
                0x0000000008005060                _reset_driver_api_list_end = .

spi_driver_api_area
                0x0000000008005060        0x8
                0x0000000008005060                _spi_driver_api_list_start = .
 *(SORT_BY_NAME(SORT_BY_ALIGNMENT(._spi_driver_api.static.*)))
 ._spi_driver_api.static.api_funcs_
                0x0000000008005060        0x8 zephyr/drivers/spi/libdrivers__spi.a(spi_stm32.c.obj)
                0x0000000008005068                _spi_driver_api_list_end = .

shared_irq_driver_api_area
                0x0000000008005068        0x0
                0x0000000008005068                _shared_irq_driver_api_list_start = .
 *(SORT_BY_NAME(SORT_BY_ALIGNMENT(._shared_irq_driver_api.static.*)))
                0x0000000008005068                _shared_irq_driver_api_list_end = .

crypto_driver_api_area
                0x0000000008005068        0x0
                0x0000000008005068                _crypto_driver_api_list_start = .
 *(SORT_BY_NAME(SORT_BY_ALIGNMENT(._crypto_driver_api.static.*)))
                0x0000000008005068                _crypto_driver_api_list_end = .

auxdisplay_driver_api_area
                0x0000000008005068        0x0
                0x0000000008005068                _auxdisplay_driver_api_list_start = .
 *(SORT_BY_NAME(SORT_BY_ALIGNMENT(._auxdisplay_driver_api.static.*)))
                0x0000000008005068                _auxdisplay_driver_api_list_end = .

bbram_driver_api_area
                0x0000000008005068        0x0
                0x0000000008005068                _bbram_driver_api_list_start = .
 *(SORT_BY_NAME(SORT_BY_ALIGNMENT(._bbram_driver_api.static.*)))
                0x0000000008005068                _bbram_driver_api_list_end = .

biometric_driver_api_area
                0x0000000008005068        0x0
                0x0000000008005068                _biometric_driver_api_list_start = .
 *(SORT_BY_NAME(SORT_BY_ALIGNMENT(._biometric_driver_api.static.*)))
                0x0000000008005068                _biometric_driver_api_list_end = .

bt_hci_driver_api_area
                0x0000000008005068        0x0
                0x0000000008005068                _bt_hci_driver_api_list_start = .
 *(SORT_BY_NAME(SORT_BY_ALIGNMENT(._bt_hci_driver_api.static.*)))
                0x0000000008005068                _bt_hci_driver_api_list_end = .

can_driver_api_area
                0x0000000008005068        0x0
                0x0000000008005068                _can_driver_api_list_start = .
 *(SORT_BY_NAME(SORT_BY_ALIGNMENT(._can_driver_api.static.*)))
                0x0000000008005068                _can_driver_api_list_end = .

cellular_driver_api_area
                0x0000000008005068        0x0
                0x0000000008005068                _cellular_driver_api_list_start = .
 *(SORT_BY_NAME(SORT_BY_ALIGNMENT(._cellular_driver_api.static.*)))
                0x0000000008005068                _cellular_driver_api_list_end = .

charger_driver_api_area
                0x0000000008005068        0x0
                0x0000000008005068                _charger_driver_api_list_start = .
 *(SORT_BY_NAME(SORT_BY_ALIGNMENT(._charger_driver_api.static.*)))
                0x0000000008005068                _charger_driver_api_list_end = .

clock_control_driver_api_area
                0x0000000008005068       0x1c
                0x0000000008005068                _clock_control_driver_api_list_start = .
 *(SORT_BY_NAME(SORT_BY_ALIGNMENT(._clock_control_driver_api.static.*)))
 ._clock_control_driver_api.static.stm32_clock_control_api_
                0x0000000008005068       0x1c zephyr/drivers/clock_control/libdrivers__clock_control.a(clock_stm32_ll_common.c.obj)
                0x0000000008005084                _clock_control_driver_api_list_end = .

comparator_driver_api_area
                0x0000000008005084        0x0
                0x0000000008005084                _comparator_driver_api_list_start = .
 *(SORT_BY_NAME(SORT_BY_ALIGNMENT(._comparator_driver_api.static.*)))
                0x0000000008005084                _comparator_driver_api_list_end = .

coredump_driver_api_area
                0x0000000008005084        0x0
                0x0000000008005084                _coredump_driver_api_list_start = .
 *(SORT_BY_NAME(SORT_BY_ALIGNMENT(._coredump_driver_api.static.*)))
                0x0000000008005084                _coredump_driver_api_list_end = .

counter_driver_api_area
                0x0000000008005084        0x0
                0x0000000008005084                _counter_driver_api_list_start = .
 *(SORT_BY_NAME(SORT_BY_ALIGNMENT(._counter_driver_api.static.*)))
                0x0000000008005084                _counter_driver_api_list_end = .

crc_driver_api_area
                0x0000000008005084        0x0
                0x0000000008005084                _crc_driver_api_list_start = .
 *(SORT_BY_NAME(SORT_BY_ALIGNMENT(._crc_driver_api.static.*)))
                0x0000000008005084                _crc_driver_api_list_end = .

dac_driver_api_area
                0x0000000008005084        0x0
                0x0000000008005084                _dac_driver_api_list_start = .
 *(SORT_BY_NAME(SORT_BY_ALIGNMENT(._dac_driver_api.static.*)))
                0x0000000008005084                _dac_driver_api_list_end = .

dai_driver_api_area
                0x0000000008005084        0x0
                0x0000000008005084                _dai_driver_api_list_start = .
 *(SORT_BY_NAME(SORT_BY_ALIGNMENT(._dai_driver_api.static.*)))
                0x0000000008005084                _dai_driver_api_list_end = .

display_driver_api_area
                0x0000000008005084        0x0
                0x0000000008005084                _display_driver_api_list_start = .
 *(SORT_BY_NAME(SORT_BY_ALIGNMENT(._display_driver_api.static.*)))
                0x0000000008005084                _display_driver_api_list_end = .

dma_driver_api_area
                0x0000000008005084        0x0
                0x0000000008005084                _dma_driver_api_list_start = .
 *(SORT_BY_NAME(SORT_BY_ALIGNMENT(._dma_driver_api.static.*)))
                0x0000000008005084                _dma_driver_api_list_end = .

edac_driver_api_area
                0x0000000008005084        0x0
                0x0000000008005084                _edac_driver_api_list_start = .
 *(SORT_BY_NAME(SORT_BY_ALIGNMENT(._edac_driver_api.static.*)))
                0x0000000008005084                _edac_driver_api_list_end = .

eeprom_driver_api_area
                0x0000000008005084        0x0
                0x0000000008005084                _eeprom_driver_api_list_start = .
 *(SORT_BY_NAME(SORT_BY_ALIGNMENT(._eeprom_driver_api.static.*)))
                0x0000000008005084                _eeprom_driver_api_list_end = .

emul_bbram_driver_api_area
                0x0000000008005084        0x0
                0x0000000008005084                _emul_bbram_driver_api_list_start = .
 *(SORT_BY_NAME(SORT_BY_ALIGNMENT(._emul_bbram_driver_api.static.*)))
                0x0000000008005084                _emul_bbram_driver_api_list_end = .

fuel_gauge_emul_driver_api_area
                0x0000000008005084        0x0
                0x0000000008005084                _fuel_gauge_emul_driver_api_list_start = .
 *(SORT_BY_NAME(SORT_BY_ALIGNMENT(._fuel_gauge_emul_driver_api.static.*)))
                0x0000000008005084                _fuel_gauge_emul_driver_api_list_end = .

emul_sensor_driver_api_area
                0x0000000008005084        0x0
                0x0000000008005084                _emul_sensor_driver_api_list_start = .
 *(SORT_BY_NAME(SORT_BY_ALIGNMENT(._emul_sensor_driver_api.static.*)))
                0x0000000008005084                _emul_sensor_driver_api_list_end = .

entropy_driver_api_area
                0x0000000008005084        0x0
                0x0000000008005084                _entropy_driver_api_list_start = .
 *(SORT_BY_NAME(SORT_BY_ALIGNMENT(._entropy_driver_api.static.*)))
                0x0000000008005084                _entropy_driver_api_list_end = .

espi_driver_api_area
                0x0000000008005084        0x0
                0x0000000008005084                _espi_driver_api_list_start = .
 *(SORT_BY_NAME(SORT_BY_ALIGNMENT(._espi_driver_api.static.*)))
                0x0000000008005084                _espi_driver_api_list_end = .

espi_saf_driver_api_area
                0x0000000008005084        0x0
                0x0000000008005084                _espi_saf_driver_api_list_start = .
 *(SORT_BY_NAME(SORT_BY_ALIGNMENT(._espi_saf_driver_api.static.*)))
                0x0000000008005084                _espi_saf_driver_api_list_end = .

flash_driver_api_area
                0x0000000008005084        0x0
                0x0000000008005084                _flash_driver_api_list_start = .
 *(SORT_BY_NAME(SORT_BY_ALIGNMENT(._flash_driver_api.static.*)))
                0x0000000008005084                _flash_driver_api_list_end = .

fpga_driver_api_area
                0x0000000008005084        0x0
                0x0000000008005084                _fpga_driver_api_list_start = .
 *(SORT_BY_NAME(SORT_BY_ALIGNMENT(._fpga_driver_api.static.*)))
                0x0000000008005084                _fpga_driver_api_list_end = .

fuel_gauge_driver_api_area
                0x0000000008005084        0x0
                0x0000000008005084                _fuel_gauge_driver_api_list_start = .
 *(SORT_BY_NAME(SORT_BY_ALIGNMENT(._fuel_gauge_driver_api.static.*)))
                0x0000000008005084                _fuel_gauge_driver_api_list_end = .

gnss_driver_api_area
                0x0000000008005084        0x0
                0x0000000008005084                _gnss_driver_api_list_start = .
 *(SORT_BY_NAME(SORT_BY_ALIGNMENT(._gnss_driver_api.static.*)))
                0x0000000008005084                _gnss_driver_api_list_end = .

haptics_driver_api_area
                0x0000000008005084        0x0
                0x0000000008005084                _haptics_driver_api_list_start = .
 *(SORT_BY_NAME(SORT_BY_ALIGNMENT(._haptics_driver_api.static.*)))
                0x0000000008005084                _haptics_driver_api_list_end = .

hwspinlock_driver_api_area
                0x0000000008005084        0x0
                0x0000000008005084                _hwspinlock_driver_api_list_start = .
 *(SORT_BY_NAME(SORT_BY_ALIGNMENT(._hwspinlock_driver_api.static.*)))
                0x0000000008005084                _hwspinlock_driver_api_list_end = .

i2c_driver_api_area
                0x0000000008005084        0x0
                0x0000000008005084                _i2c_driver_api_list_start = .
 *(SORT_BY_NAME(SORT_BY_ALIGNMENT(._i2c_driver_api.static.*)))
                0x0000000008005084                _i2c_driver_api_list_end = .

i2c_target_driver_api_area
                0x0000000008005084        0x0
                0x0000000008005084                _i2c_target_driver_api_list_start = .
 *(SORT_BY_NAME(SORT_BY_ALIGNMENT(._i2c_target_driver_api.static.*)))
                0x0000000008005084                _i2c_target_driver_api_list_end = .

i2s_driver_api_area
                0x0000000008005084        0x0
                0x0000000008005084                _i2s_driver_api_list_start = .
 *(SORT_BY_NAME(SORT_BY_ALIGNMENT(._i2s_driver_api.static.*)))
                0x0000000008005084                _i2s_driver_api_list_end = .

i3c_driver_api_area
                0x0000000008005084        0x0
                0x0000000008005084                _i3c_driver_api_list_start = .
 *(SORT_BY_NAME(SORT_BY_ALIGNMENT(._i3c_driver_api.static.*)))
                0x0000000008005084                _i3c_driver_api_list_end = .

ipm_driver_api_area
                0x0000000008005084        0x0
                0x0000000008005084                _ipm_driver_api_list_start = .
 *(SORT_BY_NAME(SORT_BY_ALIGNMENT(._ipm_driver_api.static.*)))
                0x0000000008005084                _ipm_driver_api_list_end = .

led_driver_api_area
                0x0000000008005084        0x0
                0x0000000008005084                _led_driver_api_list_start = .
 *(SORT_BY_NAME(SORT_BY_ALIGNMENT(._led_driver_api.static.*)))
                0x0000000008005084                _led_driver_api_list_end = .

led_strip_driver_api_area
                0x0000000008005084        0x0
                0x0000000008005084                _led_strip_driver_api_list_start = .
 *(SORT_BY_NAME(SORT_BY_ALIGNMENT(._led_strip_driver_api.static.*)))
                0x0000000008005084                _led_strip_driver_api_list_end = .

lora_driver_api_area
                0x0000000008005084        0x0
                0x0000000008005084                _lora_driver_api_list_start = .
 *(SORT_BY_NAME(SORT_BY_ALIGNMENT(._lora_driver_api.static.*)))
                0x0000000008005084                _lora_driver_api_list_end = .

mbox_driver_api_area
                0x0000000008005084        0x0
                0x0000000008005084                _mbox_driver_api_list_start = .
 *(SORT_BY_NAME(SORT_BY_ALIGNMENT(._mbox_driver_api.static.*)))
                0x0000000008005084                _mbox_driver_api_list_end = .

mdio_driver_api_area
                0x0000000008005084        0x0
                0x0000000008005084                _mdio_driver_api_list_start = .
 *(SORT_BY_NAME(SORT_BY_ALIGNMENT(._mdio_driver_api.static.*)))
                0x0000000008005084                _mdio_driver_api_list_end = .

mipi_dbi_driver_api_area
                0x0000000008005084        0x0
                0x0000000008005084                _mipi_dbi_driver_api_list_start = .
 *(SORT_BY_NAME(SORT_BY_ALIGNMENT(._mipi_dbi_driver_api.static.*)))
                0x0000000008005084                _mipi_dbi_driver_api_list_end = .

mipi_dsi_driver_api_area
                0x0000000008005084        0x0
                0x0000000008005084                _mipi_dsi_driver_api_list_start = .
 *(SORT_BY_NAME(SORT_BY_ALIGNMENT(._mipi_dsi_driver_api.static.*)))
                0x0000000008005084                _mipi_dsi_driver_api_list_end = .

mspi_driver_api_area
                0x0000000008005084        0x0
                0x0000000008005084                _mspi_driver_api_list_start = .
 *(SORT_BY_NAME(SORT_BY_ALIGNMENT(._mspi_driver_api.static.*)))
                0x0000000008005084                _mspi_driver_api_list_end = .

opamp_driver_api_area
                0x0000000008005084        0x0
                0x0000000008005084                _opamp_driver_api_list_start = .
 *(SORT_BY_NAME(SORT_BY_ALIGNMENT(._opamp_driver_api.static.*)))
                0x0000000008005084                _opamp_driver_api_list_end = .

otp_driver_api_area
                0x0000000008005084        0x0
                0x0000000008005084                _otp_driver_api_list_start = .
 *(SORT_BY_NAME(SORT_BY_ALIGNMENT(._otp_driver_api.static.*)))
                0x0000000008005084                _otp_driver_api_list_end = .

peci_driver_api_area
                0x0000000008005084        0x0
                0x0000000008005084                _peci_driver_api_list_start = .
 *(SORT_BY_NAME(SORT_BY_ALIGNMENT(._peci_driver_api.static.*)))
                0x0000000008005084                _peci_driver_api_list_end = .

ps2_driver_api_area
                0x0000000008005084        0x0
                0x0000000008005084                _ps2_driver_api_list_start = .
 *(SORT_BY_NAME(SORT_BY_ALIGNMENT(._ps2_driver_api.static.*)))
                0x0000000008005084                _ps2_driver_api_list_end = .

ptp_clock_driver_api_area
                0x0000000008005084        0x0
                0x0000000008005084                _ptp_clock_driver_api_list_start = .
 *(SORT_BY_NAME(SORT_BY_ALIGNMENT(._ptp_clock_driver_api.static.*)))
                0x0000000008005084                _ptp_clock_driver_api_list_end = .

pwm_driver_api_area
                0x0000000008005084        0x0
                0x0000000008005084                _pwm_driver_api_list_start = .
 *(SORT_BY_NAME(SORT_BY_ALIGNMENT(._pwm_driver_api.static.*)))
                0x0000000008005084                _pwm_driver_api_list_end = .

regulator_parent_driver_api_area
                0x0000000008005084        0x0
                0x0000000008005084                _regulator_parent_driver_api_list_start = .
 *(SORT_BY_NAME(SORT_BY_ALIGNMENT(._regulator_parent_driver_api.static.*)))
                0x0000000008005084                _regulator_parent_driver_api_list_end = .

regulator_driver_api_area
                0x0000000008005084        0x0
                0x0000000008005084                _regulator_driver_api_list_start = .
 *(SORT_BY_NAME(SORT_BY_ALIGNMENT(._regulator_driver_api.static.*)))
                0x0000000008005084                _regulator_driver_api_list_end = .

retained_mem_driver_api_area
                0x0000000008005084        0x0
                0x0000000008005084                _retained_mem_driver_api_list_start = .
 *(SORT_BY_NAME(SORT_BY_ALIGNMENT(._retained_mem_driver_api.static.*)))
                0x0000000008005084                _retained_mem_driver_api_list_end = .

rtc_driver_api_area
                0x0000000008005084        0x0
                0x0000000008005084                _rtc_driver_api_list_start = .
 *(SORT_BY_NAME(SORT_BY_ALIGNMENT(._rtc_driver_api.static.*)))
                0x0000000008005084                _rtc_driver_api_list_end = .

sdhc_driver_api_area
                0x0000000008005084        0x0
                0x0000000008005084                _sdhc_driver_api_list_start = .
 *(SORT_BY_NAME(SORT_BY_ALIGNMENT(._sdhc_driver_api.static.*)))
                0x0000000008005084                _sdhc_driver_api_list_end = .

sensor_driver_api_area
                0x0000000008005084        0x0
                0x0000000008005084                _sensor_driver_api_list_start = .
 *(SORT_BY_NAME(SORT_BY_ALIGNMENT(._sensor_driver_api.static.*)))
                0x0000000008005084                _sensor_driver_api_list_end = .

smbus_driver_api_area
                0x0000000008005084        0x0
                0x0000000008005084                _smbus_driver_api_list_start = .
 *(SORT_BY_NAME(SORT_BY_ALIGNMENT(._smbus_driver_api.static.*)))
                0x0000000008005084                _smbus_driver_api_list_end = .

stepper_driver_api_area
                0x0000000008005084        0x0
                0x0000000008005084                _stepper_driver_api_list_start = .
 *(SORT_BY_NAME(SORT_BY_ALIGNMENT(._stepper_driver_api.static.*)))
                0x0000000008005084                _stepper_driver_api_list_end = .

stepper_drv_driver_api_area
                0x0000000008005084        0x0
                0x0000000008005084                _stepper_drv_driver_api_list_start = .
 *(SORT_BY_NAME(SORT_BY_ALIGNMENT(._stepper_drv_driver_api.static.*)))
                0x0000000008005084                _stepper_drv_driver_api_list_end = .

syscon_driver_api_area
                0x0000000008005084        0x0
                0x0000000008005084                _syscon_driver_api_list_start = .
 *(SORT_BY_NAME(SORT_BY_ALIGNMENT(._syscon_driver_api.static.*)))
                0x0000000008005084                _syscon_driver_api_list_end = .

tee_driver_api_area
                0x0000000008005084        0x0
                0x0000000008005084                _tee_driver_api_list_start = .
 *(SORT_BY_NAME(SORT_BY_ALIGNMENT(._tee_driver_api.static.*)))
                0x0000000008005084                _tee_driver_api_list_end = .

video_driver_api_area
                0x0000000008005084        0x0
                0x0000000008005084                _video_driver_api_list_start = .
 *(SORT_BY_NAME(SORT_BY_ALIGNMENT(._video_driver_api.static.*)))
                0x0000000008005084                _video_driver_api_list_end = .

virtio_driver_api_area
                0x0000000008005084        0x0
                0x0000000008005084                _virtio_driver_api_list_start = .
 *(SORT_BY_NAME(SORT_BY_ALIGNMENT(._virtio_driver_api.static.*)))
                0x0000000008005084                _virtio_driver_api_list_end = .

w1_driver_api_area
                0x0000000008005084        0x0
                0x0000000008005084                _w1_driver_api_list_start = .
 *(SORT_BY_NAME(SORT_BY_ALIGNMENT(._w1_driver_api.static.*)))
                0x0000000008005084                _w1_driver_api_list_end = .

wdt_driver_api_area
                0x0000000008005084        0x0
                0x0000000008005084                _wdt_driver_api_list_start = .
 *(SORT_BY_NAME(SORT_BY_ALIGNMENT(._wdt_driver_api.static.*)))
                0x0000000008005084                _wdt_driver_api_list_end = .

can_transceiver_driver_api_area
                0x0000000008005084        0x0
                0x0000000008005084                _can_transceiver_driver_api_list_start = .
 *(SORT_BY_NAME(SORT_BY_ALIGNMENT(._can_transceiver_driver_api.static.*)))
                0x0000000008005084                _can_transceiver_driver_api_list_end = .

nrf_clock_control_driver_api_area
                0x0000000008005084        0x0
                0x0000000008005084                _nrf_clock_control_driver_api_list_start = .
 *(SORT_BY_NAME(SORT_BY_ALIGNMENT(._nrf_clock_control_driver_api.static.*)))
                0x0000000008005084                _nrf_clock_control_driver_api_list_end = .

i3c_target_driver_api_area
                0x0000000008005084        0x0
                0x0000000008005084                _i3c_target_driver_api_list_start = .
 *(SORT_BY_NAME(SORT_BY_ALIGNMENT(._i3c_target_driver_api.static.*)))
                0x0000000008005084                _i3c_target_driver_api_list_end = .

its_driver_api_area
                0x0000000008005084        0x0
                0x0000000008005084                _its_driver_api_list_start = .
 *(SORT_BY_NAME(SORT_BY_ALIGNMENT(._its_driver_api.static.*)))
                0x0000000008005084                _its_driver_api_list_end = .

vtd_driver_api_area
                0x0000000008005084        0x0
                0x0000000008005084                _vtd_driver_api_list_start = .
 *(SORT_BY_NAME(SORT_BY_ALIGNMENT(._vtd_driver_api.static.*)))
                0x0000000008005084                _vtd_driver_api_list_end = .

renesas_elc_driver_api_area
                0x0000000008005084        0x0
                0x0000000008005084                _renesas_elc_driver_api_list_start = .
 *(SORT_BY_NAME(SORT_BY_ALIGNMENT(._renesas_elc_driver_api.static.*)))
                0x0000000008005084                _renesas_elc_driver_api_list_end = .

tgpio_driver_api_area
                0x0000000008005084        0x0
                0x0000000008005084                _tgpio_driver_api_list_start = .
 *(SORT_BY_NAME(SORT_BY_ALIGNMENT(._tgpio_driver_api.static.*)))
                0x0000000008005084                _tgpio_driver_api_list_end = .

pcie_ctrl_driver_api_area
                0x0000000008005084        0x0
                0x0000000008005084                _pcie_ctrl_driver_api_list_start = .
 *(SORT_BY_NAME(SORT_BY_ALIGNMENT(._pcie_ctrl_driver_api.static.*)))
                0x0000000008005084                _pcie_ctrl_driver_api_list_end = .

pcie_ep_driver_api_area
                0x0000000008005084        0x0
                0x0000000008005084                _pcie_ep_driver_api_list_start = .
 *(SORT_BY_NAME(SORT_BY_ALIGNMENT(._pcie_ep_driver_api.static.*)))
                0x0000000008005084                _pcie_ep_driver_api_list_end = .

psi5_driver_api_area
                0x0000000008005084        0x0
                0x0000000008005084                _psi5_driver_api_list_start = .
 *(SORT_BY_NAME(SORT_BY_ALIGNMENT(._psi5_driver_api.static.*)))
                0x0000000008005084                _psi5_driver_api_list_end = .

sent_driver_api_area
                0x0000000008005084        0x0
                0x0000000008005084                _sent_driver_api_list_start = .
 *(SORT_BY_NAME(SORT_BY_ALIGNMENT(._sent_driver_api.static.*)))
                0x0000000008005084                _sent_driver_api_list_end = .

svc_driver_api_area
                0x0000000008005084        0x0
                0x0000000008005084                _svc_driver_api_list_start = .
 *(SORT_BY_NAME(SORT_BY_ALIGNMENT(._svc_driver_api.static.*)))
                0x0000000008005084                _svc_driver_api_list_end = .

uart_driver_api_area
                0x0000000008005084       0x14
                0x0000000008005084                _uart_driver_api_list_start = .
 *(SORT_BY_NAME(SORT_BY_ALIGNMENT(._uart_driver_api.static.*)))
 ._uart_driver_api.static.uart_stm32_driver_api_
                0x0000000008005084       0x14 zephyr/drivers/serial/libdrivers__serial.a(uart_stm32.c.obj)
                0x0000000008005098                _uart_driver_api_list_end = .

bc12_emul_driver_api_area
                0x0000000008005098        0x0
                0x0000000008005098                _bc12_emul_driver_api_list_start = .
 *(SORT_BY_NAME(SORT_BY_ALIGNMENT(._bc12_emul_driver_api.static.*)))
                0x0000000008005098                _bc12_emul_driver_api_list_end = .

bc12_driver_api_area
                0x0000000008005098        0x0
                0x0000000008005098                _bc12_driver_api_list_start = .
 *(SORT_BY_NAME(SORT_BY_ALIGNMENT(._bc12_driver_api.static.*)))
                0x0000000008005098                _bc12_driver_api_list_end = .

usbc_ppc_driver_api_area
                0x0000000008005098        0x0
                0x0000000008005098                _usbc_ppc_driver_api_list_start = .
 *(SORT_BY_NAME(SORT_BY_ALIGNMENT(._usbc_ppc_driver_api.static.*)))
                0x0000000008005098                _usbc_ppc_driver_api_list_end = .

tcpc_driver_api_area
                0x0000000008005098        0x0
                0x0000000008005098                _tcpc_driver_api_list_start = .
 *(SORT_BY_NAME(SORT_BY_ALIGNMENT(._tcpc_driver_api.static.*)))
                0x0000000008005098                _tcpc_driver_api_list_end = .

usbc_vbus_driver_api_area
                0x0000000008005098        0x0
                0x0000000008005098                _usbc_vbus_driver_api_list_start = .
 *(SORT_BY_NAME(SORT_BY_ALIGNMENT(._usbc_vbus_driver_api.static.*)))
                0x0000000008005098                _usbc_vbus_driver_api_list_end = .

ivshmem_driver_api_area
                0x0000000008005098        0x0
                0x0000000008005098                _ivshmem_driver_api_list_start = .
 *(SORT_BY_NAME(SORT_BY_ALIGNMENT(._ivshmem_driver_api.static.*)))
                0x0000000008005098                _ivshmem_driver_api_list_end = .

ethphy_driver_api_area
                0x0000000008005098        0x0
                0x0000000008005098                _ethphy_driver_api_list_start = .
 *(SORT_BY_NAME(SORT_BY_ALIGNMENT(._ethphy_driver_api.static.*)))
                0x0000000008005098                _ethphy_driver_api_list_end = .

ztest           0x0000000008005098        0x0
                0x0000000008005098                _ztest_expected_result_entry_list_start = .
 *(SORT_BY_NAME(SORT_BY_ALIGNMENT(._ztest_expected_result_entry.static.*)))
                0x0000000008005098                _ztest_expected_result_entry_list_end = .
                0x0000000008005098                _ztest_suite_node_list_start = .
 *(SORT_BY_NAME(SORT_BY_ALIGNMENT(._ztest_suite_node.static.*)))
                0x0000000008005098                _ztest_suite_node_list_end = .
                0x0000000008005098                _ztest_unit_test_list_start = .
 *(SORT_BY_NAME(SORT_BY_ALIGNMENT(._ztest_unit_test.static.*)))
                0x0000000008005098                _ztest_unit_test_list_end = .
                0x0000000008005098                _ztest_test_rule_list_start = .
 *(SORT_BY_NAME(SORT_BY_ALIGNMENT(._ztest_test_rule.static.*)))
                0x0000000008005098                _ztest_test_rule_list_end = .

init_array      0x0000000008005098        0x0
                0x0000000008005098                __zephyr_init_array_start = .
 *(SORT_BY_INIT_PRIORITY(.init_array.*) SORT_BY_INIT_PRIORITY(.ctors.*))
 *(SORT_BY_ALIGNMENT(.init_array) SORT_BY_ALIGNMENT(.ctors))
                0x0000000008005098                __zephyr_init_array_end = .
                0x0000000000000001                ASSERT ((__zephyr_init_array_start == __zephyr_init_array_end), GNU-style constructors required but STATIC_INIT_GNU not enabled)

bt_l2cap_fixed_chan_area
                0x0000000008005098        0x0
                0x0000000008005098                _bt_l2cap_fixed_chan_list_start = .
 *(SORT_BY_NAME(SORT_BY_ALIGNMENT(._bt_l2cap_fixed_chan.static.*)))
                0x0000000008005098                _bt_l2cap_fixed_chan_list_end = .

bt_gatt_service_static_area
                0x0000000008005098        0x0
                0x0000000008005098                _bt_gatt_service_static_list_start = .
 *(SORT_BY_NAME(SORT_BY_ALIGNMENT(._bt_gatt_service_static.static.*)))
                0x0000000008005098                _bt_gatt_service_static_list_end = .

log_strings_area
                0x0000000008005098        0x0
                0x0000000008005098                _log_strings_list_start = .
 *(SORT_BY_NAME(SORT_BY_ALIGNMENT(._log_strings.static.*)))
                0x0000000008005098                _log_strings_list_end = .

log_stmesp_ptr_area
                0x0000000008005098        0x0
                0x0000000008005098                _log_stmesp_ptr_list_start = .
 *(SORT_BY_NAME(SORT_BY_ALIGNMENT(._log_stmesp_ptr.static.*)))
                0x0000000008005098                _log_stmesp_ptr_list_end = .

log_stmesp_str_area
                0x0000000008005098        0x0
                0x0000000008005098                _log_stmesp_str_list_start = .
 *(SORT_BY_NAME(SORT_BY_ALIGNMENT(._log_stmesp_str.static.*)))
                0x0000000008005098                _log_stmesp_str_list_end = .

log_const_area  0x0000000008005098        0x0
                0x0000000008005098                _log_const_list_start = .
 *(SORT_BY_NAME(SORT_BY_ALIGNMENT(._log_const.static.*)))
                0x0000000008005098                _log_const_list_end = .

log_backend_area
                0x0000000008005098        0x0
                0x0000000008005098                _log_backend_list_start = .
 *(SORT_BY_NAME(SORT_BY_ALIGNMENT(._log_backend.static.*)))
                0x0000000008005098                _log_backend_list_end = .

log_link_area   0x0000000008005098        0x0
                0x0000000008005098                _log_link_list_start = .
 *(SORT_BY_NAME(SORT_BY_ALIGNMENT(._log_link.static.*)))
                0x0000000008005098                _log_link_list_end = .

tracing_backend_area
                0x0000000008005098        0x0
                0x0000000008005098                _tracing_backend_list_start = .
 *(SORT_BY_NAME(SORT_BY_ALIGNMENT(._tracing_backend.static.*)))
                0x0000000008005098                _tracing_backend_list_end = .

zephyr_dbg_info
 *(SORT_BY_ALIGNMENT(.dbg_thread_info))

intc_table_area
                0x0000000008005098        0x0
                0x0000000008005098                _intc_table_list_start = .
 *(SORT_BY_NAME(SORT_BY_ALIGNMENT(._intc_table.static.*)))
                0x0000000008005098                _intc_table_list_end = .

symbol_to_keep  0x0000000008005098        0x0
                0x0000000008005098                __symbol_to_keep_start = .
 *(SORT_BY_NAME(SORT_BY_ALIGNMENT(.symbol_to_keep*)))
                0x0000000008005098                __symbol_to_keep_end = .

shell_area      0x0000000008005098        0x0
                0x0000000008005098                _shell_list_start = .
 *(SORT_BY_NAME(SORT_BY_ALIGNMENT(._shell.static.*)))
                0x0000000008005098                _shell_list_end = .

shell_root_cmds_area
                0x0000000008005098        0x0
                0x0000000008005098                _shell_root_cmds_list_start = .
 *(SORT_BY_NAME(SORT_BY_ALIGNMENT(._shell_root_cmds.static.*)))
                0x0000000008005098                _shell_root_cmds_list_end = .

shell_subcmds_area
                0x0000000008005098        0x0
                0x0000000008005098                _shell_subcmds_list_start = .
 *(SORT_BY_NAME(SORT_BY_ALIGNMENT(._shell_subcmds.static.*)))
                0x0000000008005098                _shell_subcmds_list_end = .

shell_dynamic_subcmds_area
                0x0000000008005098        0x0
                0x0000000008005098                _shell_dynamic_subcmds_list_start = .
 *(SORT_BY_NAME(SORT_BY_ALIGNMENT(._shell_dynamic_subcmds.static.*)))
                0x0000000008005098                _shell_dynamic_subcmds_list_end = .

cfb_font_area   0x0000000008005098        0x0
                0x0000000008005098                _cfb_font_list_start = .
 *(SORT_BY_NAME(SORT_BY_ALIGNMENT(._cfb_font.static.*)))
                0x0000000008005098                _cfb_font_list_end = .

tdata           0x0000000008005098        0x0
 *(SORT_BY_ALIGNMENT(.tdata) SORT_BY_ALIGNMENT(.tdata.*) SORT_BY_ALIGNMENT(.gnu.linkonce.td.*))

tbss            0x0000000008005098        0x4
 *(SORT_BY_ALIGNMENT(.tbss) SORT_BY_ALIGNMENT(.tbss.*) SORT_BY_ALIGNMENT(.gnu.linkonce.tb.*) SORT_BY_ALIGNMENT(.tcommon))
 .tbss.z_tls_current
                0x0000000008005098        0x4 zephyr/libzephyr.a(thread_entry.c.obj)
                0x0000000008005098                z_tls_current
                0x0000000008005098                PROVIDE (__tdata_start = LOADADDR (tdata))
                0x0000000000000001                PROVIDE (__tdata_align = ALIGNOF (tdata))
                0x0000000000000000                PROVIDE (__tdata_size = (((SIZEOF (tdata) + __tdata_align) - 0x1) & ~ ((__tdata_align - 0x1))))
                [!provide]                        PROVIDE (__tdata_end = (__tdata_start + __tdata_size))
                0x0000000000000004                PROVIDE (__tbss_align = ALIGNOF (tbss))
                [!provide]                        PROVIDE (__tbss_start = ADDR (tbss))
                0x0000000000000004                PROVIDE (__tbss_size = (((SIZEOF (tbss) + __tbss_align) - 0x1) & ~ ((__tbss_align - 0x1))))
                [!provide]                        PROVIDE (__tbss_end = (__tbss_start + __tbss_size))
                [!provide]                        PROVIDE (__tls_start = __tdata_start)
                [!provide]                        PROVIDE (__tls_end = __tbss_end)
                [!provide]                        PROVIDE (__tls_size = (__tbss_end - __tdata_start))

rodata          0x0000000008005098      0x8c0
 *(SORT_BY_ALIGNMENT(.rodata))
 .rodata        0x0000000008005098        0x8 zephyr/drivers/interrupt_controller/libdrivers__interrupt_controller.a(intc_exti_stm32.c.obj)
 *(SORT_BY_ALIGNMENT(.rodata.*))
 .rodata.mem_attr_region
                0x00000000080050a0        0x0 zephyr/libzephyr.a(mem_attr.c.obj)
 .rodata.static_regions
                0x00000000080050a0        0xc zephyr/arch/arch/arm/core/mpu/libarch__arm__core__mpu.a(arm_core_mpu.c.obj)
 .rodata.mpu_config
                0x00000000080050ac        0x8 zephyr/arch/arch/arm/core/mpu/libarch__arm__core__mpu.a(arm_mpu_regions.c.obj)
                0x00000000080050ac                mpu_config
 .rodata.mpu_regions
                0x00000000080050b4       0x18 zephyr/arch/arch/arm/core/mpu/libarch__arm__core__mpu.a(arm_mpu_regions.c.obj)
 .rodata.ads1220_config_0
                0x00000000080050cc       0x38 zephyr/drivers/adc/libdrivers__adc.a(adc_ads1220.c.obj)
 .rodata.ads1220_driver_api
                0x0000000008005104        0xc zephyr/drivers/adc/libdrivers__adc.a(adc_ads1220.c.obj)
 .rodata.t_clk  0x0000000008005110       0x54 zephyr/drivers/adc/libdrivers__adc.a(adc_ads1220.c.obj)
 .rodata.gpio_stm32_cfg_h
                0x0000000008005164       0x14 zephyr/drivers/gpio/libdrivers__gpio.a(gpio_stm32.c.obj)
 .rodata.gpio_stm32_cfg_e
                0x0000000008005178       0x14 zephyr/drivers/gpio/libdrivers__gpio.a(gpio_stm32.c.obj)
 .rodata.gpio_stm32_cfg_d
                0x000000000800518c       0x14 zephyr/drivers/gpio/libdrivers__gpio.a(gpio_stm32.c.obj)
 .rodata.gpio_stm32_cfg_c
                0x00000000080051a0       0x14 zephyr/drivers/gpio/libdrivers__gpio.a(gpio_stm32.c.obj)
 .rodata.gpio_stm32_cfg_b
                0x00000000080051b4       0x14 zephyr/drivers/gpio/libdrivers__gpio.a(gpio_stm32.c.obj)
 .rodata.gpio_stm32_cfg_a
                0x00000000080051c8       0x14 zephyr/drivers/gpio/libdrivers__gpio.a(gpio_stm32.c.obj)
 .rodata.gpio_ports
                0x00000000080051dc       0x68 zephyr/drivers/pinctrl/libdrivers__pinctrl.a(pinctrl_stm32.c.obj)
 .rodata.reset_stm32_config
                0x0000000008005244        0x4 zephyr/drivers/reset/libdrivers__reset.a(reset_stm32.c.obj)
 .rodata.uart_stm32_cfg_0
                0x0000000008005248       0x28 zephyr/drivers/serial/libdrivers__serial.a(uart_stm32.c.obj)
 .rodata.pclken_0
                0x0000000008005270        0x8 zephyr/drivers/serial/libdrivers__serial.a(uart_stm32.c.obj)
 .rodata.__pinctrl_dev_config__device_dts_ord_62
                0x0000000008005278        0x8 zephyr/drivers/serial/libdrivers__serial.a(uart_stm32.c.obj)
 .rodata.__pinctrl_states__device_dts_ord_62
                0x0000000008005280        0x8 zephyr/drivers/serial/libdrivers__serial.a(uart_stm32.c.obj)
 .rodata.__pinctrl_state_pins_0__device_dts_ord_62
                0x0000000008005288       0x10 zephyr/drivers/serial/libdrivers__serial.a(uart_stm32.c.obj)
 .rodata.scaler.0
                0x0000000008005298       0x20 zephyr/drivers/spi/libdrivers__spi.a(spi_stm32.c.obj)
 .rodata.__compound_literal.0
                0x00000000080052b8        0x8 zephyr/drivers/spi/libdrivers__spi.a(spi_stm32.c.obj)
 .rodata.spi_stm32_cfg_0
                0x00000000080052c0       0x1c zephyr/drivers/spi/libdrivers__spi.a(spi_stm32.c.obj)
 .rodata.pclken_0
                0x00000000080052dc        0x8 zephyr/drivers/spi/libdrivers__spi.a(spi_stm32.c.obj)
 .rodata.__pinctrl_dev_config__device_dts_ord_98
                0x00000000080052e4        0x8 zephyr/drivers/spi/libdrivers__spi.a(spi_stm32.c.obj)
 .rodata.__pinctrl_states__device_dts_ord_98
                0x00000000080052ec        0x8 zephyr/drivers/spi/libdrivers__spi.a(spi_stm32.c.obj)
 .rodata.__pinctrl_state_pins_0__device_dts_ord_98
                0x00000000080052f4       0x18 zephyr/drivers/spi/libdrivers__spi.a(spi_stm32.c.obj)
 .rodata.table_datawidth
                0x000000000800530c       0x34 zephyr/drivers/spi/libdrivers__spi.a(spi_stm32.c.obj)
 .rodata.MSIRangeTable
                0x0000000008005340       0x30 modules/hal_stm32/stm32cube/lib..__modules__hal__stm32__stm32cube.a(system_stm32l4xx.c.obj)
                0x0000000008005340                MSIRangeTable
 .rodata.levels.0
                0x0000000008005370       0x18 zephyr/kernel/libkernel.a(init.c.obj)
 .rodata.ads1220_idacs
                0x0000000008005388       0x20 zephyr/drivers/adc/libdrivers__adc.a(adc_ads1220.c.obj)
 .rodata.CSWTCH.87
                0x00000000080053a8        0x6 zephyr/drivers/serial/libdrivers__serial.a(uart_stm32.c.obj)
 .rodata.main.str1.1
                0x00000000080053ae       0x69 app/libapp.a(main.c.obj)
 .rodata.z_arm_fatal_error.str1.1
                0x0000000008005417       0xb3 zephyr/arch/arch/arm/core/libarch__arm__core.a(fatal.c.obj)
 .rodata.mem_manage_fault.str1.1
                0x00000000080054ca       0xdf zephyr/arch/arch/arm/core/cortex_m/libarch__arm__core__cortex_m.a(fault.c.obj)
 .rodata.usage_fault.constprop.0.str1.1
                0x00000000080055a9       0xd4 zephyr/arch/arch/arm/core/cortex_m/libarch__arm__core__cortex_m.a(fault.c.obj)
 .rodata.bus_fault.constprop.0.str1.1
                0x000000000800567d       0x8e zephyr/arch/arch/arm/core/cortex_m/libarch__arm__core__cortex_m.a(fault.c.obj)
 .rodata.z_arm_fault.str1.1
                0x000000000800570b      0x119 zephyr/arch/arch/arm/core/cortex_m/libarch__arm__core__cortex_m.a(fault.c.obj)
 .rodata.str1.1
                0x0000000008005824        0xf zephyr/arch/arch/arm/core/mpu/libarch__arm__core__mpu.a(arm_mpu_regions.c.obj)
 .rodata.str1.1
                0x0000000008005833       0x1e zephyr/drivers/interrupt_controller/libdrivers__interrupt_controller.a(intc_exti_stm32.c.obj)
 .rodata.line_range_6.0
                0x0000000008005851        0x2 zephyr/drivers/interrupt_controller/libdrivers__interrupt_controller.a(intc_gpio_stm32.c.obj)
 .rodata.line_range_5.1
                0x0000000008005853        0x2 zephyr/drivers/interrupt_controller/libdrivers__interrupt_controller.a(intc_gpio_stm32.c.obj)
 .rodata.line_range_4.2
                0x0000000008005855        0x2 zephyr/drivers/interrupt_controller/libdrivers__interrupt_controller.a(intc_gpio_stm32.c.obj)
 .rodata.line_range_3.3
                0x0000000008005857        0x2 zephyr/drivers/interrupt_controller/libdrivers__interrupt_controller.a(intc_gpio_stm32.c.obj)
 .rodata.line_range_2.4