Archive member included to satisfy reference by file (symbol)

app/libapp.a(main.c.obj)      (--whole-archive)
zephyr/libzephyr.a(validate_libc.c.obj)
                              (--whole-archive)
zephyr/libzephyr.a(heap.c.obj)
                              (--whole-archive)
zephyr/libzephyr.a(cbprintf_packaged.c.obj)
                              (--whole-archive)
zephyr/libzephyr.a(clock.c.obj)
                              (--whole-archive)
zephyr/libzephyr.a(printk.c.obj)
                              (--whole-archive)
zephyr/libzephyr.a(sem.c.obj)
                              (--whole-archive)
zephyr/libzephyr.a(thread_entry.c.obj)
                              (--whole-archive)
zephyr/libzephyr.a(cbprintf_complete.c.obj)
                              (--whole-archive)
zephyr/libzephyr.a(assert.c.obj)
                              (--whole-archive)
zephyr/libzephyr.a(dec.c.obj)
                              (--whole-archive)
zephyr/libzephyr.a(hex.c.obj)
                              (--whole-archive)
zephyr/libzephyr.a(rb.c.obj)  (--whole-archive)
zephyr/libzephyr.a(timeutil.c.obj)
                              (--whole-archive)
zephyr/libzephyr.a(bitarray.c.obj)
                              (--whole-archive)
zephyr/libzephyr.a(bitmask.c.obj)
                              (--whole-archive)
zephyr/libzephyr.a(getopt.c.obj)
                              (--whole-archive)
zephyr/libzephyr.a(getopt_common.c.obj)
                              (--whole-archive)
zephyr/libzephyr.a(ring_buffer.c.obj)
                              (--whole-archive)
zephyr/libzephyr.a(last_section_id.c.obj)
                              (--whole-archive)
zephyr/libzephyr.a(configs.c.obj)
                              (--whole-archive)
zephyr/libzephyr.a(stm32cube_hal.c.obj)
                              (--whole-archive)
zephyr/libzephyr.a(soc_config.c.obj)
                              (--whole-archive)
zephyr/libzephyr.a(stm32_backup_domain.c.obj)
                              (--whole-archive)
zephyr/libzephyr.a(soc.c.obj)
                              (--whole-archive)
zephyr/libzephyr.a(mem_attr.c.obj)
                              (--whole-archive)
zephyr/libzephyr.a(tracing_none.c.obj)
                              (--whole-archive)
zephyr/arch/common/libarch__common.a(sw_isr_common.c.obj)
                              (--whole-archive)
zephyr/arch/common/libarch__common.a(init.c.obj)
                              (--whole-archive)
zephyr/arch/common/libarch__common.a(xip.c.obj)
                              (--whole-archive)
zephyr/arch/arch/arm/core/libarch__arm__core.a(fatal.c.obj)
                              (--whole-archive)
zephyr/arch/arch/arm/core/libarch__arm__core.a(nmi.c.obj)
                              (--whole-archive)
zephyr/arch/arch/arm/core/libarch__arm__core.a(nmi_on_reset.S.obj)
                              (--whole-archive)
zephyr/arch/arch/arm/core/libarch__arm__core.a(tls.c.obj)
                              (--whole-archive)
zephyr/arch/arch/arm/core/cortex_m/libarch__arm__core__cortex_m.a(exc_exit.c.obj)
                              (--whole-archive)
zephyr/arch/arch/arm/core/cortex_m/libarch__arm__core__cortex_m.a(fault.c.obj)
                              (--whole-archive)
zephyr/arch/arch/arm/core/cortex_m/libarch__arm__core__cortex_m.a(fault_s.S.obj)
                              (--whole-archive)
zephyr/arch/arch/arm/core/cortex_m/libarch__arm__core__cortex_m.a(fpu.c.obj)
                              (--whole-archive)
zephyr/arch/arch/arm/core/cortex_m/libarch__arm__core__cortex_m.a(reset.S.obj)
                              (--whole-archive)
zephyr/arch/arch/arm/core/cortex_m/libarch__arm__core__cortex_m.a(scb.c.obj)
                              (--whole-archive)
zephyr/arch/arch/arm/core/cortex_m/libarch__arm__core__cortex_m.a(thread_abort.c.obj)
                              (--whole-archive)
zephyr/arch/arch/arm/core/cortex_m/libarch__arm__core__cortex_m.a(vector_table.S.obj)
                              (--whole-archive)
zephyr/arch/arch/arm/core/cortex_m/libarch__arm__core__cortex_m.a(swap_helper.S.obj)
                              (--whole-archive)
zephyr/arch/arch/arm/core/cortex_m/libarch__arm__core__cortex_m.a(irq_manage.c.obj)
                              (--whole-archive)
zephyr/arch/arch/arm/core/cortex_m/libarch__arm__core__cortex_m.a(prep_c.c.obj)
                              (--whole-archive)
zephyr/arch/arch/arm/core/cortex_m/libarch__arm__core__cortex_m.a(thread.c.obj)
                              (--whole-archive)
zephyr/arch/arch/arm/core/cortex_m/libarch__arm__core__cortex_m.a(cpu_idle.c.obj)
                              (--whole-archive)
zephyr/arch/arch/arm/core/cortex_m/libarch__arm__core__cortex_m.a(irq_init.c.obj)
                              (--whole-archive)
zephyr/arch/arch/arm/core/cortex_m/libarch__arm__core__cortex_m.a(isr_wrapper.c.obj)
                              (--whole-archive)
[...]
Memory Configuration

Name             Origin             Length             Attributes
FLASH            0x0000000008000000 0x0000000000030000 xr
RAM              0x0000000020000000 0x0000000000005000 xw
SRAM0            0x0000000020000000 0x0000000000005000 rw
IDT_LIST         0x00000000ffff7fff 0x0000000000008000 xw
*default*        0x0000000000000000 0xffffffffffffffff

Linker script and memory map

                0x00000000080045e4                vfprintf = __l_vfprintf
                0x0000000000000000                vfscanf = __l_vfscanf
LOAD zephyr/CMakeFiles/zephyr_pre0.dir/misc/empty_file.c.obj
LOAD zephyr/CMakeFiles/offsets.dir/./arch/arm/core/offsets/offsets.c.obj
LOAD app/libapp.a
LOAD zephyr/libzephyr.a
LOAD zephyr/arch/common/libarch__common.a
LOAD zephyr/arch/arch/arm/core/libarch__arm__core.a
LOAD zephyr/arch/arch/arm/core/cortex_m/libarch__arm__core__cortex_m.a
LOAD zephyr/arch/arch/arm/core/mpu/libarch__arm__core__mpu.a
LOAD zephyr/lib/libc/picolibc/liblib__libc__picolibc.a
LOAD zephyr/lib/libc/common/liblib__libc__common.a
LOAD zephyr/lib/posix/c_lib_ext/liblib__posix__c_lib_ext.a
LOAD zephyr/drivers/interrupt_controller/libdrivers__interrupt_controller.a
LOAD zephyr/drivers/adc/libdrivers__adc.a
LOAD zephyr/drivers/clock_control/libdrivers__clock_control.a
LOAD zephyr/drivers/console/libdrivers__console.a
LOAD zephyr/drivers/gpio/libdrivers__gpio.a
LOAD zephyr/drivers/pinctrl/libdrivers__pinctrl.a
LOAD zephyr/drivers/reset/libdrivers__reset.a
LOAD zephyr/drivers/sensor/st/stm32_temp/libdrivers__sensor__st__stm32_temp.a
LOAD zephyr/drivers/sensor/st/stm32_vref/libdrivers__sensor__st__stm32_vref.a
LOAD zephyr/drivers/serial/libdrivers__serial.a
LOAD zephyr/drivers/timer/libdrivers__timer.a
LOAD modules/hal_stm32/stm32cube/lib..__modules__hal__stm32__stm32cube.a
LOAD zephyr/kernel/libkernel.a
LOAD zephyr/arch/common/libisr_tables.a
LOAD c:\users\kostas.caplinskas\zephyr-sdk-0.17.4\arm-zephyr-eabi\bin\../lib/gcc/../../picolibc/arm-zephyr-eabi/lib/thumb/v6-m/nofp\libc.a
LOAD c:/users/kostas.caplinskas/zephyr-sdk-0.17.4/arm-zephyr-eabi/bin/../lib/gcc/arm-zephyr-eabi/12.2.0/thumb/v6-m/nofp\libgcc.a
                0x0000000000000100                _region_min_align = 0x100

.rel.plt        0x0000000008000000        0x0
 *(SORT_BY_ALIGNMENT(.rel.plt))
                [!provide]                        PROVIDE (__rel_iplt_start = .)
 *(SORT_BY_ALIGNMENT(.rel.iplt))
 .rel.iplt      0x0000000008000000        0x0 app/libapp.a(main.c.obj)
                [!provide]                        PROVIDE (__rel_iplt_end = .)

.rela.plt       0x0000000000000000        0x0
 *(SORT_BY_ALIGNMENT(.rela.plt))
                [!provide]                        PROVIDE (__rela_iplt_start = .)
 *(SORT_BY_ALIGNMENT(.rela.iplt))
                [!provide]                        PROVIDE (__rela_iplt_end = .)

.rel.dyn
 *(SORT_BY_ALIGNMENT(.rel.*))

.rela.dyn
 *(SORT_BY_ALIGNMENT(.rela.*))

/DISCARD/
 *(SORT_BY_ALIGNMENT(.plt))

/DISCARD/
 *(SORT_BY_ALIGNMENT(.iplt))
                0x0000000008000000                __rom_region_start = 0x8000000

rom_start       0x0000000008000000       0xc0
                0x0000000008000000                __rom_start_address = .
 FILL mask 0x00
                0x0000000008000000                . = (. + (0x0 - (. - __rom_start_address)))
                0x0000000008000000                . = ALIGN (0x4)
                0x0000000008000000                . = ALIGN (0x100)
                0x0000000008000000                . = ALIGN (0x100)
                0x0000000008000000                _vector_start = .
 *(SORT_BY_ALIGNMENT(.exc_vector_table))
 *(SORT_BY_ALIGNMENT(.exc_vector_table.*))
 .exc_vector_table._vector_table_section
                0x0000000008000000       0x40 zephyr/arch/arch/arm/core/cortex_m/libarch__arm__core__cortex_m.a(vector_table.S.obj)
                0x0000000008000000                _vector_table
 *(SORT_BY_ALIGNMENT(.vectors))
                0x00000000080000c0                _vector_end = .
                0x0000000008000040                . = ALIGN (0x4)
 *(SORT_BY_ALIGNMENT(.gnu.linkonce.irq_vector_table*))
 .gnu.linkonce.irq_vector_table
                0x0000000008000040       0x80 zephyr/arch/common/libisr_tables.a(isr_tables.c.obj)
                0x0000000008000040                _irq_vector_table
                0x00000000080000c0                _vector_end = .

text            0x00000000080000c0     0x55a8
                0x00000000080000c0                __text_region_start = .
 *(SORT_BY_ALIGNMENT(.text))
 .text          0x00000000080000c0       0x14 c:/users/kostas.caplinskas/zephyr-sdk-0.17.4/arm-zephyr-eabi/bin/../lib/gcc/arm-zephyr-eabi/12.2.0/thumb/v6-m/nofp\libgcc.a(_thumb1_case_uqi.o)
                0x00000000080000c0                __gnu_thumb1_case_uqi
 .text          0x00000000080000d4       0x8c c:/users/kostas.caplinskas/zephyr-sdk-0.17.4/arm-zephyr-eabi/bin/../lib/gcc/arm-zephyr-eabi/12.2.0/thumb/v6-m/nofp\libgcc.a(_udivsi3.o)
                0x00000000080000d4                __aeabi_uidiv
                0x00000000080000d4                __udivsi3
                0x000000000800014c                __aeabi_uidivmod
 .text          0x0000000008000160       0xa8 c:/users/kostas.caplinskas/zephyr-sdk-0.17.4/arm-zephyr-eabi/bin/../lib/gcc/arm-zephyr-eabi/12.2.0/thumb/v6-m/nofp\libgcc.a(_divsi3.o)
                0x0000000008000160                __divsi3
                0x0000000008000160                __aeabi_idiv
                0x00000000080001f4                __aeabi_idivmod
 .text          0x0000000008000208        0x4 c:/users/kostas.caplinskas/zephyr-sdk-0.17.4/arm-zephyr-eabi/bin/../lib/gcc/arm-zephyr-eabi/12.2.0/thumb/v6-m/nofp\libgcc.a(_dvmd_tls.o)
                0x0000000008000208                __aeabi_idiv0
                0x0000000008000208                __aeabi_ldiv0
 .text          0x000000000800020c       0x74 c:/users/kostas.caplinskas/zephyr-sdk-0.17.4/arm-zephyr-eabi/bin/../lib/gcc/arm-zephyr-eabi/12.2.0/thumb/v6-m/nofp\libgcc.a(_arm_cmpsf2.o)
                0x000000000800020c                __aeabi_cfrcmple
                0x0000000008000214                __aeabi_cfcmpeq
                0x0000000008000214                __aeabi_cfcmple
                0x0000000008000224                __aeabi_fcmpeq
                0x0000000008000230                __aeabi_fcmplt
                0x0000000008000244                __aeabi_fcmple
                0x0000000008000258                __aeabi_fcmpgt
                0x000000000800026c                __aeabi_fcmpge
 .text          0x0000000008000280       0x3c c:/users/kostas.caplinskas/zephyr-sdk-0.17.4/arm-zephyr-eabi/bin/../lib/gcc/arm-zephyr-eabi/12.2.0/thumb/v6-m/nofp\libgcc.a(_clzsi2.o)
                0x0000000008000280                __clzsi2
 .text          0x00000000080002bc       0x40 c:/users/kostas.caplinskas/zephyr-sdk-0.17.4/arm-zephyr-eabi/bin/../lib/gcc/arm-zephyr-eabi/12.2.0/thumb/v6-m/nofp\libgcc.a(_ctzsi2.o)
                0x00000000080002bc                __ctzsi2
 .text          0x00000000080002fc       0x48 c:/users/kostas.caplinskas/zephyr-sdk-0.17.4/arm-zephyr-eabi/bin/../lib/gcc/arm-zephyr-eabi/12.2.0/thumb/v6-m/nofp\libgcc.a(_aeabi_ldivmod.o)
                0x00000000080002fc                __aeabi_ldivmod
 .text          0x0000000008000344       0x40 c:/users/kostas.caplinskas/zephyr-sdk-0.17.4/arm-zephyr-eabi/bin/../lib/gcc/arm-zephyr-eabi/12.2.0/thumb/v6-m/nofp\libgcc.a(_aeabi_uldivmod.o)
                0x0000000008000344                __aeabi_uldivmod
 .text          0x0000000008000384       0x34 c:/users/kostas.caplinskas/zephyr-sdk-0.17.4/arm-zephyr-eabi/bin/../lib/gcc/arm-zephyr-eabi/12.2.0/thumb/v6-m/nofp\libgcc.a(_popcountsi2.o)
                0x0000000008000384                __popcountsi2
 .text          0x00000000080003b8      0x2e8 c:/users/kostas.caplinskas/zephyr-sdk-0.17.4/arm-zephyr-eabi/bin/../lib/gcc/arm-zephyr-eabi/12.2.0/thumb/v6-m/nofp\libgcc.a(addsf3.o)
                0x00000000080003b8                __aeabi_fadd
 .text          0x00000000080006a0      0x1c4 c:/users/kostas.caplinskas/zephyr-sdk-0.17.4/arm-zephyr-eabi/bin/../lib/gcc/arm-zephyr-eabi/12.2.0/thumb/v6-m/nofp\libgcc.a(divsf3.o)
                0x00000000080006a0                __aeabi_fdiv
 .text          0x0000000008000864      0x1ec c:/users/kostas.caplinskas/zephyr-sdk-0.17.4/arm-zephyr-eabi/bin/../lib/gcc/arm-zephyr-eabi/12.2.0/thumb/v6-m/nofp\libgcc.a(mulsf3.o)
                0x0000000008000864                __aeabi_fmul
 .text          0x0000000008000a50      0x32c c:/users/kostas.caplinskas/zephyr-sdk-0.17.4/arm-zephyr-eabi/bin/../lib/gcc/arm-zephyr-eabi/12.2.0/thumb/v6-m/nofp\libgcc.a(subsf3.o)
                0x0000000008000a50                __aeabi_fsub
 .text          0x0000000008000d7c       0x3c c:/users/kostas.caplinskas/zephyr-sdk-0.17.4/arm-zephyr-eabi/bin/../lib/gcc/arm-zephyr-eabi/12.2.0/thumb/v6-m/nofp\libgcc.a(fixsfsi.o)
                0x0000000008000d7c                __aeabi_f2iz
 .text          0x0000000008000db8       0x88 c:/users/kostas.caplinskas/zephyr-sdk-0.17.4/arm-zephyr-eabi/bin/../lib/gcc/arm-zephyr-eabi/12.2.0/thumb/v6-m/nofp\libgcc.a(floatsisf.o)
                0x0000000008000db8                __aeabi_i2f
 .text          0x0000000008000e40       0x78 c:/users/kostas.caplinskas/zephyr-sdk-0.17.4/arm-zephyr-eabi/bin/../lib/gcc/arm-zephyr-eabi/12.2.0/thumb/v6-m/nofp\libgcc.a(floatunsisf.o)
                0x0000000008000e40                __aeabi_ui2f
 .text          0x0000000008000eb8       0x18 c:/users/kostas.caplinskas/zephyr-sdk-0.17.4/arm-zephyr-eabi/bin/../lib/gcc/arm-zephyr-eabi/12.2.0/thumb/v6-m/nofp\libgcc.a(_lshrdi3.o)
                0x0000000008000eb8                __lshrdi3
                0x0000000008000eb8                __aeabi_llsr
 .text          0x0000000008000ed0       0x18 c:/users/kostas.caplinskas/zephyr-sdk-0.17.4/arm-zephyr-eabi/bin/../lib/gcc/arm-zephyr-eabi/12.2.0/thumb/v6-m/nofp\libgcc.a(_ashldi3.o)
                0x0000000008000ed0                __aeabi_llsl
                0x0000000008000ed0                __ashldi3
 .text          0x0000000008000ee8       0x18 c:/users/kostas.caplinskas/zephyr-sdk-0.17.4/arm-zephyr-eabi/bin/../lib/gcc/arm-zephyr-eabi/12.2.0/thumb/v6-m/nofp\libgcc.a(_clzdi2.o)
                0x0000000008000ee8                __clzdi2
 .text          0x0000000008000f00       0x44 c:/users/kostas.caplinskas/zephyr-sdk-0.17.4/arm-zephyr-eabi/bin/../lib/gcc/arm-zephyr-eabi/12.2.0/thumb/v6-m/nofp\libgcc.a(_muldi3.o)
                0x0000000008000f00                __muldi3
                0x0000000008000f00                __aeabi_lmul
 .text          0x0000000008000f44        0xe c:/users/kostas.caplinskas/zephyr-sdk-0.17.4/arm-zephyr-eabi/bin/../lib/gcc/arm-zephyr-eabi/12.2.0/thumb/v6-m/nofp\libgcc.a(_ffssi2.o)
                0x0000000008000f44                __ffssi2
 .text          0x0000000008000f52       0xde c:/users/kostas.caplinskas/zephyr-sdk-0.17.4/arm-zephyr-eabi/bin/../lib/gcc/arm-zephyr-eabi/12.2.0/thumb/v6-m/nofp\libgcc.a(_udivmoddi4.o)
                0x0000000008000f52                __udivmoddi4
 .text          0x0000000008001030       0x30 c:/users/kostas.caplinskas/zephyr-sdk-0.17.4/arm-zephyr-eabi/bin/../lib/gcc/arm-zephyr-eabi/12.2.0/thumb/v6-m/nofp\libgcc.a(bpabi.o)
                0x0000000008001030                __gnu_ldivmod_helper
 .text          0x0000000008001060       0x4e c:/users/kostas.caplinskas/zephyr-sdk-0.17.4/arm-zephyr-eabi/bin/../lib/gcc/arm-zephyr-eabi/12.2.0/thumb/v6-m/nofp\libgcc.a(eqsf2.o)
                0x0000000008001060                __eqsf2
                0x0000000008001060                __nesf2
 .text          0x00000000080010ae       0x9c c:/users/kostas.caplinskas/zephyr-sdk-0.17.4/arm-zephyr-eabi/bin/../lib/gcc/arm-zephyr-eabi/12.2.0/thumb/v6-m/nofp\libgcc.a(gesf2.o)
                0x00000000080010ae                __gesf2
                0x00000000080010ae                __gtsf2
 .text          0x000000000800114a       0xa0 c:/users/kostas.caplinskas/zephyr-sdk-0.17.4/arm-zephyr-eabi/bin/../lib/gcc/arm-zephyr-eabi/12.2.0/thumb/v6-m/nofp\libgcc.a(lesf2.o)
                0x000000000800114a                __ltsf2
                0x000000000800114a                __lesf2
 .text          0x00000000080011ea      0x142 c:/users/kostas.caplinskas/zephyr-sdk-0.17.4/arm-zephyr-eabi/bin/../lib/gcc/arm-zephyr-eabi/12.2.0/thumb/v6-m/nofp\libgcc.a(_divdi3.o)
                0x00000000080011ea                __divdi3
 *(SORT_BY_ALIGNMENT(.text.*))
 .text.gpio_pin_configure_dt
                0x000000000800132c       0x50 app/libapp.a(main.c.obj)
 .text.main     0x000000000800137c       0xd8 app/libapp.a(main.c.obj)
                0x000000000800137c                main
 .text.char_out
                0x0000000008001454       0x10 zephyr/libzephyr.a(printk.c.obj)
 .text.__printk_hook_install
                0x0000000008001464        0xc zephyr/libzephyr.a(printk.c.obj)
                0x0000000008001464                __printk_hook_install
 .text.vprintk  0x0000000008001470       0x30 zephyr/libzephyr.a(printk.c.obj)
                0x0000000008001470                vprintk
 .text.z_thread_entry
                0x00000000080014a0       0x30 zephyr/libzephyr.a(thread_entry.c.obj)
                0x00000000080014a0                z_thread_entry
 .text.st_stm32_common_config
                0x00000000080014d0       0x3c zephyr/libzephyr.a(soc_config.c.obj)
 .text.soc_early_init_hook
                0x000000000800150c       0x38 zephyr/libzephyr.a(soc.c.obj)
                0x000000000800150c                soc_early_init_hook
 .text.mem_attr_get_regions
                0x0000000008001544        0xc zephyr/libzephyr.a(mem_attr.c.obj)
                0x0000000008001544                mem_attr_get_regions
 .text.arch_bss_zero
                0x0000000008001550       0x18 zephyr/arch/common/libarch__common.a(init.c.obj)
                0x0000000008001550                arch_bss_zero
 .text.arch_data_copy
                0x0000000008001568       0x34 zephyr/arch/common/libarch__common.a(xip.c.obj)
                0x0000000008001568                arch_data_copy
 .text.z_arm_fatal_error
                0x000000000800159c       0x60 zephyr/arch/arch/arm/core/libarch__arm__core.a(fatal.c.obj)
                0x000000000800159c                z_arm_fatal_error
 .text.z_SysNmiOnReset
                0x00000000080015fc        0x4 zephyr/arch/arch/arm/core/libarch__arm__core.a(nmi_on_reset.S.obj)
                0x00000000080015fc                z_SysNmiOnReset
 .text.arch_tls_stack_setup
                0x0000000008001600       0x38 zephyr/arch/arch/arm/core/libarch__arm__core.a(tls.c.obj)
                0x0000000008001600                arch_tls_stack_setup
 .text._HandlerModeExit
                0x0000000008001638       0x20 zephyr/arch/arch/arm/core/cortex_m/libarch__arm__core__cortex_m.a(exc_exit.c.obj)
                0x0000000008001638                z_arm_int_exit
                0x0000000008001638                z_arm_exc_exit
 .text.z_arm_fault
                0x0000000008001658       0xec zephyr/arch/arch/arm/core/cortex_m/libarch__arm__core__cortex_m.a(fault.c.obj)
                0x0000000008001658                z_arm_fault
 .text.z_arm_fault_init
                0x0000000008001744       0x10 zephyr/arch/arch/arm/core/cortex_m/libarch__arm__core__cortex_m.a(fault.c.obj)
                0x0000000008001744                z_arm_fault_init
 .text.__fault  0x0000000008001754       0x14 zephyr/arch/arch/arm/core/cortex_m/libarch__arm__core__cortex_m.a(fault_s.S.obj)
                0x0000000008001754                z_arm_hard_fault
                0x0000000008001754                z_arm_exc_spurious
 .text._reset_section
                0x0000000008001768       0x34 zephyr/arch/arch/arm/core/cortex_m/libarch__arm__core__cortex_m.a(reset.S.obj)
                0x0000000008001768                __start
                0x0000000008001768                z_arm_reset
 .text.z_impl_k_thread_abort
                0x000000000800179c       0x38 zephyr/arch/arch/arm/core/cortex_m/libarch__arm__core__cortex_m.a(thread_abort.c.obj)
                0x000000000800179c                z_impl_k_thread_abort
 .text.z_arm_pendsv
                0x00000000080017d4       0x70 zephyr/arch/arch/arm/core/cortex_m/libarch__arm__core__cortex_m.a(swap_helper.S.obj)
                0x00000000080017d4                z_arm_pendsv
 .text.z_arm_svc
                0x0000000008001844       0x28 zephyr/arch/arch/arm/core/cortex_m/libarch__arm__core__cortex_m.a(swap_helper.S.obj)
                0x0000000008001844                z_arm_svc
 .text.arm_irq_enable
                0x000000000800186c       0x18 zephyr/arch/arch/arm/core/cortex_m/libarch__arm__core__cortex_m.a(irq_manage.c.obj)
                0x000000000800186c                arm_irq_enable
 .text.arm_irq_priority_set
                0x0000000008001884       0x54 zephyr/arch/arch/arm/core/cortex_m/libarch__arm__core__cortex_m.a(irq_manage.c.obj)
                0x0000000008001884                arm_irq_priority_set
 .text.relocate_vector_table
                0x00000000080018d8       0x1c zephyr/arch/arch/arm/core/cortex_m/libarch__arm__core__cortex_m.a(prep_c.c.obj)
                0x00000000080018d8                relocate_vector_table
 .text.arch_new_thread
                0x00000000080018f4       0x2c zephyr/arch/arch/arm/core/cortex_m/libarch__arm__core__cortex_m.a(thread.c.obj)
                0x00000000080018f4                arch_new_thread
 .text.arch_switch_to_main_thread
                0x0000000008001920       0x38 zephyr/arch/arch/arm/core/cortex_m/libarch__arm__core__cortex_m.a(thread.c.obj)
                0x0000000008001920                arch_switch_to_main_thread
 .text.z_arm_cpu_idle_init
                0x0000000008001958        0xc zephyr/arch/arch/arm/core/cortex_m/libarch__arm__core__cortex_m.a(cpu_idle.c.obj)
                0x0000000008001958                z_arm_cpu_idle_init
 .text.z_arm_interrupt_init
                0x0000000008001964       0x30 zephyr/arch/arch/arm/core/cortex_m/libarch__arm__core__cortex_m.a(irq_init.c.obj)
                0x0000000008001964                z_arm_interrupt_init
 .text._isr_wrapper
                0x0000000008001994       0x20 zephyr/arch/arch/arm/core/cortex_m/libarch__arm__core__cortex_m.a(isr_wrapper.c.obj)
                0x0000000008001994                _isr_wrapper
 .text.__aeabi_read_tp
                0x00000000080019b4        0xc zephyr/arch/arch/arm/core/cortex_m/libarch__arm__core__cortex_m.a(__aeabi_read_tp.S.obj)
                0x00000000080019b4                __aeabi_read_tp
 .text.z_arm_configure_static_mpu_regions
                0x00000000080019c0       0x1c zephyr/arch/arch/arm/core/mpu/libarch__arm__core__mpu.a(arm_core_mpu.c.obj)
                0x00000000080019c0                z_arm_configure_static_mpu_regions
 .text.region_init
                0x00000000080019dc       0x24 zephyr/arch/arch/arm/core/mpu/libarch__arm__core__mpu.a(arm_mpu.c.obj)
 .text.mpu_configure_regions
                0x0000000008001a00       0x74 zephyr/arch/arch/arm/core/mpu/libarch__arm__core__mpu.a(arm_mpu.c.obj)
 .text.arm_core_mpu_enable
                0x0000000008001a74       0x14 zephyr/arch/arch/arm/core/mpu/libarch__arm__core__mpu.a(arm_mpu.c.obj)
                0x0000000008001a74                arm_core_mpu_enable
 .text.arm_core_mpu_disable
                0x0000000008001a88       0x10 zephyr/arch/arch/arm/core/mpu/libarch__arm__core__mpu.a(arm_mpu.c.obj)
                0x0000000008001a88                arm_core_mpu_disable
 .text.arm_core_mpu_configure_static_mpu_regions
                0x0000000008001a98       0x14 zephyr/arch/arch/arm/core/mpu/libarch__arm__core__mpu.a(arm_mpu.c.obj)
                0x0000000008001a98                arm_core_mpu_configure_static_mpu_regions
 .text.z_arm_mpu_init
                0x0000000008001aac      0x16c zephyr/arch/arch/arm/core/mpu/libarch__arm__core__mpu.a(arm_mpu.c.obj)
                0x0000000008001aac                z_arm_mpu_init
 .text.z_impl_zephyr_fputc
                0x0000000008001c18       0x10 zephyr/lib/libc/picolibc/liblib__libc__picolibc.a(stdio.c.obj)
                0x0000000008001c18                z_impl_zephyr_fputc
 .text.__stdout_hook_install
                0x0000000008001c28       0x18 zephyr/lib/libc/picolibc/liblib__libc__picolibc.a(stdio.c.obj)
                0x0000000008001c28                __stdout_hook_install
 .text.malloc_prepare
                0x0000000008001c40       0x24 zephyr/lib/libc/common/liblib__libc__common.a(malloc.c.obj)
 .text.stm32_exti_init
                0x0000000008001c64       0x28 zephyr/drivers/interrupt_controller/libdrivers__interrupt_controller.a(intc_exti_stm32.c.obj)
 .text.stm32_exti_is_pending
                0x0000000008001c8c       0x20 zephyr/drivers/interrupt_controller/libdrivers__interrupt_controller.a(intc_exti_stm32.c.obj)
                0x0000000008001c8c                stm32_exti_is_pending
 .text.stm32_exti_clear_pending
                0x0000000008001cac       0x20 zephyr/drivers/interrupt_controller/libdrivers__interrupt_controller.a(intc_exti_stm32.c.obj)
                0x0000000008001cac                stm32_exti_clear_pending
 .text.stm32_intc_gpio_isr
                0x0000000008001ccc       0x48 zephyr/drivers/interrupt_controller/libdrivers__interrupt_controller.a(intc_gpio_stm32.c.obj)
 .text.stm32_exti_gpio_intc_init
                0x0000000008001d14       0x40 zephyr/drivers/interrupt_controller/libdrivers__interrupt_controller.a(intc_gpio_stm32.c.obj)
 .text.stm32_gpio_intc_enable_line
                0x0000000008001d54       0x30 zephyr/drivers/interrupt_controller/libdrivers__interrupt_controller.a(intc_gpio_stm32.c.obj)
                0x0000000008001d54                stm32_gpio_intc_enable_line
 .text.stm32_gpio_intc_disable_line
                0x0000000008001d84       0x10 zephyr/drivers/interrupt_controller/libdrivers__interrupt_controller.a(intc_gpio_stm32.c.obj)
                0x0000000008001d84                stm32_gpio_intc_disable_line
 .text.stm32_gpio_intc_select_line_trigger
                0x0000000008001d94       0x48 zephyr/drivers/interrupt_controller/libdrivers__interrupt_controller.a(intc_gpio_stm32.c.obj)
                0x0000000008001d94                stm32_gpio_intc_select_line_trigger
 .text.stm32_gpio_intc_set_irq_callback
                0x0000000008001ddc       0x40 zephyr/drivers/interrupt_controller/libdrivers__interrupt_controller.a(intc_gpio_stm32.c.obj)
                0x0000000008001ddc                stm32_gpio_intc_set_irq_callback
 .text.stm32_gpio_intc_remove_irq_callback
                0x0000000008001e1c       0x24 zephyr/drivers/interrupt_controller/libdrivers__interrupt_controller.a(intc_gpio_stm32.c.obj)
                0x0000000008001e1c                stm32_gpio_intc_remove_irq_callback
 .text.stm32_exti_set_line_src_port
                0x0000000008001e40       0x34 zephyr/drivers/interrupt_controller/libdrivers__interrupt_controller.a(intc_gpio_stm32.c.obj)
                0x0000000008001e40                stm32_exti_set_line_src_port
 .text.stm32_exti_get_line_src_port
                0x0000000008001e74       0x24 zephyr/drivers/interrupt_controller/libdrivers__interrupt_controller.a(intc_gpio_stm32.c.obj)
                0x0000000008001e74                stm32_exti_get_line_src_port
 .text.adc_stm32_disable
                0x0000000008001e98       0x3c zephyr/drivers/adc/libdrivers__adc.a(adc_stm32.c.obj)
 .text.adc_stm32_channel_setup
                0x0000000008001ed4       0x98 zephyr/drivers/adc/libdrivers__adc.a(adc_stm32.c.obj)
 .text.adc_context_start_sampling
                0x0000000008001f6c       0x28 zephyr/drivers/adc/libdrivers__adc.a(adc_stm32.c.obj)
 .text.adc_stm32_enable.isra.0
                0x0000000008001f94       0x34 zephyr/drivers/adc/libdrivers__adc.a(adc_stm32.c.obj)
 .text.adc_stm32_calibrate.isra.0
                0x0000000008001fc8       0x6c zephyr/drivers/adc/libdrivers__adc.a(adc_stm32.c.obj)
 .text.adc_stm32_read
                0x0000000008002034      0x250 zephyr/drivers/adc/libdrivers__adc.a(adc_stm32.c.obj)
 .text.adc_stm32_isr_12
                0x0000000008002284       0xd0 zephyr/drivers/adc/libdrivers__adc.a(adc_stm32.c.obj)
 .text.adc_stm32_init
                0x0000000008002354      0x148 zephyr/drivers/adc/libdrivers__adc.a(adc_stm32.c.obj)
 .text.stm32_clock_control_on
                0x000000000800249c       0x40 zephyr/drivers/clock_control/libdrivers__clock_control.a(clock_stm32_ll_common.c.obj)
 .text.stm32_clock_control_off
                0x00000000080024dc       0x30 zephyr/drivers/clock_control/libdrivers__clock_control.a(clock_stm32_ll_common.c.obj)
 .text.stm32_clock_control_get_subsys_rate
                0x000000000800250c       0x88 zephyr/drivers/clock_control/libdrivers__clock_control.a(clock_stm32_ll_common.c.obj)
 .text.enabled_clock
                0x0000000008002594       0x1c zephyr/drivers/clock_control/libdrivers__clock_control.a(clock_stm32_ll_common.c.obj)
                0x0000000008002594                enabled_clock
 .text.stm32_clock_control_configure
                0x00000000080025b0       0x58 zephyr/drivers/clock_control/libdrivers__clock_control.a(clock_stm32_ll_common.c.obj)
 .text.stm32_clock_control_get_status
                0x0000000008002608       0x34 zephyr/drivers/clock_control/libdrivers__clock_control.a(clock_stm32_ll_common.c.obj)
 .text.stm32_clock_control_init
                0x000000000800263c      0x150 zephyr/drivers/clock_control/libdrivers__clock_control.a(clock_stm32_ll_common.c.obj)
                0x000000000800263c                stm32_clock_control_init
 .text.config_pll_sysclock
                0x000000000800278c       0x1c zephyr/drivers/clock_control/libdrivers__clock_control.a(clock_stm32l0_l1.c.obj)
                0x000000000800278c                config_pll_sysclock
 .text.config_regulator_voltage
                0x00000000080027a8       0x48 zephyr/drivers/clock_control/libdrivers__clock_control.a(clock_stm32l0_l1.c.obj)
                0x00000000080027a8                config_regulator_voltage
 .text.config_enable_default_clocks
                0x00000000080027f0       0x30 zephyr/drivers/clock_control/libdrivers__clock_control.a(clock_stm32l0_l1.c.obj)
                0x00000000080027f0                config_enable_default_clocks
 .text.uart_console_init
                0x0000000008002820       0x2c zephyr/drivers/console/libdrivers__console.a(uart_console.c.obj)
 .text.console_out
                0x000000000800284c       0x28 zephyr/drivers/console/libdrivers__console.a(uart_console.c.obj)
 .text.gpio_stm32_pin_interrupt_configure
                0x0000000008002874       0xb0 zephyr/drivers/gpio/libdrivers__gpio.a(gpio_stm32.c.obj)
 .text.gpio_stm32_init
                0x0000000008002924       0x2c zephyr/drivers/gpio/libdrivers__gpio.a(gpio_stm32.c.obj)
 .text.pinctrl_configure_pins
                0x0000000008002950       0x8c zephyr/drivers/pinctrl/libdrivers__pinctrl.a(pinctrl_stm32.c.obj)
                0x0000000008002950                pinctrl_configure_pins
 .text.stm32_temp_channel_get
                0x00000000080029dc       0xe0 zephyr/drivers/sensor/st/stm32_temp/libdrivers__sensor__st__stm32_temp.a(stm32_temp.c.obj)
 .text.stm32_temp_sample_fetch
                0x0000000008002abc       0x8c zephyr/drivers/sensor/st/stm32_temp/libdrivers__sensor__st__stm32_temp.a(stm32_temp.c.obj)
 .text.stm32_vref_sample_fetch
                0x0000000008002b48       0x8c zephyr/drivers/sensor/st/stm32_vref/libdrivers__sensor__st__stm32_vref.a(stm32_vref.c.obj)
 .text.uart_stm32_irq_err_enable
                0x0000000008002bd4       0x4c zephyr/drivers/serial/libdrivers__serial.a(uart_stm32.c.obj)
 .text.uart_stm32_irq_err_disable
                0x0000000008002c20       0x50 zephyr/drivers/serial/libdrivers__serial.a(uart_stm32.c.obj)
 .text.uart_stm32_set_baudrate.isra.0
                0x0000000008002c70       0x4c zephyr/drivers/serial/libdrivers__serial.a(uart_stm32.c.obj)
 .text.uart_stm32_parameters_set
                0x0000000008002cbc      0x16c zephyr/drivers/serial/libdrivers__serial.a(uart_stm32.c.obj)
 .text.uart_stm32_init
                0x0000000008002e28      0x17c zephyr/drivers/serial/libdrivers__serial.a(uart_stm32.c.obj)
 .text.uart_stm32_configure
                0x0000000008002fa4      0x15c zephyr/drivers/serial/libdrivers__serial.a(uart_stm32.c.obj)
 .text.uart_stm32_config_get
                0x0000000008003100       0xa4 zephyr/drivers/serial/libdrivers__serial.a(uart_stm32.c.obj)
 .text.uart_stm32_fifo_fill
                0x00000000080031a4       0x5c zephyr/drivers/serial/libdrivers__serial.a(uart_stm32.c.obj)
 .text.uart_stm32_fifo_read
                0x0000000008003200       0x4c zephyr/drivers/serial/libdrivers__serial.a(uart_stm32.c.obj)
 .text.elapsed  0x000000000800324c       0x54 zephyr/drivers/timer/libdrivers__timer.a(cortex_m_systick.c.obj)
 .text.sys_clock_driver_init
                0x00000000080032a0       0x3c zephyr/drivers/timer/libdrivers__timer.a(cortex_m_systick.c.obj)
 .text.sys_clock_isr
                0x00000000080032dc       0x44 zephyr/drivers/timer/libdrivers__timer.a(cortex_m_systick.c.obj)
                0x00000000080032dc                sys_clock_isr
 .text.sys_clock_set_timeout
                0x0000000008003320       0xf4 zephyr/drivers/timer/libdrivers__timer.a(cortex_m_systick.c.obj)
                0x0000000008003320                sys_clock_set_timeout
 .text.sys_clock_elapsed
                0x0000000008003414       0x34 zephyr/drivers/timer/libdrivers__timer.a(cortex_m_systick.c.obj)
                0x0000000008003414                sys_clock_elapsed
 .text.sys_clock_cycle_get_32
                0x0000000008003448       0x24 zephyr/drivers/timer/libdrivers__timer.a(cortex_m_systick.c.obj)
                0x0000000008003448                sys_clock_cycle_get_32
 .text.HAL_RCC_GetSysClockFreq
                0x000000000800346c       0x84 modules/hal_stm32/stm32cube/lib..__modules__hal__stm32__stm32cube.a(stm32l0xx_hal_rcc.c.obj)
                0x000000000800346c                HAL_RCC_GetSysClockFreq
 .text.LL_SetFlashLatency
                0x00000000080034f0       0x70 modules/hal_stm32/stm32cube/lib..__modules__hal__stm32__stm32cube.a(stm32l0xx_ll_utils.c.obj)
                0x00000000080034f0                LL_SetFlashLatency
 .text.z_fatal_error
                0x0000000008003560       0x28 zephyr/kernel/libkernel.a(fatal.c.obj)
                0x0000000008003560                z_fatal_error
 .text.z_sys_init_run_level
                0x0000000008003588       0x34 zephyr/kernel/libkernel.a(init.c.obj)
 .text.bg_thread_main
                0x00000000080035bc       0xa8 zephyr/kernel/libkernel.a(init.c.obj)
 .text.z_init_cpu
                0x0000000008003664       0x68 zephyr/kernel/libkernel.a(init.c.obj)
                0x0000000008003664                z_init_cpu
 .text.z_cstart
                0x00000000080036cc       0xb8 zephyr/kernel/libkernel.a(init.c.obj)
                0x00000000080036cc                z_cstart
 .text.z_impl_k_mutex_lock
                0x0000000008003784       0xe8 zephyr/kernel/libkernel.a(mutex.c.obj)
                0x0000000008003784                z_impl_k_mutex_lock
 .text.z_impl_k_mutex_unlock
                0x000000000800386c       0x98 zephyr/kernel/libkernel.a(mutex.c.obj)
                0x000000000800386c                z_impl_k_mutex_unlock
 .text.z_impl_k_sem_give
                0x0000000008003904       0x64 zephyr/kernel/libkernel.a(sem.c.obj)
                0x0000000008003904                z_impl_k_sem_give
 .text.z_impl_k_sem_take
                0x0000000008003968       0x4c zephyr/kernel/libkernel.a(sem.c.obj)
                0x0000000008003968                z_impl_k_sem_take
 .text.z_setup_new_thread
                0x00000000080039b4       0x80 zephyr/kernel/libkernel.a(thread.c.obj)
                0x00000000080039b4                z_setup_new_thread
 .text.z_dummy_thread_init
                0x0000000008003a34       0x18 zephyr/kernel/libkernel.a(thread.c.obj)
                0x0000000008003a34                z_dummy_thread_init
 .text.z_swap_irqlock
                0x0000000008003a4c       0x2c zephyr/kernel/libkernel.a(sched.c.obj)
 .text.ready_thread
                0x0000000008003a78       0x8c zephyr/kernel/libkernel.a(sched.c.obj)
 .text.unready_thread
                0x0000000008003b04       0x58 zephyr/kernel/libkernel.a(sched.c.obj)
 .text.add_thread_timeout
                0x0000000008003b5c       0x18 zephyr/kernel/libkernel.a(sched.c.obj)
 .text.move_current_to_end_of_prio_q
                0x0000000008003b74       0x78 zephyr/kernel/libkernel.a(sched.c.obj)
                0x0000000008003b74                move_current_to_end_of_prio_q
 .text.z_pend_curr
                0x0000000008003bec       0x38 zephyr/kernel/libkernel.a(sched.c.obj)
                0x0000000008003bec                z_pend_curr
 .text.z_thread_prio_set
                0x0000000008003c24       0xe8 zephyr/kernel/libkernel.a(sched.c.obj)
                0x0000000008003c24                z_thread_prio_set
 .text.z_reschedule
                0x0000000008003d0c       0x2c zephyr/kernel/libkernel.a(sched.c.obj)
                0x0000000008003d0c                z_reschedule
 .text.z_reschedule_irqlock
                0x0000000008003d38       0x2c zephyr/kernel/libkernel.a(sched.c.obj)
                0x0000000008003d38                z_reschedule_irqlock
 .text.k_sched_lock
                0x0000000008003d64       0x20 zephyr/kernel/libkernel.a(sched.c.obj)
                0x0000000008003d64                k_sched_lock
 .text.k_sched_unlock
                0x0000000008003d84       0x60 zephyr/kernel/libkernel.a(sched.c.obj)
                0x0000000008003d84                k_sched_unlock
 .text.z_sched_init
                0x0000000008003de4       0x14 zephyr/kernel/libkernel.a(sched.c.obj)
                0x0000000008003de4                z_sched_init
 .text.z_impl_k_yield
                0x0000000008003df8       0x84 zephyr/kernel/libkernel.a(sched.c.obj)
                0x0000000008003df8                z_impl_k_yield
 .text.z_tick_sleep
                0x0000000008003e7c       0x74 zephyr/kernel/libkernel.a(sched.c.obj)
 .text.z_impl_k_sleep
                0x0000000008003ef0       0x40 zephyr/kernel/libkernel.a(sched.c.obj)
                0x0000000008003ef0                z_impl_k_sleep
 .text.z_impl_k_wakeup
                0x0000000008003f30       0x40 zephyr/kernel/libkernel.a(sched.c.obj)
                0x0000000008003f30                z_impl_k_wakeup
 .text.z_impl_k_sched_current_thread_query
                0x0000000008003f70        0xc zephyr/kernel/libkernel.a(sched.c.obj)
                0x0000000008003f70                z_impl_k_sched_current_thread_query
 .text.z_thread_abort
                0x0000000008003f7c      0x12c zephyr/kernel/libkernel.a(sched.c.obj)
                0x0000000008003f7c                z_thread_abort
 .text.z_time_slice_size
                0x00000000080040a8       0x48 zephyr/kernel/libkernel.a(timeslicing.c.obj)
 .text.slice_timeout
                0x00000000080040f0       0x20 zephyr/kernel/libkernel.a(timeslicing.c.obj)
 .text.z_reset_time_slice
                0x0000000008004110       0x44 zephyr/kernel/libkernel.a(timeslicing.c.obj)
                0x0000000008004110                z_reset_time_slice
 .text.z_time_slice
                0x0000000008004154       0x58 zephyr/kernel/libkernel.a(timeslicing.c.obj)
                0x0000000008004154                z_time_slice
 .text.first    0x00000000080041ac       0x10 zephyr/kernel/libkernel.a(timeout.c.obj)
 .text.next_timeout
                0x00000000080041bc       0x38 zephyr/kernel/libkernel.a(timeout.c.obj)
 .text.elapsed  0x00000000080041f4       0x18 zephyr/kernel/libkernel.a(timeout.c.obj)
 .text.remove_timeout
                0x000000000800420c       0x38 zephyr/kernel/libkernel.a(timeout.c.obj)
 .text.z_add_timeout
                0x0000000008004244      0x120 zephyr/kernel/libkernel.a(timeout.c.obj)
                0x0000000008004244                z_add_timeout
 .text.sys_clock_announce
                0x0000000008004364       0xd4 zephyr/kernel/libkernel.a(timeout.c.obj)
                0x0000000008004364                sys_clock_announce
 .text.sys_clock_tick_get
                0x0000000008004438       0x2c zephyr/kernel/libkernel.a(timeout.c.obj)
                0x0000000008004438                sys_clock_tick_get
 .text.z_timer_expiration_handler
                0x0000000008004464      0x108 zephyr/kernel/libkernel.a(timer.c.obj)
                0x0000000008004464                z_timer_expiration_handler
 .text.z_impl_k_timer_start
                0x000000000800456c       0x68 zephyr/kernel/libkernel.a(timer.c.obj)
                0x000000000800456c                z_impl_k_timer_start
 .text.boot_banner
                0x00000000080045d4       0x10 zephyr/kernel/libkernel.a(banner.c.obj)
                0x00000000080045d4                boot_banner
 .text.__l_vfprintf
                0x00000000080045e4      0x4d0 c:\users\kostas.caplinskas\zephyr-sdk-0.17.4\arm-zephyr-eabi\bin\../lib/gcc/../../picolibc/arm-zephyr-eabi/lib/thumb/v6-m/nofp\libc.a(libc_tinystdio_vflprintf.c.o)
                0x00000000080045e4                __l_vfprintf
 .text._OffsetAbsSyms
                0x0000000008004ab4        0x2 zephyr/CMakeFiles/offsets.dir/./arch/arm/core/offsets/offsets.c.obj
                0x0000000008004ab4                _OffsetAbsSyms
 .text.gpio_pin_set.isra.0
                0x0000000008004ab6       0x26 app/libapp.a(main.c.obj)
 .text.chunk_size
                0x0000000008004adc        0xa zephyr/libzephyr.a(heap.c.obj)
 .text.free_list_add
                0x0000000008004ae6       0x4e zephyr/libzephyr.a(heap.c.obj)
 .text.sys_heap_init
                0x0000000008004b34       0x74 zephyr/libzephyr.a(heap.c.obj)
                0x0000000008004b34                sys_heap_init
 .text.arch_printk_char_out
                0x0000000008004ba8        0x4 zephyr/libzephyr.a(printk.c.obj)
                0x0000000008004ba8                arch_printk_char_out
 .text.printk   0x0000000008004bac       0x16 zephyr/libzephyr.a(printk.c.obj)
                0x0000000008004bac                printk
 .text._ConfigAbsSyms
                0x0000000008004bc2        0x2 zephyr/libzephyr.a(configs.c.obj)
                0x0000000008004bc2                _ConfigAbsSyms
 .text.arch_early_memset
                0x0000000008004bc4        0x8 zephyr/arch/common/libarch__common.a(init.c.obj)
                0x0000000008004bc4                arch_early_memset
 .text.arch_early_memcpy
                0x0000000008004bcc        0x8 zephyr/arch/common/libarch__common.a(init.c.obj)
                0x0000000008004bcc                arch_early_memcpy
 .text.z_do_kernel_oops
                0x0000000008004bd4        0xc zephyr/arch/arch/arm/core/libarch__arm__core.a(fatal.c.obj)
                0x0000000008004bd4                z_do_kernel_oops
 .text.z_arm_nmi
                0x0000000008004be0        0xc zephyr/arch/arch/arm/core/libarch__arm__core.a(nmi.c.obj)
                0x0000000008004be0                z_arm_nmi
 .text.z_irq_spurious
                0x0000000008004bec        0xc zephyr/arch/arch/arm/core/cortex_m/libarch__arm__core__cortex_m.a(irq_manage.c.obj)
                0x0000000008004bec                z_irq_spurious
 .text.z_prep_c
                0x0000000008004bf8       0x16 zephyr/arch/arch/arm/core/cortex_m/libarch__arm__core__cortex_m.a(prep_c.c.obj)
                0x0000000008004bf8                z_prep_c
 .text.arch_coprocessors_disable
                0x0000000008004c0e        0x6 zephyr/arch/arch/arm/core/cortex_m/libarch__arm__core__cortex_m.a(thread.c.obj)
                0x0000000008004c0e                arch_coprocessors_disable
 .text.arch_irq_unlock_outlined
                0x0000000008004c14        0xc zephyr/arch/arch/arm/core/cortex_m/libarch__arm__core__cortex_m.a(thread.c.obj)
                0x0000000008004c14                arch_irq_unlock_outlined
 .text.arch_cpu_idle
                0x0000000008004c20        0xe zephyr/arch/arch/arm/core/cortex_m/libarch__arm__core__cortex_m.a(cpu_idle.c.obj)
                0x0000000008004c20                arch_cpu_idle
 .text.size_to_mpu_rasr_size
                0x0000000008004c2e       0x22 zephyr/arch/arch/arm/core/mpu/libarch__arm__core__mpu.a(arm_mpu.c.obj)
 .text.picolibc_put
                0x0000000008004c50        0xa zephyr/lib/libc/picolibc/liblib__libc__picolibc.a(stdio.c.obj)
 .text.stm32_gpio_intc_get_pin_irq_line
                0x0000000008004c5a        0xa zephyr/drivers/interrupt_controller/libdrivers__interrupt_controller.a(intc_gpio_stm32.c.obj)
                0x0000000008004c5a                stm32_gpio_intc_get_pin_irq_line
 .text.adc_stm32_isr_12_init
                0x0000000008004c64       0x14 zephyr/drivers/adc/libdrivers__adc.a(adc_stm32.c.obj)
 .text.adc_context_on_timer_expired
                0x0000000008004c78       0x22 zephyr/drivers/adc/libdrivers__adc.a(adc_stm32.c.obj)
 .text.gpio_stm32_port_get_raw
                0x0000000008004c9a        0xc zephyr/drivers/gpio/libdrivers__gpio.a(gpio_stm32.c.obj)
 .text.gpio_stm32_port_set_masked_raw
                0x0000000008004ca6       0x12 zephyr/drivers/gpio/libdrivers__gpio.a(gpio_stm32.c.obj)
 .text.gpio_stm32_port_set_bits_raw
                0x0000000008004cb8        0xa zephyr/drivers/gpio/libdrivers__gpio.a(gpio_stm32.c.obj)
 .text.gpio_stm32_port_clear_bits_raw
                0x0000000008004cc2        0xa zephyr/drivers/gpio/libdrivers__gpio.a(gpio_stm32.c.obj)
 .text.gpio_stm32_port_toggle_bits
                0x0000000008004ccc        0xe zephyr/drivers/gpio/libdrivers__gpio.a(gpio_stm32.c.obj)
 .text.gpio_stm32_manage_callback
                0x0000000008004cda       0x58 zephyr/drivers/gpio/libdrivers__gpio.a(gpio_stm32.c.obj)
 .text.gpio_stm32_configure_raw.isra.0
                0x0000000008004d32       0xa0 zephyr/drivers/gpio/libdrivers__gpio.a(gpio_stm32.c.obj)
 .text.gpio_stm32_config
                0x0000000008004dd2       0xee zephyr/drivers/gpio/libdrivers__gpio.a(gpio_stm32.c.obj)
 .text.gpio_stm32_isr
                0x0000000008004ec0       0x32 zephyr/drivers/gpio/libdrivers__gpio.a(gpio_stm32.c.obj)
 .text.gpio_stm32_configure
                0x0000000008004ef2       0x2a zephyr/drivers/gpio/libdrivers__gpio.a(gpio_stm32.c.obj)
                0x0000000008004ef2                gpio_stm32_configure
 .text.pinctrl_lookup_state
                0x0000000008004f1c       0x26 zephyr/drivers/pinctrl/libdrivers__pinctrl.a(common.c.obj)
                0x0000000008004f1c                pinctrl_lookup_state
 .text.reset_stm32_status
                0x0000000008004f42       0x20 zephyr/drivers/reset/libdrivers__reset.a(reset_stm32.c.obj)
 .text.reset_stm32_line_assert
                0x0000000008004f62       0x1c zephyr/drivers/reset/libdrivers__reset.a(reset_stm32.c.obj)
 .text.reset_stm32_line_deassert
                0x0000000008004f7e       0x1c zephyr/drivers/reset/libdrivers__reset.a(reset_stm32.c.obj)
 .text.reset_stm32_line_toggle
                0x0000000008004f9a       0x16 zephyr/drivers/reset/libdrivers__reset.a(reset_stm32.c.obj)
 .text.stm32_temp_init
                0x0000000008004fb0       0x52 zephyr/drivers/sensor/st/stm32_temp/libdrivers__sensor__st__stm32_temp.a(stm32_temp.c.obj)
 .text.stm32_vref_channel_get
                0x0000000008005002       0x3c zephyr/drivers/sensor/st/stm32_vref/libdrivers__sensor__st__stm32_vref.a(stm32_vref.c.obj)
 .text.stm32_vref_init
                0x000000000800503e       0x54 zephyr/drivers/sensor/st/stm32_vref/libdrivers__sensor__st__stm32_vref.a(stm32_vref.c.obj)
 .text.uart_stm32_ll2cfg_databits
                0x0000000008005092       0x2c zephyr/drivers/serial/libdrivers__serial.a(uart_stm32.c.obj)
 .text.uart_stm32_err_check
                0x00000000080050be       0x5e zephyr/drivers/serial/libdrivers__serial.a(uart_stm32.c.obj)
 .text.uart_stm32_irq_tx_enable
                0x000000000800511c       0x1c zephyr/drivers/serial/libdrivers__serial.a(uart_stm32.c.obj)
 .text.uart_stm32_irq_tx_disable
                0x0000000008005138       0x1c zephyr/drivers/serial/libdrivers__serial.a(uart_stm32.c.obj)
 .text.uart_stm32_irq_rx_enable
                0x0000000008005154       0x1c zephyr/drivers/serial/libdrivers__serial.a(uart_stm32.c.obj)
 .text.uart_stm32_irq_rx_disable
                0x0000000008005170       0x1c zephyr/drivers/serial/libdrivers__serial.a(uart_stm32.c.obj)
 .text.uart_stm32_irq_rx_ready
                0x000000000800518c        0xc zephyr/drivers/serial/libdrivers__serial.a(uart_stm32.c.obj)
 .text.uart_stm32_irq_update
                0x0000000008005198        0x4 zephyr/drivers/serial/libdrivers__serial.a(uart_stm32.c.obj)
 .text.uart_stm32_irq_callback_set
                0x000000000800519c        0x8 zephyr/drivers/serial/libdrivers__serial.a(uart_stm32.c.obj)
 .text.uart_stm32_isr
                0x00000000080051a4       0x10 zephyr/drivers/serial/libdrivers__serial.a(uart_stm32.c.obj)
 .text.uart_stm32_irq_config_func_0
                0x00000000080051b4       0x14 zephyr/drivers/serial/libdrivers__serial.a(uart_stm32.c.obj)
 .text.uart_stm32_irq_tx_complete
                0x00000000080051c8        0xc zephyr/drivers/serial/libdrivers__serial.a(uart_stm32.c.obj)
 .text.uart_stm32_irq_tx_ready
                0x00000000080051d4       0x14 zephyr/drivers/serial/libdrivers__serial.a(uart_stm32.c.obj)
 .text.uart_stm32_poll_out
                0x00000000080051e8       0x36 zephyr/drivers/serial/libdrivers__serial.a(uart_stm32.c.obj)
 .text.uart_stm32_irq_is_pending
                0x000000000800521e       0x24 zephyr/drivers/serial/libdrivers__serial.a(uart_stm32.c.obj)
 .text.uart_stm32_poll_in
                0x0000000008005242       0x22 zephyr/drivers/serial/libdrivers__serial.a(uart_stm32.c.obj)
 .text.z_impl_k_busy_wait
                0x0000000008005264       0x1a zephyr/kernel/libkernel.a(busy_wait.c.obj)
                0x0000000008005264                z_impl_k_busy_wait
 .text.do_device_init
                0x000000000800527e       0x32 zephyr/kernel/libkernel.a(device.c.obj)
                0x000000000800527e                do_device_init
 .text.z_impl_device_is_ready
                0x00000000080052b0       0x1a zephyr/kernel/libkernel.a(device.c.obj)
                0x00000000080052b0                z_impl_device_is_ready
 .text.arch_system_halt
                0x00000000080052ca        0x8 zephyr/kernel/libkernel.a(fatal.c.obj)
                0x00000000080052ca                arch_system_halt
 .text.k_sys_fatal_error_handler
                0x00000000080052d2        0x6 zephyr/kernel/libkernel.a(fatal.c.obj)
                0x00000000080052d2                k_sys_fatal_error_handler
 .text.idle     0x00000000080052d8        0xe zephyr/kernel/libkernel.a(idle.c.obj)
                0x00000000080052d8                idle
 .text.adjust_owner_prio.isra.0
                0x00000000080052e6       0x16 zephyr/kernel/libkernel.a(mutex.c.obj)
 .text.z_impl_k_mutex_init
                0x00000000080052fc        0xe zephyr/kernel/libkernel.a(mutex.c.obj)
                0x00000000080052fc                z_impl_k_mutex_init
 .text.sys_dlist_remove
                0x000000000800530a       0x10 zephyr/kernel/libkernel.a(sched.c.obj)
 .text.unpend_thread_no_timeout
                0x000000000800531a       0x16 zephyr/kernel/libkernel.a(sched.c.obj)
 .text.add_to_waitq_locked
                0x0000000008005330       0x52 zephyr/kernel/libkernel.a(sched.c.obj)
 .text.z_ready_thread
                0x0000000008005382       0x18 zephyr/kernel/libkernel.a(sched.c.obj)
                0x0000000008005382                z_ready_thread
 .text.z_unpend_thread_no_timeout
                0x000000000800539a       0x1e zephyr/kernel/libkernel.a(sched.c.obj)
                0x000000000800539a                z_unpend_thread_no_timeout
 .text.z_sched_wake_thread
                0x00000000080053b8       0x36 zephyr/kernel/libkernel.a(sched.c.obj)
                0x00000000080053b8                z_sched_wake_thread
 .text.z_thread_timeout
                0x00000000080053ee        0xc zephyr/kernel/libkernel.a(sched.c.obj)
                0x00000000080053ee                z_thread_timeout
 .text.z_unpend1_no_timeout
                0x00000000080053fa       0x2a zephyr/kernel/libkernel.a(sched.c.obj)
                0x00000000080053fa                z_unpend1_no_timeout
 .text.z_impl_k_usleep
                0x0000000008005424       0x22 zephyr/kernel/libkernel.a(sched.c.obj)
                0x0000000008005424                z_impl_k_usleep
 .text.z_abort_timeout
                0x0000000008005446       0x4c zephyr/kernel/libkernel.a(timeout.c.obj)
                0x0000000008005446                z_abort_timeout
 .text.sys_clock_tick_get_32
                0x0000000008005492        0x8 zephyr/kernel/libkernel.a(timeout.c.obj)
                0x0000000008005492                sys_clock_tick_get_32
 .text.z_impl_k_uptime_ticks
                0x000000000800549a        0x8 zephyr/kernel/libkernel.a(timeout.c.obj)
                0x000000000800549a                z_impl_k_uptime_ticks
 .text.z_impl_k_timer_stop
                0x00000000080054a2       0x32 zephyr/kernel/libkernel.a(timer.c.obj)
                0x00000000080054a2                z_impl_k_timer_stop
 .text.z_impl_atomic_add
                0x00000000080054d4       0x1a zephyr/kernel/libkernel.a(atomic_c.c.obj)
                0x00000000080054d4                z_impl_atomic_add
 .text.z_impl_atomic_sub
                0x00000000080054ee       0x1a zephyr/kernel/libkernel.a(atomic_c.c.obj)
                0x00000000080054ee                z_impl_atomic_sub
 .text.z_impl_atomic_set
                0x0000000008005508       0x18 zephyr/kernel/libkernel.a(atomic_c.c.obj)
                0x0000000008005508                z_impl_atomic_set
 .text.memcpy   0x0000000008005520       0x12 c:\users\kostas.caplinskas\zephyr-sdk-0.17.4\arm-zephyr-eabi\bin\../lib/gcc/../../picolibc/arm-zephyr-eabi/lib/thumb/v6-m/nofp\libc.a(memcpy.c.o)
                0x0000000008005520                __aeabi_memcpy
                0x0000000008005520                __aeabi_memcpy4
                0x0000000008005520                __aeabi_memcpy8
                0x0000000008005520                memcpy
 .text.memset   0x0000000008005532       0x10 c:\users\kostas.caplinskas\zephyr-sdk-0.17.4\arm-zephyr-eabi\bin\../lib/gcc/../../picolibc/arm-zephyr-eabi/lib/thumb/v6-m/nofp\libc.a(memset.c.o)
                0x0000000008005532                memset
 .text.strnlen  0x0000000008005542       0x16 c:\users\kostas.caplinskas\zephyr-sdk-0.17.4\arm-zephyr-eabi\bin\../lib/gcc/../../picolibc/arm-zephyr-eabi/lib/thumb/v6-m/nofp\libc.a(libc_string_strnlen.c.o)
                0x0000000008005542                strnlen
 .text.__ultoa_invert
                0x0000000008005558      0x10e c:\users\kostas.caplinskas\zephyr-sdk-0.17.4\arm-zephyr-eabi\bin\../lib/gcc/../../picolibc/arm-zephyr-eabi/lib/thumb/v6-m/nofp\libc.a(libc_tinystdio_vflprintf.c.o)
 *(SORT_BY_ALIGNMENT(.gnu.linkonce.t.*))
 *(SORT_BY_ALIGNMENT(.glue_7t))
 .glue_7t       0x0000000008005666        0x0 linker stubs
 *(SORT_BY_ALIGNMENT(.glue_7))
 .glue_7        0x0000000008005666        0x0 linker stubs
 *(SORT_BY_ALIGNMENT(.vfp11_veneer))
 .vfp11_veneer  0x0000000008005666        0x0 linker stubs
 *(SORT_BY_ALIGNMENT(.v4_bx))
 .v4_bx         0x0000000008005666        0x0 linker stubs
                0x0000000008005668                . = ALIGN (0x4)
 *fill*         0x0000000008005666        0x2 
                0x0000000008005668                __text_region_end = .

.ARM.exidx      0x0000000008005668        0x8
                0x0000000008005668                __exidx_start = .
 *(SORT_BY_ALIGNMENT(.ARM.exidx*) SORT_BY_ALIGNMENT(gnu.linkonce.armexidx.*))
 .ARM.exidx     0x0000000008005668        0x8 c:/users/kostas.caplinskas/zephyr-sdk-0.17.4/arm-zephyr-eabi/bin/../lib/gcc/arm-zephyr-eabi/12.2.0/thumb/v6-m/nofp\libgcc.a(_udivmoddi4.o)
 .ARM.exidx     0x0000000008005670        0x0 c:/users/kostas.caplinskas/zephyr-sdk-0.17.4/arm-zephyr-eabi/bin/../lib/gcc/arm-zephyr-eabi/12.2.0/thumb/v6-m/nofp\libgcc.a(_divdi3.o)
                                          0x8 (size before relaxing)
                0x0000000008005670                __exidx_end = .
                0x0000000008005670                __rodata_region_start = .

initlevel       0x0000000008005670       0x90
                0x0000000008005670                __init_start = .
                0x0000000008005670                __init_EARLY_start = .
 *(SORT_BY_NAME(SORT_BY_ALIGNMENT(.z_init_EARLY_P_?_*)))
 *(SORT_BY_NAME(SORT_BY_ALIGNMENT(.z_init_EARLY_P_??_*)))
 *(SORT_BY_NAME(SORT_BY_ALIGNMENT(.z_init_EARLY_P_???_*)))
                0x0000000008005670                __init_PRE_KERNEL_1_start = .
 *(SORT_BY_NAME(SORT_BY_ALIGNMENT(.z_init_PRE_KERNEL_1_P_?_*)))
 .z_init_PRE_KERNEL_1_P_1_SUB_00008_
                0x0000000008005670        0x8 zephyr/drivers/clock_control/libdrivers__clock_control.a(clock_stm32_ll_common.c.obj)
 .z_init_PRE_KERNEL_1_P_1_SUB_0_
                0x0000000008005678        0x8 zephyr/libzephyr.a(soc_config.c.obj)
 *(SORT_BY_NAME(SORT_BY_ALIGNMENT(.z_init_PRE_KERNEL_1_P_??_*)))
 .z_init_PRE_KERNEL_1_P_35_SUB_00044_
                0x0000000008005680        0x8 zephyr/drivers/reset/libdrivers__reset.a(reset_stm32.c.obj)
 .z_init_PRE_KERNEL_1_P_40_SUB_00038_
                0x0000000008005688        0x8 zephyr/drivers/gpio/libdrivers__gpio.a(gpio_stm32.c.obj)
 .z_init_PRE_KERNEL_1_P_40_SUB_00041_
                0x0000000008005690        0x8 zephyr/drivers/gpio/libdrivers__gpio.a(gpio_stm32.c.obj)
 .z_init_PRE_KERNEL_1_P_40_SUB_00052_
                0x0000000008005698        0x8 zephyr/drivers/interrupt_controller/libdrivers__interrupt_controller.a(intc_exti_stm32.c.obj)
 .z_init_PRE_KERNEL_1_P_40_SUB_00076_
                0x00000000080056a0        0x8 zephyr/drivers/gpio/libdrivers__gpio.a(gpio_stm32.c.obj)
 .z_init_PRE_KERNEL_1_P_40_SUB_00077_
                0x00000000080056a8        0x8 zephyr/drivers/gpio/libdrivers__gpio.a(gpio_stm32.c.obj)
 .z_init_PRE_KERNEL_1_P_40_SUB_00078_
                0x00000000080056b0        0x8 zephyr/drivers/gpio/libdrivers__gpio.a(gpio_stm32.c.obj)
 .z_init_PRE_KERNEL_1_P_40_SUB_00079_
                0x00000000080056b8        0x8 zephyr/drivers/gpio/libdrivers__gpio.a(gpio_stm32.c.obj)
 .z_init_PRE_KERNEL_1_P_40_SUB_0_
                0x00000000080056c0        0x8 zephyr/drivers/interrupt_controller/libdrivers__interrupt_controller.a(intc_gpio_stm32.c.obj)
 .z_init_PRE_KERNEL_1_P_50_SUB_00056_
                0x00000000080056c8        0x8 zephyr/drivers/serial/libdrivers__serial.a(uart_stm32.c.obj)
 .z_init_PRE_KERNEL_1_P_60_SUB_0_
                0x00000000080056d0        0x8 zephyr/drivers/console/libdrivers__console.a(uart_console.c.obj)
 *(SORT_BY_NAME(SORT_BY_ALIGNMENT(.z_init_PRE_KERNEL_1_P_???_*)))
                0x00000000080056d8                __init_PRE_KERNEL_2_start = .
 *(SORT_BY_NAME(SORT_BY_ALIGNMENT(.z_init_PRE_KERNEL_2_P_?_*)))
 .z_init_PRE_KERNEL_2_P_0_SUB_0_
                0x00000000080056d8        0x8 zephyr/drivers/timer/libdrivers__timer.a(cortex_m_systick.c.obj)
 *(SORT_BY_NAME(SORT_BY_ALIGNMENT(.z_init_PRE_KERNEL_2_P_??_*)))
 *(SORT_BY_NAME(SORT_BY_ALIGNMENT(.z_init_PRE_KERNEL_2_P_???_*)))
                0x00000000080056e0                __init_POST_KERNEL_start = .
 *(SORT_BY_NAME(SORT_BY_ALIGNMENT(.z_init_POST_KERNEL_P_?_*)))
 *(SORT_BY_NAME(SORT_BY_ALIGNMENT(.z_init_POST_KERNEL_P_??_*)))
 .z_init_POST_KERNEL_P_35_SUB_0_
                0x00000000080056e0        0x8 zephyr/lib/libc/common/liblib__libc__common.a(malloc.c.obj)
 .z_init_POST_KERNEL_P_50_SUB_00014_
                0x00000000080056e8        0x8 zephyr/drivers/adc/libdrivers__adc.a(adc_stm32.c.obj)
 .z_init_POST_KERNEL_P_90_SUB_00015_
                0x00000000080056f0        0x8 zephyr/drivers/sensor/st/stm32_temp/libdrivers__sensor__st__stm32_temp.a(stm32_temp.c.obj)
 .z_init_POST_KERNEL_P_90_SUB_00028_
                0x00000000080056f8        0x8 zephyr/drivers/sensor/st/stm32_vref/libdrivers__sensor__st__stm32_vref.a(stm32_vref.c.obj)
 *(SORT_BY_NAME(SORT_BY_ALIGNMENT(.z_init_POST_KERNEL_P_???_*)))
                0x0000000008005700                __init_APPLICATION_start = .
 *(SORT_BY_NAME(SORT_BY_ALIGNMENT(.z_init_APPLICATION_P_?_*)))
 *(SORT_BY_NAME(SORT_BY_ALIGNMENT(.z_init_APPLICATION_P_??_*)))
 *(SORT_BY_NAME(SORT_BY_ALIGNMENT(.z_init_APPLICATION_P_???_*)))
                0x0000000008005700                __init_SMP_start = .
 *(SORT_BY_NAME(SORT_BY_ALIGNMENT(.z_init_SMP_P_?_*)))
 *(SORT_BY_NAME(SORT_BY_ALIGNMENT(.z_init_SMP_P_??_*)))
 *(SORT_BY_NAME(SORT_BY_ALIGNMENT(.z_init_SMP_P_???_*)))
                0x0000000008005700                __init_end = .

device_area     0x0000000008005700      0x16c
                0x0000000008005700                _device_list_start = .
 *(SORT_BY_NAME(SORT_BY_ALIGNMENT(._device.static.*_?_*)))
 ._device.static.1_1_
                0x0000000008005700       0x1c zephyr/drivers/clock_control/libdrivers__clock_control.a(clock_stm32_ll_common.c.obj)
                0x0000000008005700                __device_dts_ord_8
 *(SORT_BY_NAME(SORT_BY_ALIGNMENT(._device.static.*_??_*)))
 ._device.static.1_35_
                0x000000000800571c       0x1c zephyr/drivers/reset/libdrivers__reset.a(reset_stm32.c.obj)
                0x000000000800571c                __device_dts_ord_44
 ._device.static.1_40_
                0x0000000008005738       0x1c zephyr/drivers/interrupt_controller/libdrivers__interrupt_controller.a(intc_exti_stm32.c.obj)
                0x0000000008005738                __device_dts_ord_52
 ._device.static.1_40_
                0x0000000008005754       0xa8 zephyr/drivers/gpio/libdrivers__gpio.a(gpio_stm32.c.obj)
                0x0000000008005754                __device_dts_ord_79
                0x0000000008005770                __device_dts_ord_78
                0x000000000800578c                __device_dts_ord_77
                0x00000000080057a8                __device_dts_ord_38
                0x00000000080057c4                __device_dts_ord_76
                0x00000000080057e0                __device_dts_ord_41
 ._device.static.1_50_
                0x00000000080057fc       0x1c zephyr/drivers/serial/libdrivers__serial.a(uart_stm32.c.obj)
                0x00000000080057fc                __device_dts_ord_56
 ._device.static.3_50_
                0x0000000008005818       0x1c zephyr/drivers/adc/libdrivers__adc.a(adc_stm32.c.obj)
                0x0000000008005818                __device_dts_ord_14
 ._device.static.3_90_
                0x0000000008005834       0x1c zephyr/drivers/sensor/st/stm32_temp/libdrivers__sensor__st__stm32_temp.a(stm32_temp.c.obj)
                0x0000000008005834                __device_dts_ord_15
 ._device.static.3_90_
                0x0000000008005850       0x1c zephyr/drivers/sensor/st/stm32_vref/libdrivers__sensor__st__stm32_vref.a(stm32_vref.c.obj)
                0x0000000008005850                __device_dts_ord_28
 *(SORT_BY_NAME(SORT_BY_ALIGNMENT(._device.static.*_???_*)))
 *(SORT_BY_NAME(SORT_BY_ALIGNMENT(._device.static.*_????_*)))
 *(SORT_BY_NAME(SORT_BY_ALIGNMENT(._device.static.*_?????_*)))
                0x000000000800586c                _device_list_end = .

sw_isr_table    0x000000000800586c      0x100
                0x000000000800586c                . = ALIGN (0x4)
 *(SORT_BY_ALIGNMENT(.gnu.linkonce.sw_isr_table*))
 .gnu.linkonce.sw_isr_table
                0x000000000800586c      0x100 zephyr/arch/common/libisr_tables.a(isr_tables.c.obj)
                0x000000000800586c                _sw_isr_table

initlevel_error
                0x0000000008005670        0x0
 *(SORT_BY_NAME(SORT_BY_ALIGNMENT(.z_init_*)))
                0x0000000000000001                ASSERT ((SIZEOF (initlevel_error) == 0x0), Undefined initialization levels used.)

app_shmem_regions
                0x000000000800596c        0x0
                0x000000000800596c                __app_shmem_regions_start = .
 *(SORT_BY_NAME(SORT_BY_ALIGNMENT(.app_regions.*)))
                0x000000000800596c                __app_shmem_regions_end = .

k_p4wq_initparam_area
                0x000000000800596c        0x0
                0x000000000800596c                _k_p4wq_initparam_list_start = .
 *(SORT_BY_NAME(SORT_BY_ALIGNMENT(._k_p4wq_initparam.static.*)))
                0x000000000800596c                _k_p4wq_initparam_list_end = .

_static_thread_data_area
                0x000000000800596c        0x0
                0x000000000800596c                __static_thread_data_list_start = .
 *(SORT_BY_NAME(SORT_BY_ALIGNMENT(.__static_thread_data.static.*)))
                0x000000000800596c                __static_thread_data_list_end = .

device_deps     0x000000000800596c        0x0
                0x000000000800596c                __device_deps_start = .
 *(SORT_BY_NAME(SORT_BY_ALIGNMENT(.__device_deps_pass2*)))
                0x000000000800596c                __device_deps_end = .

adc_driver_api_area
                0x000000000800596c        0xc
                0x000000000800596c                _adc_driver_api_list_start = .
 *(SORT_BY_NAME(SORT_BY_ALIGNMENT(._adc_driver_api.static.*)))
 ._adc_driver_api.static.api_stm32_driver_api_
                0x000000000800596c        0xc zephyr/drivers/adc/libdrivers__adc.a(adc_stm32.c.obj)
                0x0000000008005978                _adc_driver_api_list_end = .

gpio_driver_api_area
                0x0000000008005978       0x24
                0x0000000008005978                _gpio_driver_api_list_start = .
 *(SORT_BY_NAME(SORT_BY_ALIGNMENT(._gpio_driver_api.static.*)))
 ._gpio_driver_api.static.gpio_stm32_driver_
                0x0000000008005978       0x24 zephyr/drivers/gpio/libdrivers__gpio.a(gpio_stm32.c.obj)
                0x000000000800599c                _gpio_driver_api_list_end = .

reset_driver_api_area
                0x000000000800599c       0x10
                0x000000000800599c                _reset_driver_api_list_start = .
 *(SORT_BY_NAME(SORT_BY_ALIGNMENT(._reset_driver_api.static.*)))
 ._reset_driver_api.static.reset_stm32_driver_api_
                0x000000000800599c       0x10 zephyr/drivers/reset/libdrivers__reset.a(reset_stm32.c.obj)
                0x00000000080059ac                _reset_driver_api_list_end = .

sensor_driver_api_area
                0x00000000080059ac       0x38
                0x00000000080059ac                _sensor_driver_api_list_start = .
 *(SORT_BY_NAME(SORT_BY_ALIGNMENT(._sensor_driver_api.static.*)))
 ._sensor_driver_api.static.stm32_temp_driver_api_
                0x00000000080059ac       0x1c zephyr/drivers/sensor/st/stm32_temp/libdrivers__sensor__st__stm32_temp.a(stm32_temp.c.obj)
 ._sensor_driver_api.static.stm32_vref_driver_api_
                0x00000000080059c8       0x1c zephyr/drivers/sensor/st/stm32_vref/libdrivers__sensor__st__stm32_vref.a(stm32_vref.c.obj)
                0x00000000080059e4                _sensor_driver_api_list_end = .

shared_irq_driver_api_area
                0x00000000080059e4        0x0
                0x00000000080059e4                _shared_irq_driver_api_list_start = .
 *(SORT_BY_NAME(SORT_BY_ALIGNMENT(._shared_irq_driver_api.static.*)))
                0x00000000080059e4                _shared_irq_driver_api_list_end = .

crypto_driver_api_area
                0x00000000080059e4        0x0
                0x00000000080059e4                _crypto_driver_api_list_start = .
 *(SORT_BY_NAME(SORT_BY_ALIGNMENT(._crypto_driver_api.static.*)))
                0x00000000080059e4                _crypto_driver_api_list_end = .

auxdisplay_driver_api_area
                0x00000000080059e4        0x0
                0x00000000080059e4                _auxdisplay_driver_api_list_start = .
 *(SORT_BY_NAME(SORT_BY_ALIGNMENT(._auxdisplay_driver_api.static.*)))
                0x00000000080059e4                _auxdisplay_driver_api_list_end = .

bbram_driver_api_area
                0x00000000080059e4        0x0
                0x00000000080059e4                _bbram_driver_api_list_start = .
 *(SORT_BY_NAME(SORT_BY_ALIGNMENT(._bbram_driver_api.static.*)))
                0x00000000080059e4                _bbram_driver_api_list_end = .

biometric_driver_api_area
                0x00000000080059e4        0x0
                0x00000000080059e4                _biometric_driver_api_list_start = .
 *(SORT_BY_NAME(SORT_BY_ALIGNMENT(._biometric_driver_api.static.*)))
                0x00000000080059e4                _biometric_driver_api_list_end = .

bt_hci_driver_api_area
                0x00000000080059e4        0x0
                0x00000000080059e4                _bt_hci_driver_api_list_start = .
 *(SORT_BY_NAME(SORT_BY_ALIGNMENT(._bt_hci_driver_api.static.*)))
                0x00000000080059e4                _bt_hci_driver_api_list_end = .

can_driver_api_area
                0x00000000080059e4        0x0
                0x00000000080059e4                _can_driver_api_list_start = .
 *(SORT_BY_NAME(SORT_BY_ALIGNMENT(._can_driver_api.static.*)))
                0x00000000080059e4                _can_driver_api_list_end = .

cellular_driver_api_area
                0x00000000080059e4        0x0
                0x00000000080059e4                _cellular_driver_api_list_start = .
 *(SORT_BY_NAME(SORT_BY_ALIGNMENT(._cellular_driver_api.static.*)))
                0x00000000080059e4                _cellular_driver_api_list_end = .

charger_driver_api_area
                0x00000000080059e4        0x0
                0x00000000080059e4                _charger_driver_api_list_start = .
 *(SORT_BY_NAME(SORT_BY_ALIGNMENT(._charger_driver_api.static.*)))
                0x00000000080059e4                _charger_driver_api_list_end = .

clock_control_driver_api_area
                0x00000000080059e4       0x1c
                0x00000000080059e4                _clock_control_driver_api_list_start = .
 *(SORT_BY_NAME(SORT_BY_ALIGNMENT(._clock_control_driver_api.static.*)))
 ._clock_control_driver_api.static.stm32_clock_control_api_
                0x00000000080059e4       0x1c zephyr/drivers/clock_control/libdrivers__clock_control.a(clock_stm32_ll_common.c.obj)
                0x0000000008005a00                _clock_control_driver_api_list_end = .

comparator_driver_api_area
                0x0000000008005a00        0x0
                0x0000000008005a00                _comparator_driver_api_list_start = .
 *(SORT_BY_NAME(SORT_BY_ALIGNMENT(._comparator_driver_api.static.*)))
                0x0000000008005a00                _comparator_driver_api_list_end = .

coredump_driver_api_area
                0x0000000008005a00        0x0
                0x0000000008005a00                _coredump_driver_api_list_start = .
 *(SORT_BY_NAME(SORT_BY_ALIGNMENT(._coredump_driver_api.static.*)))
                0x0000000008005a00                _coredump_driver_api_list_end = .

counter_driver_api_area
                0x0000000008005a00        0x0
                0x0000000008005a00                _counter_driver_api_list_start = .
 *(SORT_BY_NAME(SORT_BY_ALIGNMENT(._counter_driver_api.static.*)))
                0x0000000008005a00                _counter_driver_api_list_end = .

crc_driver_api_area
                0x0000000008005a00        0x0
                0x0000000008005a00                _crc_driver_api_list_start = .
 *(SORT_BY_NAME(SORT_BY_ALIGNMENT(._crc_driver_api.static.*)))
                0x0000000008005a00                _crc_driver_api_list_end = .

dac_driver_api_area
                0x0000000008005a00        0x0
                0x0000000008005a00                _dac_driver_api_list_start = .
 *(SORT_BY_NAME(SORT_BY_ALIGNMENT(._dac_driver_api.static.*)))
                0x0000000008005a00                _dac_driver_api_list_end = .

dai_driver_api_area
                0x0000000008005a00        0x0
                0x0000000008005a00                _dai_driver_api_list_start = .
 *(SORT_BY_NAME(SORT_BY_ALIGNMENT(._dai_driver_api.static.*)))
                0x0000000008005a00                _dai_driver_api_list_end = .

display_driver_api_area
                0x0000000008005a00        0x0
                0x0000000008005a00                _display_driver_api_list_start = .
 *(SORT_BY_NAME(SORT_BY_ALIGNMENT(._display_driver_api.static.*)))
                0x0000000008005a00                _display_driver_api_list_end = .

dma_driver_api_area
                0x0000000008005a00        0x0
                0x0000000008005a00                _dma_driver_api_list_start = .
 *(SORT_BY_NAME(SORT_BY_ALIGNMENT(._dma_driver_api.static.*)))
                0x0000000008005a00                _dma_driver_api_list_end = .

edac_driver_api_area
                0x0000000008005a00        0x0
                0x0000000008005a00                _edac_driver_api_list_start = .
 *(SORT_BY_NAME(SORT_BY_ALIGNMENT(._edac_driver_api.static.*)))
                0x0000000008005a00                _edac_driver_api_list_end = .

eeprom_driver_api_area
                0x0000000008005a00        0x0
                0x0000000008005a00                _eeprom_driver_api_list_start = .
 *(SORT_BY_NAME(SORT_BY_ALIGNMENT(._eeprom_driver_api.static.*)))
                0x0000000008005a00                _eeprom_driver_api_list_end = .

emul_bbram_driver_api_area
                0x0000000008005a00        0x0
                0x0000000008005a00                _emul_bbram_driver_api_list_start = .
 *(SORT_BY_NAME(SORT_BY_ALIGNMENT(._emul_bbram_driver_api.static.*)))
                0x0000000008005a00                _emul_bbram_driver_api_list_end = .

fuel_gauge_emul_driver_api_area
                0x0000000008005a00        0x0
                0x0000000008005a00                _fuel_gauge_emul_driver_api_list_start = .
 *(SORT_BY_NAME(SORT_BY_ALIGNMENT(._fuel_gauge_emul_driver_api.static.*)))
                0x0000000008005a00                _fuel_gauge_emul_driver_api_list_end = .

emul_sensor_driver_api_area
                0x0000000008005a00        0x0
                0x0000000008005a00                _emul_sensor_driver_api_list_start = .
 *(SORT_BY_NAME(SORT_BY_ALIGNMENT(._emul_sensor_driver_api.static.*)))
                0x0000000008005a00                _emul_sensor_driver_api_list_end = .

entropy_driver_api_area
                0x0000000008005a00        0x0
                0x0000000008005a00                _entropy_driver_api_list_start = .
 *(SORT_BY_NAME(SORT_BY_ALIGNMENT(._entropy_driver_api.static.*)))
                0x0000000008005a00                _entropy_driver_api_list_end = .

espi_driver_api_area
                0x0000000008005a00        0x0
                0x0000000008005a00                _espi_driver_api_list_start = .
 *(SORT_BY_NAME(SORT_BY_ALIGNMENT(._espi_driver_api.static.*)))
                0x0000000008005a00                _espi_driver_api_list_end = .

espi_saf_driver_api_area
                0x0000000008005a00        0x0
                0x0000000008005a00                _espi_saf_driver_api_list_start = .
 *(SORT_BY_NAME(SORT_BY_ALIGNMENT(._espi_saf_driver_api.static.*)))
                0x0000000008005a00                _espi_saf_driver_api_list_end = .

flash_driver_api_area
                0x0000000008005a00        0x0
                0x0000000008005a00                _flash_driver_api_list_start = .
 *(SORT_BY_NAME(SORT_BY_ALIGNMENT(._flash_driver_api.static.*)))
                0x0000000008005a00                _flash_driver_api_list_end = .

fpga_driver_api_area
                0x0000000008005a00        0x0
                0x0000000008005a00                _fpga_driver_api_list_start = .
 *(SORT_BY_NAME(SORT_BY_ALIGNMENT(._fpga_driver_api.static.*)))
                0x0000000008005a00                _fpga_driver_api_list_end = .

fuel_gauge_driver_api_area
                0x0000000008005a00        0x0
                0x0000000008005a00                _fuel_gauge_driver_api_list_start = .
 *(SORT_BY_NAME(SORT_BY_ALIGNMENT(._fuel_gauge_driver_api.static.*)))
                0x0000000008005a00                _fuel_gauge_driver_api_list_end = .

gnss_driver_api_area
                0x0000000008005a00        0x0
                0x0000000008005a00                _gnss_driver_api_list_start = .
 *(SORT_BY_NAME(SORT_BY_ALIGNMENT(._gnss_driver_api.static.*)))
                0x0000000008005a00                _gnss_driver_api_list_end = .

haptics_driver_api_area
                0x0000000008005a00        0x0
                0x0000000008005a00                _haptics_driver_api_list_start = .
 *(SORT_BY_NAME(SORT_BY_ALIGNMENT(._haptics_driver_api.static.*)))
                0x0000000008005a00                _haptics_driver_api_list_end = .

hwspinlock_driver_api_area
                0x0000000008005a00        0x0
                0x0000000008005a00                _hwspinlock_driver_api_list_start = .
 *(SORT_BY_NAME(SORT_BY_ALIGNMENT(._hwspinlock_driver_api.static.*)))
                0x0000000008005a00                _hwspinlock_driver_api_list_end = .

i2c_driver_api_area
                0x0000000008005a00        0x0
                0x0000000008005a00                _i2c_driver_api_list_start = .
 *(SORT_BY_NAME(SORT_BY_ALIGNMENT(._i2c_driver_api.static.*)))
                0x0000000008005a00                _i2c_driver_api_list_end = .

i2c_target_driver_api_area
                0x0000000008005a00        0x0
                0x0000000008005a00                _i2c_target_driver_api_list_start = .
 *(SORT_BY_NAME(SORT_BY_ALIGNMENT(._i2c_target_driver_api.static.*)))
                0x0000000008005a00                _i2c_target_driver_api_list_end = .

i2s_driver_api_area
                0x0000000008005a00        0x0
                0x0000000008005a00                _i2s_driver_api_list_start = .
 *(SORT_BY_NAME(SORT_BY_ALIGNMENT(._i2s_driver_api.static.*)))
                0x0000000008005a00                _i2s_driver_api_list_end = .

i3c_driver_api_area
                0x0000000008005a00        0x0
                0x0000000008005a00                _i3c_driver_api_list_start = .
 *(SORT_BY_NAME(SORT_BY_ALIGNMENT(._i3c_driver_api.static.*)))
                0x0000000008005a00                _i3c_driver_api_list_end = .

ipm_driver_api_area
                0x0000000008005a00        0x0
                0x0000000008005a00                _ipm_driver_api_list_start = .
 *(SORT_BY_NAME(SORT_BY_ALIGNMENT(._ipm_driver_api.static.*)))
                0x0000000008005a00                _ipm_driver_api_list_end = .

led_driver_api_area
                0x0000000008005a00        0x0
                0x0000000008005a00                _led_driver_api_list_start = .
 *(SORT_BY_NAME(SORT_BY_ALIGNMENT(._led_driver_api.static.*)))
                0x0000000008005a00                _led_driver_api_list_end = .

led_strip_driver_api_area
                0x0000000008005a00        0x0
                0x0000000008005a00                _led_strip_driver_api_list_start = .
 *(SORT_BY_NAME(SORT_BY_ALIGNMENT(._led_strip_driver_api.static.*)))
                0x0000000008005a00                _led_strip_driver_api_list_end = .

lora_driver_api_area
                0x0000000008005a00        0x0
                0x0000000008005a00                _lora_driver_api_list_start = .
 *(SORT_BY_NAME(SORT_BY_ALIGNMENT(._lora_driver_api.static.*)))
                0x0000000008005a00                _lora_driver_api_list_end = .

mbox_driver_api_area
                0x0000000008005a00        0x0
                0x0000000008005a00                _mbox_driver_api_list_start = .
 *(SORT_BY_NAME(SORT_BY_ALIGNMENT(._mbox_driver_api.static.*)))
                0x0000000008005a00                _mbox_driver_api_list_end = .

mdio_driver_api_area
                0x0000000008005a00        0x0
                0x0000000008005a00                _mdio_driver_api_list_start = .
 *(SORT_BY_NAME(SORT_BY_ALIGNMENT(._mdio_driver_api.static.*)))
                0x0000000008005a00                _mdio_driver_api_list_end = .

mipi_dbi_driver_api_area
                0x0000000008005a00        0x0
                0x0000000008005a00                _mipi_dbi_driver_api_list_start = .
 *(SORT_BY_NAME(SORT_BY_ALIGNMENT(._mipi_dbi_driver_api.static.*)))
                0x0000000008005a00                _mipi_dbi_driver_api_list_end = .

mipi_dsi_driver_api_area
                0x0000000008005a00        0x0
                0x0000000008005a00                _mipi_dsi_driver_api_list_start = .
 *(SORT_BY_NAME(SORT_BY_ALIGNMENT(._mipi_dsi_driver_api.static.*)))
                0x0000000008005a00                _mipi_dsi_driver_api_list_end = .

mspi_driver_api_area
                0x0000000008005a00        0x0
                0x0000000008005a00                _mspi_driver_api_list_start = .
 *(SORT_BY_NAME(SORT_BY_ALIGNMENT(._mspi_driver_api.static.*)))
                0x0000000008005a00                _mspi_driver_api_list_end = .

opamp_driver_api_area
                0x0000000008005a00        0x0
                0x0000000008005a00                _opamp_driver_api_list_start = .
 *(SORT_BY_NAME(SORT_BY_ALIGNMENT(._opamp_driver_api.static.*)))
                0x0000000008005a00                _opamp_driver_api_list_end = .

otp_driver_api_area
                0x0000000008005a00        0x0
                0x0000000008005a00                _otp_driver_api_list_start = .
 *(SORT_BY_NAME(SORT_BY_ALIGNMENT(._otp_driver_api.static.*)))
                0x0000000008005a00                _otp_driver_api_list_end = .

peci_driver_api_area
                0x0000000008005a00        0x0
                0x0000000008005a00                _peci_driver_api_list_start = .
 *(SORT_BY_NAME(SORT_BY_ALIGNMENT(._peci_driver_api.static.*)))
                0x0000000008005a00                _peci_driver_api_list_end = .

ps2_driver_api_area
                0x0000000008005a00        0x0
                0x0000000008005a00                _ps2_driver_api_list_start = .
 *(SORT_BY_NAME(SORT_BY_ALIGNMENT(._ps2_driver_api.static.*)))
                0x0000000008005a00                _ps2_driver_api_list_end = .

ptp_clock_driver_api_area
                0x0000000008005a00        0x0
                0x0000000008005a00                _ptp_clock_driver_api_list_start = .
 *(SORT_BY_NAME(SORT_BY_ALIGNMENT(._ptp_clock_driver_api.static.*)))
                0x0000000008005a00                _ptp_clock_driver_api_list_end = .

pwm_driver_api_area
                0x0000000008005a00        0x0
                0x0000000008005a00                _pwm_driver_api_list_start = .
 *(SORT_BY_NAME(SORT_BY_ALIGNMENT(._pwm_driver_api.static.*)))
                0x0000000008005a00                _pwm_driver_api_list_end = .

regulator_parent_driver_api_area
                0x0000000008005a00        0x0
                0x0000000008005a00                _regulator_parent_driver_api_list_start = .
 *(SORT_BY_NAME(SORT_BY_ALIGNMENT(._regulator_parent_driver_api.static.*)))
                0x0000000008005a00                _regulator_parent_driver_api_list_end = .

regulator_driver_api_area
                0x0000000008005a00        0x0
                0x0000000008005a00                _regulator_driver_api_list_start = .
 *(SORT_BY_NAME(SORT_BY_ALIGNMENT(._regulator_driver_api.static.*)))
                0x0000000008005a00                _regulator_driver_api_list_end = .

retained_mem_driver_api_area
                0x0000000008005a00        0x0
                0x0000000008005a00                _retained_mem_driver_api_list_start = .
 *(SORT_BY_NAME(SORT_BY_ALIGNMENT(._retained_mem_driver_api.static.*)))
                0x0000000008005a00                _retained_mem_driver_api_list_end = .

rtc_driver_api_area
                0x0000000008005a00        0x0
                0x0000000008005a00                _rtc_driver_api_list_start = .
 *(SORT_BY_NAME(SORT_BY_ALIGNMENT(._rtc_driver_api.static.*)))
                0x0000000008005a00                _rtc_driver_api_list_end = .

sdhc_driver_api_area
                0x0000000008005a00        0x0
                0x0000000008005a00                _sdhc_driver_api_list_start = .
 *(SORT_BY_NAME(SORT_BY_ALIGNMENT(._sdhc_driver_api.static.*)))
                0x0000000008005a00                _sdhc_driver_api_list_end = .

smbus_driver_api_area
                0x0000000008005a00        0x0
                0x0000000008005a00                _smbus_driver_api_list_start = .
 *(SORT_BY_NAME(SORT_BY_ALIGNMENT(._smbus_driver_api.static.*)))
                0x0000000008005a00                _smbus_driver_api_list_end = .

spi_driver_api_area
                0x0000000008005a00        0x0
                0x0000000008005a00                _spi_driver_api_list_start = .
 *(SORT_BY_NAME(SORT_BY_ALIGNMENT(._spi_driver_api.static.*)))
                0x0000000008005a00                _spi_driver_api_list_end = .

stepper_driver_api_area
                0x0000000008005a00        0x0
                0x0000000008005a00                _stepper_driver_api_list_start = .
 *(SORT_BY_NAME(SORT_BY_ALIGNMENT(._stepper_driver_api.static.*)))
                0x0000000008005a00                _stepper_driver_api_list_end = .

stepper_drv_driver_api_area
                0x0000000008005a00        0x0
                0x0000000008005a00                _stepper_drv_driver_api_list_start = .
 *(SORT_BY_NAME(SORT_BY_ALIGNMENT(._stepper_drv_driver_api.static.*)))
                0x0000000008005a00                _stepper_drv_driver_api_list_end = .

syscon_driver_api_area
                0x0000000008005a00        0x0
                0x0000000008005a00                _syscon_driver_api_list_start = .
 *(SORT_BY_NAME(SORT_BY_ALIGNMENT(._syscon_driver_api.static.*)))
                0x0000000008005a00                _syscon_driver_api_list_end = .

tee_driver_api_area
                0x0000000008005a00        0x0
                0x0000000008005a00                _tee_driver_api_list_start = .
 *(SORT_BY_NAME(SORT_BY_ALIGNMENT(._tee_driver_api.static.*)))
                0x0000000008005a00                _tee_driver_api_list_end = .

video_driver_api_area
                0x0000000008005a00        0x0
                0x0000000008005a00                _video_driver_api_list_start = .
 *(SORT_BY_NAME(SORT_BY_ALIGNMENT(._video_driver_api.static.*)))
                0x0000000008005a00                _video_driver_api_list_end = .

virtio_driver_api_area
                0x0000000008005a00        0x0
                0x0000000008005a00                _virtio_driver_api_list_start = .
 *(SORT_BY_NAME(SORT_BY_ALIGNMENT(._virtio_driver_api.static.*)))
                0x0000000008005a00                _virtio_driver_api_list_end = .

w1_driver_api_area
                0x0000000008005a00        0x0
                0x0000000008005a00                _w1_driver_api_list_start = .
 *(SORT_BY_NAME(SORT_BY_ALIGNMENT(._w1_driver_api.static.*)))
                0x0000000008005a00                _w1_driver_api_list_end = .

wdt_driver_api_area
                0x0000000008005a00        0x0
                0x0000000008005a00                _wdt_driver_api_list_start = .
 *(SORT_BY_NAME(SORT_BY_ALIGNMENT(._wdt_driver_api.static.*)))
                0x0000000008005a00                _wdt_driver_api_list_end = .

can_transceiver_driver_api_area
                0x0000000008005a00        0x0
                0x0000000008005a00                _can_transceiver_driver_api_list_start = .
 *(SORT_BY_NAME(SORT_BY_ALIGNMENT(._can_transceiver_driver_api.static.*)))
                0x0000000008005a00                _can_transceiver_driver_api_list_end = .

nrf_clock_control_driver_api_area
                0x0000000008005a00        0x0
                0x0000000008005a00                _nrf_clock_control_driver_api_list_start = .
 *(SORT_BY_NAME(SORT_BY_ALIGNMENT(._nrf_clock_control_driver_api.static.*)))
                0x0000000008005a00                _nrf_clock_control_driver_api_list_end = .

i3c_target_driver_api_area
                0x0000000008005a00        0x0
                0x0000000008005a00                _i3c_target_driver_api_list_start = .
 *(SORT_BY_NAME(SORT_BY_ALIGNMENT(._i3c_target_driver_api.static.*)))
                0x0000000008005a00                _i3c_target_driver_api_list_end = .

its_driver_api_area
                0x0000000008005a00        0x0
                0x0000000008005a00                _its_driver_api_list_start = .
 *(SORT_BY_NAME(SORT_BY_ALIGNMENT(._its_driver_api.static.*)))
                0x0000000008005a00                _its_driver_api_list_end = .

vtd_driver_api_area
                0x0000000008005a00        0x0
                0x0000000008005a00                _vtd_driver_api_list_start = .
 *(SORT_BY_NAME(SORT_BY_ALIGNMENT(._vtd_driver_api.static.*)))
                0x0000000008005a00                _vtd_driver_api_list_end = .

renesas_elc_driver_api_area
                0x0000000008005a00        0x0
                0x0000000008005a00                _renesas_elc_driver_api_list_start = .
 *(SORT_BY_NAME(SORT_BY_ALIGNMENT(._renesas_elc_driver_api.static.*)))
                0x0000000008005a00                _renesas_elc_driver_api_list_end = .

tgpio_driver_api_area
                0x0000000008005a00        0x0
                0x0000000008005a00                _tgpio_driver_api_list_start = .
 *(SORT_BY_NAME(SORT_BY_ALIGNMENT(._tgpio_driver_api.static.*)))
                0x0000000008005a00                _tgpio_driver_api_list_end = .

pcie_ctrl_driver_api_area
                0x0000000008005a00        0x0
                0x0000000008005a00                _pcie_ctrl_driver_api_list_start = .
 *(SORT_BY_NAME(SORT_BY_ALIGNMENT(._pcie_ctrl_driver_api.static.*)))
                0x0000000008005a00                _pcie_ctrl_driver_api_list_end = .

pcie_ep_driver_api_area
                0x0000000008005a00        0x0
                0x0000000008005a00                _pcie_ep_driver_api_list_start = .
 *(SORT_BY_NAME(SORT_BY_ALIGNMENT(._pcie_ep_driver_api.static.*)))
                0x0000000008005a00                _pcie_ep_driver_api_list_end = .

psi5_driver_api_area
                0x0000000008005a00        0x0
                0x0000000008005a00                _psi5_driver_api_list_start = .
 *(SORT_BY_NAME(SORT_BY_ALIGNMENT(._psi5_driver_api.static.*)))
                0x0000000008005a00                _psi5_driver_api_list_end = .

sent_driver_api_area
                0x0000000008005a00        0x0
                0x0000000008005a00                _sent_driver_api_list_start = .
 *(SORT_BY_NAME(SORT_BY_ALIGNMENT(._sent_driver_api.static.*)))
                0x0000000008005a00                _sent_driver_api_list_end = .

svc_driver_api_area
                0x0000000008005a00        0x0
                0x0000000008005a00                _svc_driver_api_list_start = .
 *(SORT_BY_NAME(SORT_BY_ALIGNMENT(._svc_driver_api.static.*)))
                0x0000000008005a00                _svc_driver_api_list_end = .

uart_driver_api_area
                0x0000000008005a00       0x4c
                0x0000000008005a00                _uart_driver_api_list_start = .
 *(SORT_BY_NAME(SORT_BY_ALIGNMENT(._uart_driver_api.static.*)))
 ._uart_driver_api.static.uart_stm32_driver_api_
                0x0000000008005a00       0x4c zephyr/drivers/serial/libdrivers__serial.a(uart_stm32.c.obj)
                0x0000000008005a4c                _uart_driver_api_list_end = .

bc12_emul_driver_api_area
                0x0000000008005a4c        0x0
                0x0000000008005a4c                _bc12_emul_driver_api_list_start = .
 *(SORT_BY_NAME(SORT_BY_ALIGNMENT(._bc12_emul_driver_api.static.*)))
                0x0000000008005a4c                _bc12_emul_driver_api_list_end = .

bc12_driver_api_area
                0x0000000008005a4c        0x0
                0x0000000008005a4c                _bc12_driver_api_list_start = .
 *(SORT_BY_NAME(SORT_BY_ALIGNMENT(._bc12_driver_api.static.*)))
                0x0000000008005a4c                _bc12_driver_api_list_end = .

usbc_ppc_driver_api_area
                0x0000000008005a4c        0x0
                0x0000000008005a4c                _usbc_ppc_driver_api_list_start = .
 *(SORT_BY_NAME(SORT_BY_ALIGNMENT(._usbc_ppc_driver_api.static.*)))
                0x0000000008005a4c                _usbc_ppc_driver_api_list_end = .

tcpc_driver_api_area
                0x0000000008005a4c        0x0
                0x0000000008005a4c                _tcpc_driver_api_list_start = .
 *(SORT_BY_NAME(SORT_BY_ALIGNMENT(._tcpc_driver_api.static.*)))
                0x0000000008005a4c                _tcpc_driver_api_list_end = .

usbc_vbus_driver_api_area
                0x0000000008005a4c        0x0
                0x0000000008005a4c                _usbc_vbus_driver_api_list_start = .
 *(SORT_BY_NAME(SORT_BY_ALIGNMENT(._usbc_vbus_driver_api.static.*)))
                0x0000000008005a4c                _usbc_vbus_driver_api_list_end = .

ivshmem_driver_api_area
                0x0000000008005a4c        0x0
                0x0000000008005a4c                _ivshmem_driver_api_list_start = .
 *(SORT_BY_NAME(SORT_BY_ALIGNMENT(._ivshmem_driver_api.static.*)))
                0x0000000008005a4c                _ivshmem_driver_api_list_end = .

ethphy_driver_api_area
                0x0000000008005a4c        0x0
                0x0000000008005a4c                _ethphy_driver_api_list_start = .
 *(SORT_BY_NAME(SORT_BY_ALIGNMENT(._ethphy_driver_api.static.*)))
                0x0000000008005a4c                _ethphy_driver_api_list_end = .

ztest           0x0000000008005a4c        0x0
                0x0000000008005a4c                _ztest_expected_result_entry_list_start = .
 *(SORT_BY_NAME(SORT_BY_ALIGNMENT(._ztest_expected_result_entry.static.*)))
                0x0000000008005a4c                _ztest_expected_result_entry_list_end = .
                0x0000000008005a4c                _ztest_suite_node_list_start = .
 *(SORT_BY_NAME(SORT_BY_ALIGNMENT(._ztest_suite_node.static.*)))
                0x0000000008005a4c                _ztest_suite_node_list_end = .
                0x0000000008005a4c                _ztest_unit_test_list_start = .
 *(SORT_BY_NAME(SORT_BY_ALIGNMENT(._ztest_unit_test.static.*)))
                0x0000000008005a4c                _ztest_unit_test_list_end = .
                0x0000000008005a4c                _ztest_test_rule_list_start = .
 *(SORT_BY_NAME(SORT_BY_ALIGNMENT(._ztest_test_rule.static.*)))
                0x0000000008005a4c                _ztest_test_rule_list_end = .

init_array      0x0000000008005a4c        0x0
                0x0000000008005a4c                __zephyr_init_array_start = .
 *(SORT_BY_INIT_PRIORITY(.init_array.*) SORT_BY_INIT_PRIORITY(.ctors.*))
 *(SORT_BY_ALIGNMENT(.init_array) SORT_BY_ALIGNMENT(.ctors))
                0x0000000008005a4c                __zephyr_init_array_end = .
                0x0000000000000001                ASSERT ((__zephyr_init_array_start == __zephyr_init_array_end), GNU-style constructors required but STATIC_INIT_GNU not enabled)

bt_l2cap_fixed_chan_area
                0x0000000008005a4c        0x0
                0x0000000008005a4c                _bt_l2cap_fixed_chan_list_start = .
 *(SORT_BY_NAME(SORT_BY_ALIGNMENT(._bt_l2cap_fixed_chan.static.*)))
                0x0000000008005a4c                _bt_l2cap_fixed_chan_list_end = .

bt_gatt_service_static_area
                0x0000000008005a4c        0x0
                0x0000000008005a4c                _bt_gatt_service_static_list_start = .
 *(SORT_BY_NAME(SORT_BY_ALIGNMENT(._bt_gatt_service_static.static.*)))
                0x0000000008005a4c                _bt_gatt_service_static_list_end = .

log_strings_area
                0x0000000008005a4c        0x0
                0x0000000008005a4c                _log_strings_list_start = .
 *(SORT_BY_NAME(SORT_BY_ALIGNMENT(._log_strings.static.*)))
                0x0000000008005a4c                _log_strings_list_end = .

log_stmesp_ptr_area
                0x0000000008005a4c        0x0
                0x0000000008005a4c                _log_stmesp_ptr_list_start = .
 *(SORT_BY_NAME(SORT_BY_ALIGNMENT(._log_stmesp_ptr.static.*)))
                0x0000000008005a4c                _log_stmesp_ptr_list_end = .

log_stmesp_str_area
                0x0000000008005a4c        0x0
                0x0000000008005a4c                _log_stmesp_str_list_start = .
 *(SORT_BY_NAME(SORT_BY_ALIGNMENT(._log_stmesp_str.static.*)))
                0x0000000008005a4c                _log_stmesp_str_list_end = .

log_const_area  0x0000000008005a4c        0x0
                0x0000000008005a4c                _log_const_list_start = .
 *(SORT_BY_NAME(SORT_BY_ALIGNMENT(._log_const.static.*)))
                0x0000000008005a4c                _log_const_list_end = .

log_backend_area
                0x0000000008005a4c        0x0
                0x0000000008005a4c                _log_backend_list_start = .
 *(SORT_BY_NAME(SORT_BY_ALIGNMENT(._log_backend.static.*)))
                0x0000000008005a4c                _log_backend_list_end = .

log_link_area   0x0000000008005a4c        0x0
                0x0000000008005a4c                _log_link_list_start = .
 *(SORT_BY_NAME(SORT_BY_ALIGNMENT(._log_link.static.*)))
                0x0000000008005a4c                _log_link_list_end = .

tracing_backend_area
                0x0000000008005a4c        0x0
                0x0000000008005a4c                _tracing_backend_list_start = .
 *(SORT_BY_NAME(SORT_BY_ALIGNMENT(._tracing_backend.static.*)))
                0x0000000008005a4c                _tracing_backend_list_end = .

zephyr_dbg_info
 *(SORT_BY_ALIGNMENT(.dbg_thread_info))

intc_table_area
                0x0000000008005a4c        0x0
                0x0000000008005a4c                _intc_table_list_start = .
 *(SORT_BY_NAME(SORT_BY_ALIGNMENT(._intc_table.static.*)))
                0x0000000008005a4c                _intc_table_list_end = .

symbol_to_keep  0x0000000008005a4c        0x0
                0x0000000008005a4c                __symbol_to_keep_start = .
 *(SORT_BY_NAME(SORT_BY_ALIGNMENT(.symbol_to_keep*)))
                0x0000000008005a4c                __symbol_to_keep_end = .

shell_area      0x0000000008005a4c        0x0
                0x0000000008005a4c                _shell_list_start = .
 *(SORT_BY_NAME(SORT_BY_ALIGNMENT(._shell.static.*)))
                0x0000000008005a4c                _shell_list_end = .

shell_root_cmds_area
                0x0000000008005a4c        0x0